../Core/Src/main.c:72:6:HAL_GPIO_EXTI_Callback	16	static
../Core/Src/main.c:93:6:HAL_TIM_PeriodElapsedCallback	16	static
../Core/Src/main.c:119:5:main	8	static
../Core/Src/main.c:178:6:SystemClock_Config	88	static
../Core/Src/main.c:225:13:MX_SPI1_Init	8	static
../Core/Src/main.c:265:13:MX_TIM16_Init	8	static
../Core/Src/main.c:297:13:MX_TIM17_Init	8	static
../Core/Src/main.c:327:13:MX_DMA_Init	16	static
../Core/Src/main.c:346:13:MX_GPIO_Init	48	static
../Core/Src/main.c:413:6:Error_Handler	4	static,ignoring_inline_asm
