../Core/Src/main.c:102:6:HAL_GPIO_EXTI_Callback	136	static
../Core/Src/main.c:154:6:HAL_TIM_PeriodElapsedCallback	184	static
../Core/Src/main.c:245:5:main	8	static
../Core/Src/main.c:305:6:SystemClock_Config	88	static
../Core/Src/main.c:352:13:MX_ADC1_Init	56	static
../Core/Src/main.c:438:13:MX_ADC2_Init	40	static
../Core/Src/main.c:497:13:MX_SPI1_Init	8	static
../Core/Src/main.c:537:13:MX_TIM1_Init	208	static
../Core/Src/main.c:703:13:MX_TIM16_Init	8	static
../Core/Src/main.c:735:13:MX_TIM17_Init	8	static
../Core/Src/main.c:767:13:MX_USART2_UART_Init	8	static
../Core/Src/main.c:813:13:MX_DMA_Init	24	static
../Core/Src/main.c:848:13:MX_GPIO_Init	48	static
../Core/Src/main.c:931:6:Error_Handler	4	static,ignoring_inline_asm
