../Core/Src/main.c:102:6:HAL_GPIO_EXTI_Callback	136	static
../Core/Src/main.c:154:6:HAL_TIM_PeriodElapsedCallback	184	static
../Core/Src/main.c:246:5:main	8	static
../Core/Src/main.c:306:6:SystemClock_Config	88	static
../Core/Src/main.c:353:13:MX_ADC1_Init	56	static
../Core/Src/main.c:439:13:MX_ADC2_Init	40	static
../Core/Src/main.c:498:13:MX_SPI1_Init	8	static
../Core/Src/main.c:538:13:MX_TIM1_Init	208	static
../Core/Src/main.c:695:13:MX_TIM16_Init	8	static
../Core/Src/main.c:727:13:MX_TIM17_Init	8	static
../Core/Src/main.c:759:13:MX_USART2_UART_Init	8	static
../Core/Src/main.c:805:13:MX_DMA_Init	24	static
../Core/Src/main.c:840:13:MX_GPIO_Init	48	static
../Core/Src/main.c:916:6:Error_Handler	4	static,ignoring_inline_asm
