../cg/Subsystem_hal.c:189:6:Subsystem_syncTimers	0	static
../cg/Subsystem_hal.c:195:6:Subsystem_background	0	static
../cg/Subsystem_hal.c:180:6:Subsystem_enableTasksInterrupt	8	static
../cg/Subsystem_hal.c:168:13:Tasks	8	static
../cg/Subsystem_hal.c:136:6:PLXHAL_DIO_get	0	static
../cg/Subsystem_hal.c:142:6:PLXHAL_DIO_set	0	static
../cg/Subsystem_hal.c:148:6:TIM3_IRQHandler	8	static
../cg/Subsystem_hal.c:157:6:Subsystem_checkOverrun	8	static
../cg/Subsystem_hal.c:201:6:Subsystem_initHal	208	static,ignoring_inline_asm
