../src/canbus_stm32g4xx.c:22:6:PLX_CANBUS_sinit	8	static
../src/canbus_stm32g4xx.c:31:21:PLX_CANBUS_init	0	static
../src/canbus_stm32g4xx.c:44:23:PLX_CANBUS_TxHeader_init	0	static
../src/canbus_stm32g4xx.c:57:6:PLX_CANBUS_configure	16	static,ignoring_inline_asm
../src/canbus_stm32g4xx.c:95:6:PLX_CANBUS_configureTxHeader	4	static
../src/canbus_stm32g4xx.c:101:22:PLX_CANBUS_getHandle	0	static
../src/canbus_stm32g4xx.c:107:6:PLX_CANBUS_start	8	static,ignoring_inline_asm
../src/canbus_stm32g4xx.c:116:6:PLX_CANBUS_setBusOn	0	static
../src/canbus_stm32g4xx.c:129:6:PLX_CANBUS_isBusOn	0	static
../src/canbus_stm32g4xx.c:142:6:PLX_CANBUS_putMessage	8	static
../src/canbus_stm32g4xx.c:157:6:PLX_CANBUS_getMessage	56	static
../src/canbus_stm32g4xx.c:195:10:PLX_CANBUS_getRxFifoFillLevel	0	static
../src/canbus_stm32g4xx.c:213:10:PLX_CANBUS_getRxCanId	0	static
../src/canbus_stm32g4xx.c:244:6:PLX_CANBUS_isErrorActive	0	static
