../Core/Src/main.c:110:6:HAL_GPIO_EXTI_Callback	136	static
../Core/Src/main.c:162:6:HAL_TIM_PeriodElapsedCallback	184	static
../Core/Src/main.c:253:5:main	8	static
../Core/Src/main.c:316:6:SystemClock_Config	88	static
../Core/Src/main.c:363:13:MX_ADC1_Init	56	static
../Core/Src/main.c:449:13:MX_ADC2_Init	40	static
../Core/Src/main.c:508:13:MX_SPI1_Init	8	static
../Core/Src/main.c:548:13:MX_TIM1_Init	224	static
../Core/Src/main.c:745:13:MX_TIM8_Init	224	static
../Core/Src/main.c:873:13:MX_TIM15_Init	40	static
../Core/Src/main.c:919:13:MX_TIM16_Init	8	static
../Core/Src/main.c:951:13:MX_TIM17_Init	8	static
../Core/Src/main.c:983:13:MX_TIM20_Init	120	static
../Core/Src/main.c:1065:13:MX_USART2_UART_Init	8	static
../Core/Src/main.c:1111:13:MX_DMA_Init	24	static
../Core/Src/main.c:1152:13:MX_GPIO_Init	48	static
../Core/Src/main.c:1235:6:Error_Handler	4	static,ignoring_inline_asm
