../Core/Src/main.c:106:6:HAL_GPIO_EXTI_Callback	136	static
../Core/Src/main.c:158:6:HAL_TIM_PeriodElapsedCallback	184	static
../Core/Src/main.c:249:5:main	8	static
../Core/Src/main.c:310:6:SystemClock_Config	88	static
../Core/Src/main.c:357:13:MX_ADC1_Init	56	static
../Core/Src/main.c:443:13:MX_ADC2_Init	40	static
../Core/Src/main.c:502:13:MX_SPI1_Init	8	static
../Core/Src/main.c:542:13:MX_TIM1_Init	208	static
../Core/Src/main.c:732:13:MX_TIM8_Init	208	static
../Core/Src/main.c:853:13:MX_TIM16_Init	8	static
../Core/Src/main.c:885:13:MX_TIM17_Init	8	static
../Core/Src/main.c:917:13:MX_USART2_UART_Init	8	static
../Core/Src/main.c:963:13:MX_DMA_Init	24	static
../Core/Src/main.c:1004:13:MX_GPIO_Init	48	static
../Core/Src/main.c:1087:6:Error_Handler	4	static,ignoring_inline_asm
