../Core/Src/ST7735.c:90:6:ST7735_Select	8	static
../Core/Src/ST7735.c:95:6:ST7735_Unselect	8	static
../Core/Src/ST7735.c:100:6:ST7735_Reset	8	static
../Core/Src/ST7735.c:107:8:ST7735_WriteCommand	16	static
../Core/Src/ST7735.c:122:6:ST7735_WriteData	16	static
../Core/Src/ST7735.c:137:6:DisplayInit	24	static
../Core/Src/ST7735.c:164:6:ST7735_SetAddressWindow	32	static
../Core/Src/ST7735.c:181:6:ST7735_Init	16	static
../Core/Src/ST7735.c:210:6:ST7735_SetRotation	24	static
../Core/Src/ST7735.c:270:6:ST7735_DrawPixel	24	static
../Core/Src/ST7735.c:283:6:ST7735_WriteChar	48	static
../Core/Src/ST7735.c:302:6:ST7735_WriteString	32	static
../Core/Src/ST7735.c:328:6:ST7735_FillRectangle	32	static
../Core/Src/ST7735.c:357:6:ST7735_DrawImage	24	static
../Core/Src/ST7735.c:368:6:ST7735_InvertColors	16	static
