../Core/Src/task_handler.c:34:6:enter_handler_state	32	static
../Core/Src/task_handler.c:75:6:exec_handler_state	16	static
../Core/Src/task_handler.c:112:6:leave_handler_state	16	static
../Core/Src/task_handler.c:138:6:handler_task	8	static
../Core/Src/task_handler.c:142:6:set_handler_state	16	static
../Core/Src/task_handler.c:149:9:get_handler_state	4	static
../Core/Src/task_handler.c:153:6:inc_handler_currentTime	16	static
../Core/Src/task_handler.c:157:13:get_adc_values	4	static
../Core/Src/task_handler.c:161:6:set_pwm_values	368	static
../Core/Src/task_handler.c:496:6:stopp_pwm	104	static
../Core/Src/task_handler.c:674:6:start_pwm	96	static
../Core/Src/task_handler.c:820:6:set_display	56	static
../Core/Src/task_handler.c:835:9:get_next_line	4	static
../Core/Src/task_handler.c:839:10:get_f0	4	static
../Core/Src/task_handler.c:843:7:get_A0	4	static
../Core/Src/task_handler.c:847:5:get_level	4	static
../Core/Src/task_handler.c:851:5:get_stufen	4	static
../Core/Src/task_handler.c:856:6:rotate	64	dynamic
../Core/Src/task_handler.c:887:6:flip	48	dynamic
