../Core/Src/main.c:108:6:HAL_GPIO_EXTI_Callback	136	static
../Core/Src/main.c:160:6:HAL_TIM_PeriodElapsedCallback	184	static
../Core/Src/main.c:251:5:main	8	static
../Core/Src/main.c:313:6:SystemClock_Config	88	static
../Core/Src/main.c:360:13:MX_ADC1_Init	56	static
../Core/Src/main.c:446:13:MX_ADC2_Init	40	static
../Core/Src/main.c:505:13:MX_SPI1_Init	8	static
../Core/Src/main.c:545:13:MX_TIM1_Init	208	static
../Core/Src/main.c:707:13:MX_TIM8_Init	224	static
../Core/Src/main.c:835:13:MX_TIM15_Init	104	static
../Core/Src/main.c:901:13:MX_TIM16_Init	8	static
../Core/Src/main.c:933:13:MX_TIM17_Init	8	static
../Core/Src/main.c:965:13:MX_USART2_UART_Init	8	static
../Core/Src/main.c:1011:13:MX_DMA_Init	24	static
../Core/Src/main.c:1052:13:MX_GPIO_Init	48	static
../Core/Src/main.c:1138:6:Error_Handler	4	static,ignoring_inline_asm
