../Core/Src/main.c:75:6:ADC_Select_CH1	40	static
../Core/Src/main.c:127:6:HAL_GPIO_EXTI_Callback	16	static
../Core/Src/main.c:155:6:HAL_TIM_PeriodElapsedCallback	56	static,ignoring_inline_asm
../Core/Src/main.c:197:6:print_ADC_values	4	static
../Core/Src/main.c:208:5:main	8	static
../Core/Src/main.c:269:6:SystemClock_Config	88	static
../Core/Src/main.c:316:13:MX_ADC1_Init	56	static
../Core/Src/main.c:384:13:MX_ADC2_Init	40	static
../Core/Src/main.c:443:13:MX_SPI1_Init	8	static
../Core/Src/main.c:483:13:MX_TIM16_Init	8	static
../Core/Src/main.c:515:13:MX_TIM17_Init	8	static
../Core/Src/main.c:547:13:MX_USART2_UART_Init	8	static
../Core/Src/main.c:595:13:MX_GPIO_Init	48	static
../Core/Src/main.c:677:6:Error_Handler	4	static,ignoring_inline_asm
