../Core/Src/main.c:78:6:HAL_GPIO_EXTI_Callback	1
../Core/Src/main.c:89:6:HAL_TIM_PeriodElapsedCallback	1
../Core/Src/main.c:102:5:main	3
../Core/Src/main.c:172:6:SystemClock_Config	3
../Core/Src/main.c:219:13:MX_SPI1_Init	2
../Core/Src/main.c:259:13:MX_TIM16_Init	2
../Core/Src/main.c:291:13:MX_TIM17_Init	2
../Core/Src/main.c:321:13:MX_DMA_Init	1
../Core/Src/main.c:340:13:MX_GPIO_Init	1
../Core/Src/main.c:415:6:button_is_pressed	9
../Core/Src/main.c:453:6:timer_timeout	5
../Core/Src/main.c:480:6:Error_Handler	1
