../Core/Src/main.c:75:6:ADC_Select_CH1	2
../Core/Src/main.c:127:6:HAL_GPIO_EXTI_Callback	7
../Core/Src/main.c:155:6:HAL_TIM_PeriodElapsedCallback	6
../Core/Src/main.c:197:6:print_ADC_values	1
../Core/Src/main.c:208:5:main	1
../Core/Src/main.c:269:6:SystemClock_Config	3
../Core/Src/main.c:316:13:MX_ADC1_Init	4
../Core/Src/main.c:384:13:MX_ADC2_Init	3
../Core/Src/main.c:443:13:MX_SPI1_Init	2
../Core/Src/main.c:483:13:MX_TIM16_Init	2
../Core/Src/main.c:515:13:MX_TIM17_Init	2
../Core/Src/main.c:547:13:MX_USART2_UART_Init	5
../Core/Src/main.c:595:13:MX_GPIO_Init	1
../Core/Src/main.c:677:6:Error_Handler	1
