../Core/Src/main.c:78:6:HAL_GPIO_EXTI_Callback	16	static
../Core/Src/main.c:89:6:HAL_TIM_PeriodElapsedCallback	16	static
../Core/Src/main.c:102:5:main	8	static
../Core/Src/main.c:172:6:SystemClock_Config	88	static
../Core/Src/main.c:219:13:MX_SPI1_Init	8	static
../Core/Src/main.c:259:13:MX_TIM16_Init	8	static
../Core/Src/main.c:291:13:MX_TIM17_Init	8	static
../Core/Src/main.c:321:13:MX_DMA_Init	16	static
../Core/Src/main.c:340:13:MX_GPIO_Init	48	static
../Core/Src/main.c:415:6:button_is_pressed	8	static
../Core/Src/main.c:453:6:timer_timeout	8	static
../Core/Src/main.c:480:6:Error_Handler	4	static,ignoring_inline_asm
