../Drivers/CMSIS/Include/core_cm4.h:2059:26:ITM_SendChar	16	static,ignoring_inline_asm
../Core/Src/main.c:111:6:HAL_GPIO_EXTI_Callback	16	static
../Core/Src/main.c:153:6:HAL_TIM_PeriodElapsedCallback	72	static
../Core/Src/main.c:214:5:_write	32	static
../Core/Src/main.c:230:5:main	8	static
../Core/Src/main.c:303:6:SystemClock_Config	88	static
../Core/Src/main.c:350:13:MX_ADC1_Init	56	static
../Core/Src/main.c:436:13:MX_ADC2_Init	40	static
../Core/Src/main.c:495:13:MX_TIM1_Init	120	static
../Core/Src/main.c:599:13:MX_TIM16_Init	8	static
../Core/Src/main.c:631:13:MX_TIM17_Init	8	static
../Core/Src/main.c:663:13:MX_USART2_UART_Init	8	static
../Core/Src/main.c:709:13:MX_DMA_Init	24	static
../Core/Src/main.c:738:13:MX_GPIO_Init	48	static
../Core/Src/main.c:817:6:Error_Handler	4	static,ignoring_inline_asm
