../Core/Src/main.c:73:6:HAL_GPIO_EXTI_Callback	16	static
../Core/Src/main.c:102:6:HAL_TIM_PeriodElapsedCallback	16	static
../Core/Src/main.c:134:5:main	8	static
../Core/Src/main.c:204:6:SystemClock_Config	88	static
../Core/Src/main.c:251:13:MX_SPI1_Init	8	static
../Core/Src/main.c:291:13:MX_TIM16_Init	8	static
../Core/Src/main.c:323:13:MX_TIM17_Init	8	static
../Core/Src/main.c:353:13:MX_DMA_Init	16	static
../Core/Src/main.c:372:13:MX_GPIO_Init	48	static
../Core/Src/main.c:436:6:Error_Handler	4	static,ignoring_inline_asm
