../Core/Src/main.c:72:6:HAL_GPIO_EXTI_Callback	16	static
../Core/Src/main.c:93:6:HAL_TIM_PeriodElapsedCallback	16	static
../Core/Src/main.c:119:5:main	8	static
../Core/Src/main.c:177:6:SystemClock_Config	88	static
../Core/Src/main.c:221:13:MX_SPI1_Init	8	static
../Core/Src/main.c:259:13:MX_TIM16_Init	8	static
../Core/Src/main.c:289:13:MX_TIM17_Init	8	static
../Core/Src/main.c:317:13:MX_DMA_Init	16	static
../Core/Src/main.c:335:13:MX_GPIO_Init	48	static
../Core/Src/main.c:399:6:Error_Handler	4	static,ignoring_inline_asm
