Archive member included to satisfy reference by file (symbol)

C:/ST/STM32CubeIDE_1.14.1/STM32CubeIDE/plugins/com.st.stm32cube.ide.mcu.externaltools.gnu-tools-for-stm32.12.3.rel1.win32_1.0.100.202403111256/tools/bin/../lib/gcc/arm-none-eabi/12.3.1/../../../../arm-none-eabi/lib/thumb/v7e-m+fp/hard\libc_nano.a(libc_a-exit.o)
                              C:/ST/STM32CubeIDE_1.14.1/STM32CubeIDE/plugins/com.st.stm32cube.ide.mcu.externaltools.gnu-tools-for-stm32.12.3.rel1.win32_1.0.100.202403111256/tools/bin/../lib/gcc/arm-none-eabi/12.3.1/../../../../arm-none-eabi/lib/thumb/v7e-m+fp/hard/crt0.o (exit)
C:/ST/STM32CubeIDE_1.14.1/STM32CubeIDE/plugins/com.st.stm32cube.ide.mcu.externaltools.gnu-tools-for-stm32.12.3.rel1.win32_1.0.100.202403111256/tools/bin/../lib/gcc/arm-none-eabi/12.3.1/../../../../arm-none-eabi/lib/thumb/v7e-m+fp/hard\libc_nano.a(libc_a-findfp.o)
                              C:/ST/STM32CubeIDE_1.14.1/STM32CubeIDE/plugins/com.st.stm32cube.ide.mcu.externaltools.gnu-tools-for-stm32.12.3.rel1.win32_1.0.100.202403111256/tools/bin/../lib/gcc/arm-none-eabi/12.3.1/../../../../arm-none-eabi/lib/thumb/v7e-m+fp/hard\libc_nano.a(libc_a-exit.o) (__stdio_exit_handler)
C:/ST/STM32CubeIDE_1.14.1/STM32CubeIDE/plugins/com.st.stm32cube.ide.mcu.externaltools.gnu-tools-for-stm32.12.3.rel1.win32_1.0.100.202403111256/tools/bin/../lib/gcc/arm-none-eabi/12.3.1/../../../../arm-none-eabi/lib/thumb/v7e-m+fp/hard\libc_nano.a(libc_a-fwalk.o)
                              C:/ST/STM32CubeIDE_1.14.1/STM32CubeIDE/plugins/com.st.stm32cube.ide.mcu.externaltools.gnu-tools-for-stm32.12.3.rel1.win32_1.0.100.202403111256/tools/bin/../lib/gcc/arm-none-eabi/12.3.1/../../../../arm-none-eabi/lib/thumb/v7e-m+fp/hard\libc_nano.a(libc_a-findfp.o) (_fwalk_sglue)
C:/ST/STM32CubeIDE_1.14.1/STM32CubeIDE/plugins/com.st.stm32cube.ide.mcu.externaltools.gnu-tools-for-stm32.12.3.rel1.win32_1.0.100.202403111256/tools/bin/../lib/gcc/arm-none-eabi/12.3.1/../../../../arm-none-eabi/lib/thumb/v7e-m+fp/hard\libc_nano.a(libc_a-stdio.o)
                              C:/ST/STM32CubeIDE_1.14.1/STM32CubeIDE/plugins/com.st.stm32cube.ide.mcu.externaltools.gnu-tools-for-stm32.12.3.rel1.win32_1.0.100.202403111256/tools/bin/../lib/gcc/arm-none-eabi/12.3.1/../../../../arm-none-eabi/lib/thumb/v7e-m+fp/hard\libc_nano.a(libc_a-findfp.o) (__sread)
C:/ST/STM32CubeIDE_1.14.1/STM32CubeIDE/plugins/com.st.stm32cube.ide.mcu.externaltools.gnu-tools-for-stm32.12.3.rel1.win32_1.0.100.202403111256/tools/bin/../lib/gcc/arm-none-eabi/12.3.1/../../../../arm-none-eabi/lib/thumb/v7e-m+fp/hard\libc_nano.a(libc_a-memset.o)
                              C:/ST/STM32CubeIDE_1.14.1/STM32CubeIDE/plugins/com.st.stm32cube.ide.mcu.externaltools.gnu-tools-for-stm32.12.3.rel1.win32_1.0.100.202403111256/tools/bin/../lib/gcc/arm-none-eabi/12.3.1/../../../../arm-none-eabi/lib/thumb/v7e-m+fp/hard/crt0.o (memset)
C:/ST/STM32CubeIDE_1.14.1/STM32CubeIDE/plugins/com.st.stm32cube.ide.mcu.externaltools.gnu-tools-for-stm32.12.3.rel1.win32_1.0.100.202403111256/tools/bin/../lib/gcc/arm-none-eabi/12.3.1/../../../../arm-none-eabi/lib/thumb/v7e-m+fp/hard\libc_nano.a(libc_a-closer.o)
                              C:/ST/STM32CubeIDE_1.14.1/STM32CubeIDE/plugins/com.st.stm32cube.ide.mcu.externaltools.gnu-tools-for-stm32.12.3.rel1.win32_1.0.100.202403111256/tools/bin/../lib/gcc/arm-none-eabi/12.3.1/../../../../arm-none-eabi/lib/thumb/v7e-m+fp/hard\libc_nano.a(libc_a-stdio.o) (_close_r)
C:/ST/STM32CubeIDE_1.14.1/STM32CubeIDE/plugins/com.st.stm32cube.ide.mcu.externaltools.gnu-tools-for-stm32.12.3.rel1.win32_1.0.100.202403111256/tools/bin/../lib/gcc/arm-none-eabi/12.3.1/../../../../arm-none-eabi/lib/thumb/v7e-m+fp/hard\libc_nano.a(libc_a-reent.o)
                              C:/ST/STM32CubeIDE_1.14.1/STM32CubeIDE/plugins/com.st.stm32cube.ide.mcu.externaltools.gnu-tools-for-stm32.12.3.rel1.win32_1.0.100.202403111256/tools/bin/../lib/gcc/arm-none-eabi/12.3.1/../../../../arm-none-eabi/lib/thumb/v7e-m+fp/hard\libc_nano.a(libc_a-closer.o) (errno)
C:/ST/STM32CubeIDE_1.14.1/STM32CubeIDE/plugins/com.st.stm32cube.ide.mcu.externaltools.gnu-tools-for-stm32.12.3.rel1.win32_1.0.100.202403111256/tools/bin/../lib/gcc/arm-none-eabi/12.3.1/../../../../arm-none-eabi/lib/thumb/v7e-m+fp/hard\libc_nano.a(libc_a-impure.o)
                              C:/ST/STM32CubeIDE_1.14.1/STM32CubeIDE/plugins/com.st.stm32cube.ide.mcu.externaltools.gnu-tools-for-stm32.12.3.rel1.win32_1.0.100.202403111256/tools/bin/../lib/gcc/arm-none-eabi/12.3.1/../../../../arm-none-eabi/lib/thumb/v7e-m+fp/hard\libc_nano.a(libc_a-reent.o) (_impure_ptr)
C:/ST/STM32CubeIDE_1.14.1/STM32CubeIDE/plugins/com.st.stm32cube.ide.mcu.externaltools.gnu-tools-for-stm32.12.3.rel1.win32_1.0.100.202403111256/tools/bin/../lib/gcc/arm-none-eabi/12.3.1/../../../../arm-none-eabi/lib/thumb/v7e-m+fp/hard\libc_nano.a(libc_a-lseekr.o)
[...]
Memory Configuration

Name             Origin             Length             Attributes
RAM              0x20000000         0x00020000         xrw
FLASH            0x08000000         0x00080000         xr
*default*        0x00000000         0xffffffff

Linker script and memory map

LOAD C:/ST/STM32CubeIDE_1.14.1/STM32CubeIDE/plugins/com.st.stm32cube.ide.mcu.externaltools.gnu-tools-for-stm32.12.3.rel1.win32_1.0.100.202403111256/tools/bin/../lib/gcc/arm-none-eabi/12.3.1/thumb/v7e-m+fp/hard/crti.o
LOAD C:/ST/STM32CubeIDE_1.14.1/STM32CubeIDE/plugins/com.st.stm32cube.ide.mcu.externaltools.gnu-tools-for-stm32.12.3.rel1.win32_1.0.100.202403111256/tools/bin/../lib/gcc/arm-none-eabi/12.3.1/thumb/v7e-m+fp/hard/crtbegin.o
LOAD C:/ST/STM32CubeIDE_1.14.1/STM32CubeIDE/plugins/com.st.stm32cube.ide.mcu.externaltools.gnu-tools-for-stm32.12.3.rel1.win32_1.0.100.202403111256/tools/bin/../lib/gcc/arm-none-eabi/12.3.1/../../../../arm-none-eabi/lib/thumb/v7e-m+fp/hard/crt0.o
LOAD ./Core/Src/GFX_FUNCTIONS.o
LOAD ./Core/Src/ST7735.o
LOAD ./Core/Src/fonts.o
LOAD ./Core/Src/main.o
LOAD ./Core/Src/stm32g4xx_hal_msp.o
LOAD ./Core/Src/stm32g4xx_it.o
LOAD ./Core/Src/syscalls.o
LOAD ./Core/Src/sysmem.o
LOAD ./Core/Src/system_stm32g4xx.o
LOAD ./Core/Src/task_handler.o
LOAD ./Core/Startup/startup_stm32g474retx.o
LOAD ./Drivers/STM32G4xx_HAL_Driver/Src/stm32g4xx_hal.o
LOAD ./Drivers/STM32G4xx_HAL_Driver/Src/stm32g4xx_hal_cortex.o
LOAD ./Drivers/STM32G4xx_HAL_Driver/Src/stm32g4xx_hal_dma.o
LOAD ./Drivers/STM32G4xx_HAL_Driver/Src/stm32g4xx_hal_dma_ex.o
LOAD ./Drivers/STM32G4xx_HAL_Driver/Src/stm32g4xx_hal_exti.o
LOAD ./Drivers/STM32G4xx_HAL_Driver/Src/stm32g4xx_hal_flash.o
LOAD ./Drivers/STM32G4xx_HAL_Driver/Src/stm32g4xx_hal_flash_ex.o
LOAD ./Drivers/STM32G4xx_HAL_Driver/Src/stm32g4xx_hal_flash_ramfunc.o
LOAD ./Drivers/STM32G4xx_HAL_Driver/Src/stm32g4xx_hal_gpio.o
LOAD ./Drivers/STM32G4xx_HAL_Driver/Src/stm32g4xx_hal_pwr.o
LOAD ./Drivers/STM32G4xx_HAL_Driver/Src/stm32g4xx_hal_pwr_ex.o
LOAD ./Drivers/STM32G4xx_HAL_Driver/Src/stm32g4xx_hal_rcc.o
LOAD ./Drivers/STM32G4xx_HAL_Driver/Src/stm32g4xx_hal_rcc_ex.o
LOAD ./Drivers/STM32G4xx_HAL_Driver/Src/stm32g4xx_hal_spi.o
LOAD ./Drivers/STM32G4xx_HAL_Driver/Src/stm32g4xx_hal_spi_ex.o
LOAD ./Drivers/STM32G4xx_HAL_Driver/Src/stm32g4xx_hal_tim.o
LOAD ./Drivers/STM32G4xx_HAL_Driver/Src/stm32g4xx_hal_tim_ex.o
START GROUP
LOAD C:/ST/STM32CubeIDE_1.14.1/STM32CubeIDE/plugins/com.st.stm32cube.ide.mcu.externaltools.gnu-tools-for-stm32.12.3.rel1.win32_1.0.100.202403111256/tools/bin/../lib/gcc/arm-none-eabi/12.3.1/../../../../arm-none-eabi/lib/thumb/v7e-m+fp/hard\libc_nano.a
LOAD C:/ST/STM32CubeIDE_1.14.1/STM32CubeIDE/plugins/com.st.stm32cube.ide.mcu.externaltools.gnu-tools-for-stm32.12.3.rel1.win32_1.0.100.202403111256/tools/bin/../lib/gcc/arm-none-eabi/12.3.1/../../../../arm-none-eabi/lib/thumb/v7e-m+fp/hard\libm.a
END GROUP
START GROUP
LOAD C:/ST/STM32CubeIDE_1.14.1/STM32CubeIDE/plugins/com.st.stm32cube.ide.mcu.externaltools.gnu-tools-for-stm32.12.3.rel1.win32_1.0.100.202403111256/tools/bin/../lib/gcc/arm-none-eabi/12.3.1/thumb/v7e-m+fp/hard\libgcc.a
LOAD C:/ST/STM32CubeIDE_1.14.1/STM32CubeIDE/plugins/com.st.stm32cube.ide.mcu.externaltools.gnu-tools-for-stm32.12.3.rel1.win32_1.0.100.202403111256/tools/bin/../lib/gcc/arm-none-eabi/12.3.1/../../../../arm-none-eabi/lib/thumb/v7e-m+fp/hard\libc_nano.a
END GROUP
START GROUP
LOAD C:/ST/STM32CubeIDE_1.14.1/STM32CubeIDE/plugins/com.st.stm32cube.ide.mcu.externaltools.gnu-tools-for-stm32.12.3.rel1.win32_1.0.100.202403111256/tools/bin/../lib/gcc/arm-none-eabi/12.3.1/thumb/v7e-m+fp/hard\libgcc.a
LOAD C:/ST/STM32CubeIDE_1.14.1/STM32CubeIDE/plugins/com.st.stm32cube.ide.mcu.externaltools.gnu-tools-for-stm32.12.3.rel1.win32_1.0.100.202403111256/tools/bin/../lib/gcc/arm-none-eabi/12.3.1/../../../../arm-none-eabi/lib/thumb/v7e-m+fp/hard\libc_nano.a
LOAD C:/ST/STM32CubeIDE_1.14.1/STM32CubeIDE/plugins/com.st.stm32cube.ide.mcu.externaltools.gnu-tools-for-stm32.12.3.rel1.win32_1.0.100.202403111256/tools/bin/../lib/gcc/arm-none-eabi/12.3.1/../../../../arm-none-eabi/lib/thumb/v7e-m+fp/hard\libnosys.a
END GROUP
START GROUP
LOAD C:/ST/STM32CubeIDE_1.14.1/STM32CubeIDE/plugins/com.st.stm32cube.ide.mcu.externaltools.gnu-tools-for-stm32.12.3.rel1.win32_1.0.100.202403111256/tools/bin/../lib/gcc/arm-none-eabi/12.3.1/thumb/v7e-m+fp/hard\libgcc.a
LOAD C:/ST/STM32CubeIDE_1.14.1/STM32CubeIDE/plugins/com.st.stm32cube.ide.mcu.externaltools.gnu-tools-for-stm32.12.3.rel1.win32_1.0.100.202403111256/tools/bin/../lib/gcc/arm-none-eabi/12.3.1/../../../../arm-none-eabi/lib/thumb/v7e-m+fp/hard\libc_nano.a
LOAD C:/ST/STM32CubeIDE_1.14.1/STM32CubeIDE/plugins/com.st.stm32cube.ide.mcu.externaltools.gnu-tools-for-stm32.12.3.rel1.win32_1.0.100.202403111256/tools/bin/../lib/gcc/arm-none-eabi/12.3.1/../../../../arm-none-eabi/lib/thumb/v7e-m+fp/hard\libnosys.a
END GROUP
LOAD C:/ST/STM32CubeIDE_1.14.1/STM32CubeIDE/plugins/com.st.stm32cube.ide.mcu.externaltools.gnu-tools-for-stm32.12.3.rel1.win32_1.0.100.202403111256/tools/bin/../lib/gcc/arm-none-eabi/12.3.1/thumb/v7e-m+fp/hard/crtend.o
LOAD C:/ST/STM32CubeIDE_1.14.1/STM32CubeIDE/plugins/com.st.stm32cube.ide.mcu.externaltools.gnu-tools-for-stm32.12.3.rel1.win32_1.0.100.202403111256/tools/bin/../lib/gcc/arm-none-eabi/12.3.1/thumb/v7e-m+fp/hard/crtn.o
                0x20020000                        _estack = (ORIGIN (RAM) + LENGTH (RAM))
                0x00000200                        _Min_Heap_Size = 0x200
                0x00000400                        _Min_Stack_Size = 0x400

.isr_vector     0x08000000      0x1d8
                0x08000000                        . = ALIGN (0x4)
 *(.isr_vector)
 .isr_vector    0x08000000      0x1d8 ./Core/Startup/startup_stm32g474retx.o
                0x08000000                g_pfnVectors
                0x080001d8                        . = ALIGN (0x4)

.text           0x080001d8     0x33ec
                0x080001d8                        . = ALIGN (0x4)
 *(.text)
 .text          0x080001d8       0x40 C:/ST/STM32CubeIDE_1.14.1/STM32CubeIDE/plugins/com.st.stm32cube.ide.mcu.externaltools.gnu-tools-for-stm32.12.3.rel1.win32_1.0.100.202403111256/tools/bin/../lib/gcc/arm-none-eabi/12.3.1/thumb/v7e-m+fp/hard/crtbegin.o
 *(.text*)
 .text.fillRect
                0x08000218       0x38 ./Core/Src/GFX_FUNCTIONS.o
                0x08000218                fillRect
 .text.fillScreen
                0x08000250       0x34 ./Core/Src/GFX_FUNCTIONS.o
                0x08000250                fillScreen
 .text.ST7735_Select
                0x08000284       0x16 ./Core/Src/ST7735.o
                0x08000284                ST7735_Select
 .text.ST7735_Unselect
                0x0800029a       0x16 ./Core/Src/ST7735.o
                0x0800029a                ST7735_Unselect
 .text.ST7735_Reset
                0x080002b0       0x26 ./Core/Src/ST7735.o
                0x080002b0                ST7735_Reset
 *fill*         0x080002d6        0x2 
 .text.ST7735_WriteCommand
                0x080002d8       0x34 ./Core/Src/ST7735.o
                0x080002d8                ST7735_WriteCommand
 .text.ST7735_WriteData
                0x0800030c       0x38 ./Core/Src/ST7735.o
                0x0800030c                ST7735_WriteData
 .text.DisplayInit
                0x08000344       0x92 ./Core/Src/ST7735.o
                0x08000344                DisplayInit
 *fill*         0x080003d6        0x2 
 .text.ST7735_SetAddressWindow
                0x080003d8       0x90 ./Core/Src/ST7735.o
                0x080003d8                ST7735_SetAddressWindow
 .text.ST7735_Init
                0x08000468       0x58 ./Core/Src/ST7735.o
                0x08000468                ST7735_Init
 .text.ST7735_SetRotation
                0x080004c0      0x100 ./Core/Src/ST7735.o
                0x080004c0                ST7735_SetRotation
 .text.ST7735_WriteChar
                0x080005c0       0xee ./Core/Src/ST7735.o
                0x080005c0                ST7735_WriteChar
 *fill*         0x080006ae        0x2 
 .text.ST7735_WriteString
                0x080006b0       0xa8 ./Core/Src/ST7735.o
                0x080006b0                ST7735_WriteString
 .text.ST7735_FillRectangle
                0x08000758      0x114 ./Core/Src/ST7735.o
                0x08000758                ST7735_FillRectangle
 .text.HAL_GPIO_EXTI_Callback
                0x0800086c       0x74 ./Core/Src/main.o
                0x0800086c                HAL_GPIO_EXTI_Callback
 .text.HAL_TIM_PeriodElapsedCallback
                0x080008e0       0x78 ./Core/Src/main.o
                0x080008e0                HAL_TIM_PeriodElapsedCallback
 .text.main     0x08000958       0x44 ./Core/Src/main.o
                0x08000958                main
 .text.SystemClock_Config
                0x0800099c       0x98 ./Core/Src/main.o
                0x0800099c                SystemClock_Config
 .text.MX_SPI1_Init
                0x08000a34       0x7c ./Core/Src/main.o
 .text.MX_TIM16_Init
                0x08000ab0       0x50 ./Core/Src/main.o
 .text.MX_TIM17_Init
                0x08000b00       0x50 ./Core/Src/main.o
 .text.MX_DMA_Init
                0x08000b50       0x54 ./Core/Src/main.o
 .text.MX_GPIO_Init
                0x08000ba4      0x134 ./Core/Src/main.o
 .text.Error_Handler
                0x08000cd8        0xc ./Core/Src/main.o
                0x08000cd8                Error_Handler
 .text.HAL_MspInit
                0x08000ce4       0x48 ./Core/Src/stm32g4xx_hal_msp.o
                0x08000ce4                HAL_MspInit
 .text.HAL_SPI_MspInit
                0x08000d2c       0xe0 ./Core/Src/stm32g4xx_hal_msp.o
                0x08000d2c                HAL_SPI_MspInit
 .text.HAL_TIM_Base_MspInit
                0x08000e0c       0x84 ./Core/Src/stm32g4xx_hal_msp.o
                0x08000e0c                HAL_TIM_Base_MspInit
 .text.NMI_Handler
                0x08000e90        0x8 ./Core/Src/stm32g4xx_it.o
                0x08000e90                NMI_Handler
 .text.HardFault_Handler
                0x08000e98        0x8 ./Core/Src/stm32g4xx_it.o
                0x08000e98                HardFault_Handler
 .text.MemManage_Handler
                0x08000ea0        0x8 ./Core/Src/stm32g4xx_it.o
                0x08000ea0                MemManage_Handler
 .text.BusFault_Handler
                0x08000ea8        0x8 ./Core/Src/stm32g4xx_it.o
                0x08000ea8                BusFault_Handler
 .text.UsageFault_Handler
                0x08000eb0        0x8 ./Core/Src/stm32g4xx_it.o
                0x08000eb0                UsageFault_Handler
 .text.SVC_Handler
                0x08000eb8        0xe ./Core/Src/stm32g4xx_it.o
                0x08000eb8                SVC_Handler
 .text.DebugMon_Handler
                0x08000ec6        0xe ./Core/Src/stm32g4xx_it.o
                0x08000ec6                DebugMon_Handler
 .text.PendSV_Handler
                0x08000ed4        0xe ./Core/Src/stm32g4xx_it.o
                0x08000ed4                PendSV_Handler
 .text.SysTick_Handler
                0x08000ee2        0xc ./Core/Src/stm32g4xx_it.o
                0x08000ee2                SysTick_Handler
 *fill*         0x08000eee        0x2 
 .text.DMA1_Channel1_IRQHandler
                0x08000ef0       0x14 ./Core/Src/stm32g4xx_it.o
                0x08000ef0                DMA1_Channel1_IRQHandler
 .text.TIM1_UP_TIM16_IRQHandler
                0x08000f04       0x14 ./Core/Src/stm32g4xx_it.o
                0x08000f04                TIM1_UP_TIM16_IRQHandler
 .text.TIM1_TRG_COM_TIM17_IRQHandler
                0x08000f18       0x14 ./Core/Src/stm32g4xx_it.o
                0x08000f18                TIM1_TRG_COM_TIM17_IRQHandler
 .text.EXTI15_10_IRQHandler
                0x08000f2c       0x10 ./Core/Src/stm32g4xx_it.o
                0x08000f2c                EXTI15_10_IRQHandler
 .text.SystemInit
                0x08000f3c       0x24 ./Core/Src/system_stm32g4xx.o
                0x08000f3c                SystemInit
 .text.enter_handler_state
                0x08000f60       0xd4 ./Core/Src/task_handler.o
                0x08000f60                enter_handler_state
 .text.exec_handler_state
                0x08001034       0x58 ./Core/Src/task_handler.o
                0x08001034                exec_handler_state
 .text.leave_handler_state
                0x0800108c       0x3c ./Core/Src/task_handler.o
                0x0800108c                leave_handler_state
 .text.handler_task
                0x080010c8       0x18 ./Core/Src/task_handler.o
                0x080010c8                handler_task
 .text.set_handler_state
                0x080010e0       0x3c ./Core/Src/task_handler.o
                0x080010e0                set_handler_state
 .text.inc_handler_currentTime
                0x0800111c       0x28 ./Core/Src/task_handler.o
                0x0800111c                inc_handler_currentTime
 .text.Reset_Handler
                0x08001144       0x50 ./Core/Startup/startup_stm32g474retx.o
                0x08001144                Reset_Handler
 .text.Default_Handler
                0x08001194        0x2 ./Core/Startup/startup_stm32g474retx.o
                0x08001194                RTC_Alarm_IRQHandler
                0x08001194                EXTI2_IRQHandler
                0x08001194                TIM8_TRG_COM_IRQHandler
                0x08001194                TIM8_CC_IRQHandler
                0x08001194                HRTIM1_Master_IRQHandler
                0x08001194                SPI4_IRQHandler
                0x08001194                FDCAN3_IT0_IRQHandler
                0x08001194                TIM1_CC_IRQHandler
                0x08001194                HRTIM1_FLT_IRQHandler
                0x08001194                HRTIM1_TIMF_IRQHandler
                0x08001194                USB_HP_IRQHandler
                0x08001194                CORDIC_IRQHandler
                0x08001194                HRTIM1_TIMD_IRQHandler
                0x08001194                DMA2_Channel8_IRQHandler
                0x08001194                EXTI3_IRQHandler
                0x08001194                I2C3_ER_IRQHandler
                0x08001194                EXTI0_IRQHandler
                0x08001194                I2C2_EV_IRQHandler
                0x08001194                FPU_IRQHandler
                0x08001194                FDCAN1_IT1_IRQHandler
                0x08001194                ADC1_2_IRQHandler
                0x08001194                HRTIM1_TIME_IRQHandler
                0x08001194                SPI1_IRQHandler
                0x08001194                TIM6_DAC_IRQHandler
                0x08001194                HRTIM1_TIMC_IRQHandler
                0x08001194                TIM8_UP_IRQHandler
                0x08001194                DMA2_Channel2_IRQHandler
                0x08001194                DMA1_Channel4_IRQHandler
                0x08001194                TIM20_TRG_COM_IRQHandler
                0x08001194                USART3_IRQHandler
                0x08001194                DMA1_Channel7_IRQHandler
                0x08001194                UART5_IRQHandler
                0x08001194                ADC3_IRQHandler
                0x08001194                TIM4_IRQHandler
                0x08001194                DMA2_Channel1_IRQHandler
                0x08001194                QUADSPI_IRQHandler
                0x08001194                I2C1_EV_IRQHandler
                0x08001194                DMA1_Channel6_IRQHandler
                0x08001194                UART4_IRQHandler
                0x08001194                DMA2_Channel4_IRQHandler
                0x08001194                TIM3_IRQHandler
                0x08001194                RCC_IRQHandler
                0x08001194                TIM20_UP_IRQHandler
                0x08001194                Default_Handler
                0x08001194                DMA2_Channel7_IRQHandler
                0x08001194                RTC_TAMP_LSECSS_IRQHandler
                0x08001194                FMAC_IRQHandler
                0x08001194                DMA1_Channel8_IRQHandler
                0x08001194                HRTIM1_TIMA_IRQHandler
                0x08001194                TIM7_DAC_IRQHandler
                0x08001194                FDCAN3_IT1_IRQHandler
                0x08001194                TIM5_IRQHandler
                0x08001194                UCPD1_IRQHandler
                0x08001194                I2C3_EV_IRQHandler
                0x08001194                EXTI9_5_IRQHandler
                0x08001194                RTC_WKUP_IRQHandler
                0x08001194                PVD_PVM_IRQHandler
                0x08001194                SPI2_IRQHandler
                0x08001194                ADC5_IRQHandler
                0x08001194                DMA2_Channel5_IRQHandler
                0x08001194                CRS_IRQHandler
                0x08001194                DMA1_Channel5_IRQHandler
                0x08001194                USB_LP_IRQHandler
                0x08001194                EXTI4_IRQHandler
                0x08001194                RNG_IRQHandler
                0x08001194                HRTIM1_TIMB_IRQHandler
                0x08001194                FDCAN2_IT1_IRQHandler
                0x08001194                DMA1_Channel3_IRQHandler
                0x08001194                ADC4_IRQHandler
                0x08001194                WWDG_IRQHandler
                0x08001194                I2C4_EV_IRQHandler
                0x08001194                FDCAN2_IT0_IRQHandler
                0x08001194                LPUART1_IRQHandler
                0x08001194                DMA2_Channel6_IRQHandler
                0x08001194                FDCAN1_IT0_IRQHandler
                0x08001194                TIM2_IRQHandler
                0x08001194                COMP7_IRQHandler
                0x08001194                COMP1_2_3_IRQHandler
                0x08001194                EXTI1_IRQHandler
                0x08001194                USART2_IRQHandler
                0x08001194                COMP4_5_6_IRQHandler
                0x08001194                TIM20_BRK_IRQHandler
                0x08001194                I2C2_ER_IRQHandler
                0x08001194                DMA1_Channel2_IRQHandler
                0x08001194                TIM8_BRK_IRQHandler
                0x08001194                FLASH_IRQHandler
                0x08001194                TIM20_CC_IRQHandler
                0x08001194                USART1_IRQHandler
                0x08001194                SPI3_IRQHandler
                0x08001194                I2C1_ER_IRQHandler
                0x08001194                FMC_IRQHandler
                0x08001194                LPTIM1_IRQHandler
                0x08001194                DMAMUX_OVR_IRQHandler
                0x08001194                I2C4_ER_IRQHandler
                0x08001194                USBWakeUp_IRQHandler
                0x08001194                SAI1_IRQHandler
                0x08001194                DMA2_Channel3_IRQHandler
                0x08001194                TIM1_BRK_TIM15_IRQHandler
 .text.HAL_Init
                0x08001196       0x30 ./Drivers/STM32G4xx_HAL_Driver/Src/stm32g4xx_hal.o
                0x08001196                HAL_Init
 *fill*         0x080011c6        0x2 
 .text.HAL_InitTick
                0x080011c8       0x74 ./Drivers/STM32G4xx_HAL_Driver/Src/stm32g4xx_hal.o
                0x080011c8                HAL_InitTick
 .text.HAL_IncTick
                0x0800123c       0x24 ./Drivers/STM32G4xx_HAL_Driver/Src/stm32g4xx_hal.o
                0x0800123c                HAL_IncTick
 .text.HAL_GetTick
                0x08001260       0x18 ./Drivers/STM32G4xx_HAL_Driver/Src/stm32g4xx_hal.o
                0x08001260                HAL_GetTick
 .text.HAL_Delay
                0x08001278       0x44 ./Drivers/STM32G4xx_HAL_Driver/Src/stm32g4xx_hal.o
                0x08001278                HAL_Delay
 .text.__NVIC_SetPriorityGrouping
                0x080012bc       0x48 ./Drivers/STM32G4xx_HAL_Driver/Src/stm32g4xx_hal_cortex.o
 .text.__NVIC_GetPriorityGrouping
                0x08001304       0x1c ./Drivers/STM32G4xx_HAL_Driver/Src/stm32g4xx_hal_cortex.o
 .text.__NVIC_EnableIRQ
                0x08001320       0x3c ./Drivers/STM32G4xx_HAL_Driver/Src/stm32g4xx_hal_cortex.o
 .text.__NVIC_SetPriority
                0x0800135c       0x54 ./Drivers/STM32G4xx_HAL_Driver/Src/stm32g4xx_hal_cortex.o
 .text.NVIC_EncodePriority
                0x080013b0       0x66 ./Drivers/STM32G4xx_HAL_Driver/Src/stm32g4xx_hal_cortex.o
 *fill*         0x08001416        0x2 
 .text.SysTick_Config
                0x08001418       0x44 ./Drivers/STM32G4xx_HAL_Driver/Src/stm32g4xx_hal_cortex.o
 .text.HAL_NVIC_SetPriorityGrouping
                0x0800145c       0x16 ./Drivers/STM32G4xx_HAL_Driver/Src/stm32g4xx_hal_cortex.o
                0x0800145c                HAL_NVIC_SetPriorityGrouping
 .text.HAL_NVIC_SetPriority
                0x08001472       0x34 ./Drivers/STM32G4xx_HAL_Driver/Src/stm32g4xx_hal_cortex.o
                0x08001472                HAL_NVIC_SetPriority
 .text.HAL_NVIC_EnableIRQ
                0x080014a6       0x1c ./Drivers/STM32G4xx_HAL_Driver/Src/stm32g4xx_hal_cortex.o
                0x080014a6                HAL_NVIC_EnableIRQ
 .text.HAL_SYSTICK_Config
                0x080014c2       0x18 ./Drivers/STM32G4xx_HAL_Driver/Src/stm32g4xx_hal_cortex.o
                0x080014c2                HAL_SYSTICK_Config
 *fill*         0x080014da        0x2 
 .text.HAL_DMA_Init
                0x080014dc      0x150 ./Drivers/STM32G4xx_HAL_Driver/Src/stm32g4xx_hal_dma.o
                0x080014dc                HAL_DMA_Init
 .text.HAL_DMA_IRQHandler
                0x0800162c      0x15e ./Drivers/STM32G4xx_HAL_Driver/Src/stm32g4xx_hal_dma.o
                0x0800162c                HAL_DMA_IRQHandler
 *fill*         0x0800178a        0x2 
 .text.DMA_CalcDMAMUXChannelBaseAndMask
                0x0800178c       0x7c ./Drivers/STM32G4xx_HAL_Driver/Src/stm32g4xx_hal_dma.o
 .text.DMA_CalcDMAMUXRequestGenBaseAndMask
                0x08001808       0x48 ./Drivers/STM32G4xx_HAL_Driver/Src/stm32g4xx_hal_dma.o
 .text.HAL_GPIO_Init
                0x08001850      0x304 ./Drivers/STM32G4xx_HAL_Driver/Src/stm32g4xx_hal_gpio.o
                0x08001850                HAL_GPIO_Init
 .text.HAL_GPIO_ReadPin
                0x08001b54       0x30 ./Drivers/STM32G4xx_HAL_Driver/Src/stm32g4xx_hal_gpio.o
                0x08001b54                HAL_GPIO_ReadPin
 .text.HAL_GPIO_WritePin
                0x08001b84       0x30 ./Drivers/STM32G4xx_HAL_Driver/Src/stm32g4xx_hal_gpio.o
                0x08001b84                HAL_GPIO_WritePin
 .text.HAL_GPIO_TogglePin
                0x08001bb4       0x34 ./Drivers/STM32G4xx_HAL_Driver/Src/stm32g4xx_hal_gpio.o
                0x08001bb4                HAL_GPIO_TogglePin
 .text.HAL_GPIO_EXTI_IRQHandler
                0x08001be8       0x30 ./Drivers/STM32G4xx_HAL_Driver/Src/stm32g4xx_hal_gpio.o
                0x08001be8                HAL_GPIO_EXTI_IRQHandler
 .text.HAL_PWREx_ControlVoltageScaling
                0x08001c18      0x148 ./Drivers/STM32G4xx_HAL_Driver/Src/stm32g4xx_hal_pwr_ex.o
                0x08001c18                HAL_PWREx_ControlVoltageScaling
 .text.HAL_PWREx_DisableUCPDDeadBattery
                0x08001d60       0x20 ./Drivers/STM32G4xx_HAL_Driver/Src/stm32g4xx_hal_pwr_ex.o
                0x08001d60                HAL_PWREx_DisableUCPDDeadBattery
 .text.HAL_RCC_OscConfig
                0x08001d80      0x624 ./Drivers/STM32G4xx_HAL_Driver/Src/stm32g4xx_hal_rcc.o
                0x08001d80                HAL_RCC_OscConfig
 .text.HAL_RCC_ClockConfig
                0x080023a4      0x278 ./Drivers/STM32G4xx_HAL_Driver/Src/stm32g4xx_hal_rcc.o
                0x080023a4                HAL_RCC_ClockConfig
 .text.HAL_RCC_GetSysClockFreq
                0x0800261c       0xc4 ./Drivers/STM32G4xx_HAL_Driver/Src/stm32g4xx_hal_rcc.o
                0x0800261c                HAL_RCC_GetSysClockFreq
 .text.RCC_GetSysClockFreqFromPLLSource
                0x080026e0       0x8c ./Drivers/STM32G4xx_HAL_Driver/Src/stm32g4xx_hal_rcc.o
 .text.HAL_SPI_Init
                0x0800276c      0x156 ./Drivers/STM32G4xx_HAL_Driver/Src/stm32g4xx_hal_spi.o
                0x0800276c                HAL_SPI_Init
 .text.HAL_SPI_Transmit
                0x080028c2      0x2ea ./Drivers/STM32G4xx_HAL_Driver/Src/stm32g4xx_hal_spi.o
                0x080028c2                HAL_SPI_Transmit
 .text.SPI_WaitFlagStateUntilTimeout
                0x08002bac      0x110 ./Drivers/STM32G4xx_HAL_Driver/Src/stm32g4xx_hal_spi.o
 .text.SPI_WaitFifoStateUntilTimeout
                0x08002cbc      0x12c ./Drivers/STM32G4xx_HAL_Driver/Src/stm32g4xx_hal_spi.o
 .text.SPI_EndRxTxTransaction
                0x08002de8       0x8c ./Drivers/STM32G4xx_HAL_Driver/Src/stm32g4xx_hal_spi.o
 .text.HAL_TIM_Base_Init
                0x08002e74       0xae ./Drivers/STM32G4xx_HAL_Driver/Src/stm32g4xx_hal_tim.o
                0x08002e74                HAL_TIM_Base_Init
 *fill*         0x08002f22        0x2 
 .text.HAL_TIM_Base_Start_IT
                0x08002f24       0xf0 ./Drivers/STM32G4xx_HAL_Driver/Src/stm32g4xx_hal_tim.o
                0x08002f24                HAL_TIM_Base_Start_IT
 .text.HAL_TIM_Base_Stop_IT
                0x08003014       0x5e ./Drivers/STM32G4xx_HAL_Driver/Src/stm32g4xx_hal_tim.o
                0x08003014                HAL_TIM_Base_Stop_IT
 .text.HAL_TIM_IRQHandler
                0x08003072      0x29e ./Drivers/STM32G4xx_HAL_Driver/Src/stm32g4xx_hal_tim.o
                0x08003072                HAL_TIM_IRQHandler
 .text.HAL_TIM_OC_DelayElapsedCallback
                0x08003310       0x14 ./Drivers/STM32G4xx_HAL_Driver/Src/stm32g4xx_hal_tim.o
                0x08003310                HAL_TIM_OC_DelayElapsedCallback
 .text.HAL_TIM_IC_CaptureCallback
                0x08003324       0x14 ./Drivers/STM32G4xx_HAL_Driver/Src/stm32g4xx_hal_tim.o
                0x08003324                HAL_TIM_IC_CaptureCallback
 .text.HAL_TIM_PWM_PulseFinishedCallback
                0x08003338       0x14 ./Drivers/STM32G4xx_HAL_Driver/Src/stm32g4xx_hal_tim.o
                0x08003338                HAL_TIM_PWM_PulseFinishedCallback
 .text.HAL_TIM_TriggerCallback
                0x0800334c       0x14 ./Drivers/STM32G4xx_HAL_Driver/Src/stm32g4xx_hal_tim.o
                0x0800334c                HAL_TIM_TriggerCallback
 .text.TIM_Base_SetConfig
                0x08003360      0x168 ./Drivers/STM32G4xx_HAL_Driver/Src/stm32g4xx_hal_tim.o
                0x08003360                TIM_Base_SetConfig
 .text.HAL_TIMEx_CommutCallback
                0x080034c8       0x14 ./Drivers/STM32G4xx_HAL_Driver/Src/stm32g4xx_hal_tim_ex.o
                0x080034c8                HAL_TIMEx_CommutCallback
 .text.HAL_TIMEx_BreakCallback
                0x080034dc       0x14 ./Drivers/STM32G4xx_HAL_Driver/Src/stm32g4xx_hal_tim_ex.o
                0x080034dc                HAL_TIMEx_BreakCallback
 .text.HAL_TIMEx_Break2Callback
                0x080034f0       0x14 ./Drivers/STM32G4xx_HAL_Driver/Src/stm32g4xx_hal_tim_ex.o
                0x080034f0                HAL_TIMEx_Break2Callback
 .text.HAL_TIMEx_EncoderIndexCallback
                0x08003504       0x14 ./Drivers/STM32G4xx_HAL_Driver/Src/stm32g4xx_hal_tim_ex.o
                0x08003504                HAL_TIMEx_EncoderIndexCallback
 .text.HAL_TIMEx_DirectionChangeCallback
                0x08003518       0x14 ./Drivers/STM32G4xx_HAL_Driver/Src/stm32g4xx_hal_tim_ex.o
                0x08003518                HAL_TIMEx_DirectionChangeCallback
 .text.HAL_TIMEx_IndexErrorCallback
                0x0800352c       0x14 ./Drivers/STM32G4xx_HAL_Driver/Src/stm32g4xx_hal_tim_ex.o
                0x0800352c                HAL_TIMEx_IndexErrorCallback
 .text.HAL_TIMEx_TransitionErrorCallback
                0x08003540       0x14 ./Drivers/STM32G4xx_HAL_Driver/Src/stm32g4xx_hal_tim_ex.o
                0x08003540                HAL_TIMEx_TransitionErrorCallback
 .text.memset   0x08003554       0x10 C:/ST/STM32CubeIDE_1.14.1/STM32CubeIDE/plugins/com.st.stm32cube.ide.mcu.externaltools.gnu-tools-for-stm32.12.3.rel1.win32_1.0.100.202403111256/tools/bin/../lib/gcc/arm-none-eabi/12.3.1/../../../../arm-none-eabi/lib/thumb/v7e-m+fp/hard\libc_nano.a(libc_a-memset.o)
                0x08003554                memset
 .text.__libc_init_array
                0x08003564       0x48 C:/ST/STM32CubeIDE_1.14.1/STM32CubeIDE/plugins/com.st.stm32cube.ide.mcu.externaltools.gnu-tools-for-stm32.12.3.rel1.win32_1.0.100.202403111256/tools/bin/../lib/gcc/arm-none-eabi/12.3.1/../../../../arm-none-eabi/lib/thumb/v7e-m+fp/hard\libc_nano.a(libc_a-init.o)
                0x08003564                __libc_init_array
 *(.glue_7)
 .glue_7        0x080035ac        0x0 linker stubs
 *(.glue_7t)
 .glue_7t       0x080035ac        0x0 linker stubs
 *(.eh_frame)
 .eh_frame      0x080035ac        0x0 C:/ST/STM32CubeIDE_1.14.1/STM32CubeIDE/plugins/com.st.stm32cube.ide.mcu.externaltools.gnu-tools-for-stm32.12.3.rel1.win32_1.0.100.202403111256/tools/bin/../lib/gcc/arm-none-eabi/12.3.1/thumb/v7e-m+fp/hard/crtbegin.o
 *(.init)
 .init          0x080035ac        0x4 C:/ST/STM32CubeIDE_1.14.1/STM32CubeIDE/plugins/com.st.stm32cube.ide.mcu.externaltools.gnu-tools-for-stm32.12.3.rel1.win32_1.0.100.202403111256/tools/bin/../lib/gcc/arm-none-eabi/12.3.1/thumb/v7e-m+fp/hard/crti.o
                0x080035ac                _init
 .init          0x080035b0        0x8 C:/ST/STM32CubeIDE_1.14.1/STM32CubeIDE/plugins/com.st.stm32cube.ide.mcu.externaltools.gnu-tools-for-stm32.12.3.rel1.win32_1.0.100.202403111256/tools/bin/../lib/gcc/arm-none-eabi/12.3.1/thumb/v7e-m+fp/hard/crtn.o
 *(.fini)
 .fini          0x080035b8        0x4 C:/ST/STM32CubeIDE_1.14.1/STM32CubeIDE/plugins/com.st.stm32cube.ide.mcu.externaltools.gnu-tools-for-stm32.12.3.rel1.win32_1.0.100.202403111256/tools/bin/../lib/gcc/arm-none-eabi/12.3.1/thumb/v7e-m+fp/hard/crti.o
                0x080035b8                _fini
 .fini          0x080035bc        0x8 C:/ST/STM32CubeIDE_1.14.1/STM32CubeIDE/plugins/com.st.stm32cube.ide.mcu.externaltools.gnu-tools-for-stm32.12.3.rel1.win32_1.0.100.202403111256/tools/bin/../lib/gcc/arm-none-eabi/12.3.1/thumb/v7e-m+fp/hard/crtn.o
                0x080035c4                        . = ALIGN (0x4)
                0x080035c4                        _etext = .

.vfp11_veneer   0x080035c4        0x0
 .vfp11_veneer  0x080035c4        0x0 linker stubs

.v4_bx          0x080035c4        0x0
 .v4_bx         0x080035c4        0x0 linker stubs

.iplt           0x080035c4        0x0
 .iplt          0x080035c4        0x0 C:/ST/STM32CubeIDE_1.14.1/STM32CubeIDE/plugins/com.st.stm32cube.ide.mcu.externaltools.gnu-tools-for-stm32.12.3.rel1.win32_1.0.100.202403111256/tools/bin/../lib/gcc/arm-none-eabi/12.3.1/thumb/v7e-m+fp/hard/crtbegin.o

.rodata         0x080035c4      0x81c
                0x080035c4                        . = ALIGN (0x4)
 *(.rodata)
 .rodata        0x080035c4       0x2c ./Core/Src/task_handler.o
 *(.rodata*)
 .rodata.init_cmds1
                0x080035f0       0x38 ./Core/Src/ST7735.o
                0x080035f0                init_cmds1
 .rodata.init_cmds2
                0x08003628        0xd ./Core/Src/ST7735.o
                0x08003628                init_cmds2
 *fill*         0x08003635        0x3 
 .rodata.init_cmds3
                0x08003638       0x2b ./Core/Src/ST7735.o
                0x08003638                init_cmds3
 *fill*         0x08003663        0x1 
 .rodata.Font7x10
                0x08003664      0x76c ./Core/Src/fonts.o
 .rodata.AHBPrescTable
                0x08003dd0       0x10 ./Core/Src/system_stm32g4xx.o
                0x08003dd0                AHBPrescTable
                0x08003de0                        . = ALIGN (0x4)

.rel.dyn        0x08003de0        0x0
 .rel.iplt      0x08003de0        0x0 C:/ST/STM32CubeIDE_1.14.1/STM32CubeIDE/plugins/com.st.stm32cube.ide.mcu.externaltools.gnu-tools-for-stm32.12.3.rel1.win32_1.0.100.202403111256/tools/bin/../lib/gcc/arm-none-eabi/12.3.1/thumb/v7e-m+fp/hard/crtbegin.o

.ARM.extab      0x08003de0        0x0
                0x08003de0                        . = ALIGN (0x4)
 *(.ARM.extab* .gnu.linkonce.armextab.*)
                0x08003de0                        . = ALIGN (0x4)

.ARM            0x08003de0        0x0
                0x08003de0                        . = ALIGN (0x4)
                0x08003de0                        __exidx_start = .
 *(.ARM.exidx*)
                0x08003de0                        __exidx_end = .
                0x08003de0                        . = ALIGN (0x4)

.preinit_array  0x08003de0        0x0
                0x08003de0                        . = ALIGN (0x4)
                0x08003de0                        PROVIDE (__preinit_array_start = .)
 *(.preinit_array*)
                0x08003de0                        PROVIDE (__preinit_array_end = .)
                0x08003de0                        . = ALIGN (0x4)

.init_array     0x08003de0        0x4
                0x08003de0                        . = ALIGN (0x4)
                0x08003de0                        PROVIDE (__init_array_start = .)
 *(SORT_BY_NAME(.init_array.*))
 *(.init_array*)
 .init_array    0x08003de0        0x4 C:/ST/STM32CubeIDE_1.14.1/STM32CubeIDE/plugins/com.st.stm32cube.ide.mcu.externaltools.gnu-tools-for-stm32.12.3.rel1.win32_1.0.100.202403111256/tools/bin/../lib/gcc/arm-none-eabi/12.3.1/thumb/v7e-m+fp/hard/crtbegin.o
                0x08003de4                        PROVIDE (__init_array_end = .)
                0x08003de4                        . = ALIGN (0x4)

.fini_array     0x08003de4        0x4
                0x08003de4                        . = ALIGN (0x4)
                [!provide]                        PROVIDE (__fini_array_start = .)
 *(SORT_BY_NAME(.fini_array.*))
 *(.fini_array*)
 .fini_array    0x08003de4        0x4 C:/ST/STM32CubeIDE_1.14.1/STM32CubeIDE/plugins/com.st.stm32cube.ide.mcu.externaltools.gnu-tools-for-stm32.12.3.rel1.win32_1.0.100.202403111256/tools/bin/../lib/gcc/arm-none-eabi/12.3.1/thumb/v7e-m+fp/hard/crtbegin.o
                [!provide]                        PROVIDE (__fini_array_end = .)
                0x08003de8                        . = ALIGN (0x4)
                0x08003de8                        _sidata = LOADADDR (.data)

.data           0x20000000       0x14 load address 0x08003de8
                0x20000000                        . = ALIGN (0x4)
                0x20000000                        _sdata = .
 *(.data)
 *(.data*)
 .data.Font_7x10
                0x20000000        0x8 ./Core/Src/fonts.o
                0x20000000                Font_7x10
 .data.SystemCoreClock
                0x20000008        0x4 ./Core/Src/system_stm32g4xx.o
                0x20000008                SystemCoreClock
 .data.uwTickPrio
                0x2000000c        0x4 ./Drivers/STM32G4xx_HAL_Driver/Src/stm32g4xx_hal.o
                0x2000000c                uwTickPrio
 .data.uwTickFreq
                0x20000010        0x4 ./Drivers/STM32G4xx_HAL_Driver/Src/stm32g4xx_hal.o
                0x20000010                uwTickFreq
 *(.RamFunc)
 *(.RamFunc*)
                0x20000014                        . = ALIGN (0x4)
                0x20000014                        _edata = .

.igot.plt       0x20000014        0x0 load address 0x08003dfc
 .igot.plt      0x20000014        0x0 C:/ST/STM32CubeIDE_1.14.1/STM32CubeIDE/plugins/com.st.stm32cube.ide.mcu.externaltools.gnu-tools-for-stm32.12.3.rel1.win32_1.0.100.202403111256/tools/bin/../lib/gcc/arm-none-eabi/12.3.1/thumb/v7e-m+fp/hard/crtbegin.o
                0x20000014                        . = ALIGN (0x4)

.bss            0x20000014      0x190 load address 0x08003dfc
                0x20000014                        _sbss = .
                0x20000014                        __bss_start__ = _sbss
 *(.bss)
 .bss           0x20000014       0x1c C:/ST/STM32CubeIDE_1.14.1/STM32CubeIDE/plugins/com.st.stm32cube.ide.mcu.externaltools.gnu-tools-for-stm32.12.3.rel1.win32_1.0.100.202403111256/tools/bin/../lib/gcc/arm-none-eabi/12.3.1/thumb/v7e-m+fp/hard/crtbegin.o
 *(.bss*)
 .bss._width    0x20000030        0x2 ./Core/Src/ST7735.o
                0x20000030                _width
 .bss._height   0x20000032        0x2 ./Core/Src/ST7735.o
                0x20000032                _height
 .bss.rotation  0x20000034        0x1 ./Core/Src/ST7735.o
                0x20000034                rotation
 .bss._colstart
                0x20000035        0x1 ./Core/Src/ST7735.o
                0x20000035                _colstart
 .bss._rowstart
                0x20000036        0x1 ./Core/Src/ST7735.o
                0x20000036                _rowstart
 .bss._xstart   0x20000037        0x1 ./Core/Src/ST7735.o
                0x20000037                _xstart
 .bss._ystart   0x20000038        0x1 ./Core/Src/ST7735.o
                0x20000038                _ystart
 *fill*         0x20000039        0x3 
 .bss.hspi1     0x2000003c       0x64 ./Core/Src/main.o
                0x2000003c                hspi1
 .bss.hdma_spi1_tx
                0x200000a0       0x60 ./Core/Src/main.o
                0x200000a0                hdma_spi1_tx
 .bss.htim16    0x20000100       0x4c ./Core/Src/main.o
                0x20000100                htim16
 .bss.htim17    0x2000014c       0x4c ./Core/Src/main.o
                0x2000014c                htim17
 .bss.button_flag
                0x20000198        0x1 ./Core/Src/main.o
                0x20000198                button_flag
 .bss.handler_state
                0x20000199        0x1 ./Core/Src/task_handler.o
                0x20000199                handler_state
 .bss.prev_handler_state
                0x2000019a        0x1 ./Core/Src/task_handler.o
                0x2000019a                prev_handler_state
 *fill*         0x2000019b        0x1 
 .bss.time_val  0x2000019c        0x2 ./Core/Src/task_handler.o
                0x2000019c                time_val
 *fill*         0x2000019e        0x2 
 .bss.uwTick    0x200001a0        0x4 ./Drivers/STM32G4xx_HAL_Driver/Src/stm32g4xx_hal.o
                0x200001a0                uwTick
 *(COMMON)
                0x200001a4                        . = ALIGN (0x4)
                0x200001a4                        _ebss = .
                0x200001a4                        __bss_end__ = _ebss

._user_heap_stack
                0x200001a4      0x604 load address 0x08003dfc
                0x200001a8                        . = ALIGN (0x8)
 *fill*         0x200001a4        0x4 
                [!provide]                        PROVIDE (end = .)
                0x200001a8                        PROVIDE (_end = .)
                0x200003a8                        . = (. + _Min_Heap_Size)
 *fill*         0x200001a8      0x200 
                0x200007a8                        . = (. + _Min_Stack_Size)
 *fill*         0x200003a8      0x400 
                0x200007a8                        . = ALIGN (0x8)

/DISCARD/
 libc.a(*)
 libm.a(*)
 libgcc.a(*)

.ARM.attributes
                0x00000000       0x30
 *(.ARM.attributes)
 .ARM.attributes
                0x00000000       0x22 C:/ST/STM32CubeIDE_1.14.1/STM32CubeIDE/plugins/com.st.stm32cube.ide.mcu.externaltools.gnu-tools-for-stm32.12.3.rel1.win32_1.0.100.202403111256/tools/bin/../lib/gcc/arm-none-eabi/12.3.1/thumb/v7e-m+fp/hard/crti.o
 .ARM.attributes
                0x00000022       0x34 C:/ST/STM32CubeIDE_1.14.1/STM32CubeIDE/plugins/com.st.stm32cube.ide.mcu.externaltools.gnu-tools-for-stm32.12.3.rel1.win32_1.0.100.202403111256/tools/bin/../lib/gcc/arm-none-eabi/12.3.1/thumb/v7e-m+fp/hard/crtbegin.o
 .ARM.attributes
                0x00000056       0x34 ./Core/Src/GFX_FUNCTIONS.o
 .ARM.attributes
                0x0000008a       0x34 ./Core/Src/ST7735.o
 .ARM.attributes
                0x000000be       0x34 ./Core/Src/fonts.o
 .ARM.attributes
                0x000000f2       0x34 ./Core/Src/main.o
 .ARM.attributes
                0x00000126       0x34 ./Core/Src/stm32g4xx_hal_msp.o
 .ARM.attributes
                0x0000015a       0x34 ./Core/Src/stm32g4xx_it.o
 .ARM.attributes
                0x0000018e       0x34 ./Core/Src/system_stm32g4xx.o
 .ARM.attributes
                0x000001c2       0x34 ./Core/Src/task_handler.o
 .ARM.attributes
                0x000001f6       0x21 ./Core/Startup/startup_stm32g474retx.o
 .ARM.attributes
                0x00000217       0x34 ./Drivers/STM32G4xx_HAL_Driver/Src/stm32g4xx_hal.o
 .ARM.attributes
                0x0000024b       0x34 ./Drivers/STM32G4xx_HAL_Driver/Src/stm32g4xx_hal_cortex.o
 .ARM.attributes
                0x0000027f       0x34 ./Drivers/STM32G4xx_HAL_Driver/Src/stm32g4xx_hal_dma.o
 .ARM.attributes
                0x000002b3       0x34 ./Drivers/STM32G4xx_HAL_Driver/Src/stm32g4xx_hal_gpio.o
 .ARM.attributes
                0x000002e7       0x34 ./Drivers/STM32G4xx_HAL_Driver/Src/stm32g4xx_hal_pwr_ex.o
 .ARM.attributes
                0x0000031b       0x34 ./Drivers/STM32G4xx_HAL_Driver/Src/stm32g4xx_hal_rcc.o
 .ARM.attributes
                0x0000034f       0x34 ./Drivers/STM32G4xx_HAL_Driver/Src/stm32g4xx_hal_spi.o
 .ARM.attributes
                0x00000383       0x34 ./Drivers/STM32G4xx_HAL_Driver/Src/stm32g4xx_hal_tim.o
 .ARM.attributes
                0x000003b7       0x34 ./Drivers/STM32G4xx_HAL_Driver/Src/stm32g4xx_hal_tim_ex.o
 .ARM.attributes
                0x000003eb       0x34 C:/ST/STM32CubeIDE_1.14.1/STM32CubeIDE/plugins/com.st.stm32cube.ide.mcu.externaltools.gnu-tools-for-stm32.12.3.rel1.win32_1.0.100.202403111256/tools/bin/../lib/gcc/arm-none-eabi/12.3.1/../../../../arm-none-eabi/lib/thumb/v7e-m+fp/hard\libc_nano.a(libc_a-memset.o)
 .ARM.attributes
                0x0000041f       0x34 C:/ST/STM32CubeIDE_1.14.1/STM32CubeIDE/plugins/com.st.stm32cube.ide.mcu.externaltools.gnu-tools-for-stm32.12.3.rel1.win32_1.0.100.202403111256/tools/bin/../lib/gcc/arm-none-eabi/12.3.1/../../../../arm-none-eabi/lib/thumb/v7e-m+fp/hard\libc_nano.a(libc_a-init.o)
 .ARM.attributes
                0x00000453       0x22 C:/ST/STM32CubeIDE_1.14.1/STM32CubeIDE/plugins/com.st.stm32cube.ide.mcu.externaltools.gnu-tools-for-stm32.12.3.rel1.win32_1.0.100.202403111256/tools/bin/../lib/gcc/arm-none-eabi/12.3.1/thumb/v7e-m+fp/hard/crtn.o
OUTPUT(104_StateMachine_Test.elf elf32-littlearm)
LOAD linker stubs
LOAD C:/ST/STM32CubeIDE_1.14.1/STM32CubeIDE/plugins/com.st.stm32cube.ide.mcu.externaltools.gnu-tools-for-stm32.12.3.rel1.win32_1.0.100.202403111256/tools/bin/../lib/gcc/arm-none-eabi/12.3.1/../../../../arm-none-eabi/lib/thumb/v7e-m+fp/hard\libc.a
LOAD C:/ST/STM32CubeIDE_1.14.1/STM32CubeIDE/plugins/com.st.stm32cube.ide.mcu.externaltools.gnu-tools-for-stm32.12.3.rel1.win32_1.0.100.202403111256/tools/bin/../lib/gcc/arm-none-eabi/12.3.1/../../../../arm-none-eabi/lib/thumb/v7e-m+fp/hard\libm.a
LOAD C:/ST/STM32CubeIDE_1.14.1/STM32CubeIDE/plugins/com.st.stm32cube.ide.mcu.externaltools.gnu-tools-for-stm32.12.3.rel1.win32_1.0.100.202403111256/tools/bin/../lib/gcc/arm-none-eabi/12.3.1/thumb/v7e-m+fp/hard\libgcc.a

.debug_info     0x00000000     0xf815
 .debug_info    0x00000000      0xe3f ./Core/Src/GFX_FUNCTIONS.o
 .debug_info    0x00000e3f      0xdae ./Core/Src/ST7735.o
 .debug_info    0x00001bed      0x19a ./Core/Src/fonts.o
 .debug_info    0x00001d87     0x162b ./Core/Src/main.o
 .debug_info    0x000033b2     0x12c7 ./Core/Src/stm32g4xx_hal_msp.o
 .debug_info    0x00004679      0x8f8 ./Core/Src/stm32g4xx_it.o
 .debug_info    0x00004f71      0x58e ./Core/Src/system_stm32g4xx.o
 .debug_info    0x000054ff      0x394 ./Core/Src/task_handler.o
 .debug_info    0x00005893       0x30 ./Core/Startup/startup_stm32g474retx.o
 .debug_info    0x000058c3      0xb95 ./Drivers/STM32G4xx_HAL_Driver/Src/stm32g4xx_hal.o
 .debug_info    0x00006458      0xdad ./Drivers/STM32G4xx_HAL_Driver/Src/stm32g4xx_hal_cortex.o
 .debug_info    0x00007205      0x85f ./Drivers/STM32G4xx_HAL_Driver/Src/stm32g4xx_hal_dma.o
 .debug_info    0x00007a64      0x763 ./Drivers/STM32G4xx_HAL_Driver/Src/stm32g4xx_hal_gpio.o
 .debug_info    0x000081c7      0x93f ./Drivers/STM32G4xx_HAL_Driver/Src/stm32g4xx_hal_pwr_ex.o
 .debug_info    0x00008b06      0xbe0 ./Drivers/STM32G4xx_HAL_Driver/Src/stm32g4xx_hal_rcc.o
 .debug_info    0x000096e6     0x1748 ./Drivers/STM32G4xx_HAL_Driver/Src/stm32g4xx_hal_spi.o
 .debug_info    0x0000ae2e     0x2c52 ./Drivers/STM32G4xx_HAL_Driver/Src/stm32g4xx_hal_tim.o
 .debug_info    0x0000da80     0x1d95 ./Drivers/STM32G4xx_HAL_Driver/Src/stm32g4xx_hal_tim_ex.o

.debug_abbrev   0x00000000     0x2528
 .debug_abbrev  0x00000000      0x1b0 ./Core/Src/GFX_FUNCTIONS.o
 .debug_abbrev  0x000001b0      0x26f ./Core/Src/ST7735.o
 .debug_abbrev  0x0000041f       0xb3 ./Core/Src/fonts.o
 .debug_abbrev  0x000004d2      0x315 ./Core/Src/main.o
 .debug_abbrev  0x000007e7      0x240 ./Core/Src/stm32g4xx_hal_msp.o
 .debug_abbrev  0x00000a27      0x1c4 ./Core/Src/stm32g4xx_it.o
 .debug_abbrev  0x00000beb      0x11a ./Core/Src/system_stm32g4xx.o
 .debug_abbrev  0x00000d05      0x1fd ./Core/Src/task_handler.o
 .debug_abbrev  0x00000f02       0x24 ./Core/Startup/startup_stm32g474retx.o
 .debug_abbrev  0x00000f26      0x271 ./Drivers/STM32G4xx_HAL_Driver/Src/stm32g4xx_hal.o
 .debug_abbrev  0x00001197      0x31c ./Drivers/STM32G4xx_HAL_Driver/Src/stm32g4xx_hal_cortex.o
 .debug_abbrev  0x000014b3      0x1e2 ./Drivers/STM32G4xx_HAL_Driver/Src/stm32g4xx_hal_dma.o
 .debug_abbrev  0x00001695      0x1cb ./Drivers/STM32G4xx_HAL_Driver/Src/stm32g4xx_hal_gpio.o
 .debug_abbrev  0x00001860      0x22c ./Drivers/STM32G4xx_HAL_Driver/Src/stm32g4xx_hal_pwr_ex.o
 .debug_abbrev  0x00001a8c      0x2c9 ./Drivers/STM32G4xx_HAL_Driver/Src/stm32g4xx_hal_rcc.o
 .debug_abbrev  0x00001d55      0x267 ./Drivers/STM32G4xx_HAL_Driver/Src/stm32g4xx_hal_spi.o
 .debug_abbrev  0x00001fbc      0x2a7 ./Drivers/STM32G4xx_HAL_Driver/Src/stm32g4xx_hal_tim.o
 .debug_abbrev  0x00002263      0x2c5 ./Drivers/STM32G4xx_HAL_Driver/Src/stm32g4xx_hal_tim_ex.o

.debug_aranges  0x00000000     0x1088
 .debug_aranges
                0x00000000      0x100 ./Core/Src/GFX_FUNCTIONS.o
 .debug_aranges
                0x00000100       0x90 ./Core/Src/ST7735.o
 .debug_aranges
                0x00000190       0x18 ./Core/Src/fonts.o
 .debug_aranges
                0x000001a8       0x68 ./Core/Src/main.o
 .debug_aranges
                0x00000210       0x40 ./Core/Src/stm32g4xx_hal_msp.o
 .debug_aranges
                0x00000250       0x80 ./Core/Src/stm32g4xx_it.o
 .debug_aranges
                0x000002d0       0x28 ./Core/Src/system_stm32g4xx.o
 .debug_aranges
                0x000002f8       0x50 ./Core/Src/task_handler.o
 .debug_aranges
                0x00000348       0x28 ./Core/Startup/startup_stm32g474retx.o
 .debug_aranges
                0x00000370      0x148 ./Drivers/STM32G4xx_HAL_Driver/Src/stm32g4xx_hal.o
 .debug_aranges
                0x000004b8      0x118 ./Drivers/STM32G4xx_HAL_Driver/Src/stm32g4xx_hal_cortex.o
 .debug_aranges
                0x000005d0       0x90 ./Drivers/STM32G4xx_HAL_Driver/Src/stm32g4xx_hal_dma.o
 .debug_aranges
                0x00000660       0x58 ./Drivers/STM32G4xx_HAL_Driver/Src/stm32g4xx_hal_gpio.o
 .debug_aranges
                0x000006b8      0x140 ./Drivers/STM32G4xx_HAL_Driver/Src/stm32g4xx_hal_pwr_ex.o
 .debug_aranges
                0x000007f8       0x98 ./Drivers/STM32G4xx_HAL_Driver/Src/stm32g4xx_hal_rcc.o
 .debug_aranges
                0x00000890      0x1d8 ./Drivers/STM32G4xx_HAL_Driver/Src/stm32g4xx_hal_spi.o
 .debug_aranges
                0x00000a68      0x3e0 ./Drivers/STM32G4xx_HAL_Driver/Src/stm32g4xx_hal_tim.o
 .debug_aranges
                0x00000e48      0x240 ./Drivers/STM32G4xx_HAL_Driver/Src/stm32g4xx_hal_tim_ex.o

.debug_rnglists
                0x00000000      0xcb9
 .debug_rnglists
                0x00000000       0xcd ./Core/Src/GFX_FUNCTIONS.o
 .debug_rnglists
                0x000000cd       0x6e ./Core/Src/ST7735.o
 .debug_rnglists
                0x0000013b       0x4b ./Core/Src/main.o
 .debug_rnglists
                0x00000186       0x2d ./Core/Src/stm32g4xx_hal_msp.o
 .debug_rnglists
                0x000001b3       0x5b ./Core/Src/stm32g4xx_it.o
 .debug_rnglists
                0x0000020e       0x1a ./Core/Src/system_stm32g4xx.o
 .debug_rnglists
                0x00000228       0x38 ./Core/Src/task_handler.o
 .debug_rnglists
                0x00000260       0x19 ./Core/Startup/startup_stm32g474retx.o
 .debug_rnglists
                0x00000279       0xf1 ./Drivers/STM32G4xx_HAL_Driver/Src/stm32g4xx_hal.o
 .debug_rnglists
                0x0000036a       0xce ./Drivers/STM32G4xx_HAL_Driver/Src/stm32g4xx_hal_cortex.o
 .debug_rnglists
                0x00000438       0x71 ./Drivers/STM32G4xx_HAL_Driver/Src/stm32g4xx_hal_dma.o
 .debug_rnglists
                0x000004a9       0x3f ./Drivers/STM32G4xx_HAL_Driver/Src/stm32g4xx_hal_gpio.o
 .debug_rnglists
                0x000004e8       0xf1 ./Drivers/STM32G4xx_HAL_Driver/Src/stm32g4xx_hal_pwr_ex.o
 .debug_rnglists
                0x000005d9       0x74 ./Drivers/STM32G4xx_HAL_Driver/Src/stm32g4xx_hal_rcc.o
 .debug_rnglists
                0x0000064d      0x178 ./Drivers/STM32G4xx_HAL_Driver/Src/stm32g4xx_hal_spi.o
 .debug_rnglists
                0x000007c5      0x328 ./Drivers/STM32G4xx_HAL_Driver/Src/stm32g4xx_hal_tim.o
 .debug_rnglists
                0x00000aed      0x1cc ./Drivers/STM32G4xx_HAL_Driver/Src/stm32g4xx_hal_tim_ex.o

.debug_macro    0x00000000    0x2612b
 .debug_macro   0x00000000      0x2c9 ./Core/Src/GFX_FUNCTIONS.o
 .debug_macro   0x000002c9      0xab4 ./Core/Src/GFX_FUNCTIONS.o
 .debug_macro   0x00000d7d       0x22 ./Core/Src/GFX_FUNCTIONS.o
 .debug_macro   0x00000d9f       0x8e ./Core/Src/GFX_FUNCTIONS.o
 .debug_macro   0x00000e2d       0x51 ./Core/Src/GFX_FUNCTIONS.o
 .debug_macro   0x00000e7e      0x103 ./Core/Src/GFX_FUNCTIONS.o
 .debug_macro   0x00000f81       0x6a ./Core/Src/GFX_FUNCTIONS.o
 .debug_macro   0x00000feb      0x1df ./Core/Src/GFX_FUNCTIONS.o
 .debug_macro   0x000011ca      0x15b ./Core/Src/GFX_FUNCTIONS.o
 .debug_macro   0x00001325       0x2e ./Core/Src/GFX_FUNCTIONS.o
 .debug_macro   0x00001353       0x28 ./Core/Src/GFX_FUNCTIONS.o
 .debug_macro   0x0000137b       0x1c ./Core/Src/GFX_FUNCTIONS.o
 .debug_macro   0x00001397       0x22 ./Core/Src/GFX_FUNCTIONS.o
 .debug_macro   0x000013b9       0xfb ./Core/Src/GFX_FUNCTIONS.o
 .debug_macro   0x000014b4     0x1011 ./Core/Src/GFX_FUNCTIONS.o
 .debug_macro   0x000024c5      0x11f ./Core/Src/GFX_FUNCTIONS.o
 .debug_macro   0x000025e4    0x18b45 ./Core/Src/GFX_FUNCTIONS.o
 .debug_macro   0x0001b129       0x6d ./Core/Src/GFX_FUNCTIONS.o
 .debug_macro   0x0001b196     0x354d ./Core/Src/GFX_FUNCTIONS.o
 .debug_macro   0x0001e6e3      0x189 ./Core/Src/GFX_FUNCTIONS.o
 .debug_macro   0x0001e86c       0x5c ./Core/Src/GFX_FUNCTIONS.o
 .debug_macro   0x0001e8c8     0x171f ./Core/Src/GFX_FUNCTIONS.o
 .debug_macro   0x0001ffe7      0x600 ./Core/Src/GFX_FUNCTIONS.o
 .debug_macro   0x000205e7      0x1b6 ./Core/Src/GFX_FUNCTIONS.o
 .debug_macro   0x0002079d      0x34a ./Core/Src/GFX_FUNCTIONS.o
 .debug_macro   0x00020ae7      0x53c ./Core/Src/GFX_FUNCTIONS.o
 .debug_macro   0x00021023      0x18b ./Core/Src/GFX_FUNCTIONS.o
 .debug_macro   0x000211ae       0x43 ./Core/Src/GFX_FUNCTIONS.o
 .debug_macro   0x000211f1      0x23d ./Core/Src/GFX_FUNCTIONS.o
 .debug_macro   0x0002142e      0x211 ./Core/Src/GFX_FUNCTIONS.o
 .debug_macro   0x0002163f      0x45c ./Core/Src/GFX_FUNCTIONS.o
 .debug_macro   0x00021a9b      0x11c ./Core/Src/GFX_FUNCTIONS.o
 .debug_macro   0x00021bb7      0x122 ./Core/Src/GFX_FUNCTIONS.o
 .debug_macro   0x00021cd9      0x3d1 ./Core/Src/GFX_FUNCTIONS.o
 .debug_macro   0x000220aa      0x2fe ./Core/Src/GFX_FUNCTIONS.o
 .debug_macro   0x000223a8      0xc0b ./Core/Src/GFX_FUNCTIONS.o
 .debug_macro   0x00022fb3      0x718 ./Core/Src/GFX_FUNCTIONS.o
 .debug_macro   0x000236cb      0x358 ./Core/Src/GFX_FUNCTIONS.o
 .debug_macro   0x00023a23       0x22 ./Core/Src/GFX_FUNCTIONS.o
 .debug_macro   0x00023a45      0x18a ./Core/Src/GFX_FUNCTIONS.o
 .debug_macro   0x00023bcf       0x2a ./Core/Src/GFX_FUNCTIONS.o
 .debug_macro   0x00023bf9       0x61 ./Core/Src/GFX_FUNCTIONS.o
 .debug_macro   0x00023c5a       0x43 ./Core/Src/GFX_FUNCTIONS.o
 .debug_macro   0x00023c9d       0x34 ./Core/Src/GFX_FUNCTIONS.o
 .debug_macro   0x00023cd1       0x16 ./Core/Src/GFX_FUNCTIONS.o
 .debug_macro   0x00023ce7       0x35 ./Core/Src/GFX_FUNCTIONS.o
 .debug_macro   0x00023d1c       0x16 ./Core/Src/GFX_FUNCTIONS.o
 .debug_macro   0x00023d32       0x43 ./Core/Src/GFX_FUNCTIONS.o
 .debug_macro   0x00023d75       0x34 ./Core/Src/GFX_FUNCTIONS.o
 .debug_macro   0x00023da9       0x10 ./Core/Src/GFX_FUNCTIONS.o
 .debug_macro   0x00023db9       0x58 ./Core/Src/GFX_FUNCTIONS.o
 .debug_macro   0x00023e11       0x8e ./Core/Src/GFX_FUNCTIONS.o
 .debug_macro   0x00023e9f       0x1c ./Core/Src/GFX_FUNCTIONS.o
 .debug_macro   0x00023ebb      0x177 ./Core/Src/GFX_FUNCTIONS.o
 .debug_macro   0x00024032      0x369 ./Core/Src/GFX_FUNCTIONS.o
 .debug_macro   0x0002439b       0x16 ./Core/Src/GFX_FUNCTIONS.o
 .debug_macro   0x000243b1       0x29 ./Core/Src/GFX_FUNCTIONS.o
 .debug_macro   0x000243da      0x1f1 ./Core/Src/ST7735.o
 .debug_macro   0x000245cb       0x6d ./Core/Src/fonts.o
 .debug_macro   0x00024638      0x220 ./Core/Src/main.o
 .debug_macro   0x00024858       0x1c ./Core/Src/main.o
 .debug_macro   0x00024874      0x1d9 ./Core/Src/stm32g4xx_hal_msp.o
 .debug_macro   0x00024a4d      0x1e3 ./Core/Src/stm32g4xx_it.o
 .debug_macro   0x00024c30      0x1cf ./Core/Src/system_stm32g4xx.o
 .debug_macro   0x00024dff      0x20e ./Core/Src/task_handler.o
 .debug_macro   0x0002500d      0x21d ./Drivers/STM32G4xx_HAL_Driver/Src/stm32g4xx_hal.o
 .debug_macro   0x0002522a      0x1cf ./Drivers/STM32G4xx_HAL_Driver/Src/stm32g4xx_hal_cortex.o
 .debug_macro   0x000253f9      0x1cf ./Drivers/STM32G4xx_HAL_Driver/Src/stm32g4xx_hal_dma.o
 .debug_macro   0x000255c8      0x1d6 ./Drivers/STM32G4xx_HAL_Driver/Src/stm32g4xx_hal_gpio.o
 .debug_macro   0x0002579e      0x1f9 ./Drivers/STM32G4xx_HAL_Driver/Src/stm32g4xx_hal_pwr_ex.o
 .debug_macro   0x00025997      0x211 ./Drivers/STM32G4xx_HAL_Driver/Src/stm32g4xx_hal_rcc.o
 .debug_macro   0x00025ba8      0x1d7 ./Drivers/STM32G4xx_HAL_Driver/Src/stm32g4xx_hal_spi.o
 .debug_macro   0x00025d7f      0x1d7 ./Drivers/STM32G4xx_HAL_Driver/Src/stm32g4xx_hal_tim.o
 .debug_macro   0x00025f56      0x1d5 ./Drivers/STM32G4xx_HAL_Driver/Src/stm32g4xx_hal_tim_ex.o

.debug_line     0x00000000    0x12195
 .debug_line    0x00000000     0x1554 ./Core/Src/GFX_FUNCTIONS.o
 .debug_line    0x00001554      0xb82 ./Core/Src/ST7735.o
 .debug_line    0x000020d6      0x412 ./Core/Src/fonts.o
 .debug_line    0x000024e8      0x9e4 ./Core/Src/main.o
 .debug_line    0x00002ecc      0x83a ./Core/Src/stm32g4xx_hal_msp.o
 .debug_line    0x00003706      0x88a ./Core/Src/stm32g4xx_it.o
 .debug_line    0x00003f90      0x7d4 ./Core/Src/system_stm32g4xx.o
 .debug_line    0x00004764      0x87d ./Core/Src/task_handler.o
 .debug_line    0x00004fe1       0x7b ./Core/Startup/startup_stm32g474retx.o
 .debug_line    0x0000505c      0xb90 ./Drivers/STM32G4xx_HAL_Driver/Src/stm32g4xx_hal.o
 .debug_line    0x00005bec      0xcf9 ./Drivers/STM32G4xx_HAL_Driver/Src/stm32g4xx_hal_cortex.o
 .debug_line    0x000068e5      0xeba ./Drivers/STM32G4xx_HAL_Driver/Src/stm32g4xx_hal_dma.o
 .debug_line    0x0000779f      0xba9 ./Drivers/STM32G4xx_HAL_Driver/Src/stm32g4xx_hal_gpio.o
 .debug_line    0x00008348      0xcff ./Drivers/STM32G4xx_HAL_Driver/Src/stm32g4xx_hal_pwr_ex.o
 .debug_line    0x00009047      0xf5b ./Drivers/STM32G4xx_HAL_Driver/Src/stm32g4xx_hal_rcc.o
 .debug_line    0x00009fa2     0x2010 ./Drivers/STM32G4xx_HAL_Driver/Src/stm32g4xx_hal_spi.o
 .debug_line    0x0000bfb2     0x4050 ./Drivers/STM32G4xx_HAL_Driver/Src/stm32g4xx_hal_tim.o
 .debug_line    0x00010002     0x2193 ./Drivers/STM32G4xx_HAL_Driver/Src/stm32g4xx_hal_tim_ex.o

.debug_str      0x00000000    0xf7388
 .debug_str     0x00000000    0xf261e ./Core/Src/GFX_FUNCTIONS.o
                              0xf28f5 (size before relaxing)
 .debug_str     0x000f261e      0x6df ./Core/Src/ST7735.o
                              0xefc1d (size before relaxing)
 .debug_str     0x000f2cfd       0x51 ./Core/Src/fonts.o
                               0x3db1 (size before relaxing)
 .debug_str     0x000f2d4e      0xe0f ./Core/Src/main.o
                              0xf08c6 (size before relaxing)
 .debug_str     0x000f3b5d       0xea ./Core/Src/stm32g4xx_hal_msp.o
                              0xf00ba (size before relaxing)
 .debug_str     0x000f3c47      0x16d ./Core/Src/stm32g4xx_it.o
                              0xef6dd (size before relaxing)
 .debug_str     0x000f3db4       0xdb ./Core/Src/system_stm32g4xx.o
                              0xef168 (size before relaxing)
 .debug_str     0x000f3e8f       0x84 ./Core/Src/task_handler.o
                              0xef686 (size before relaxing)
 .debug_str     0x000f3f13       0x44 ./Core/Startup/startup_stm32g474retx.o
                                 0x98 (size before relaxing)
 .debug_str     0x000f3f57      0x5d9 ./Drivers/STM32G4xx_HAL_Driver/Src/stm32g4xx_hal.o
                              0xefe7a (size before relaxing)
 .debug_str     0x000f4530      0x313 ./Drivers/STM32G4xx_HAL_Driver/Src/stm32g4xx_hal_cortex.o
                              0xefafe (size before relaxing)
 .debug_str     0x000f4843      0x2a4 ./Drivers/STM32G4xx_HAL_Driver/Src/stm32g4xx_hal_dma.o
                              0xef542 (size before relaxing)
 .debug_str     0x000f4ae7       0xc6 ./Drivers/STM32G4xx_HAL_Driver/Src/stm32g4xx_hal_gpio.o
                              0xef2f3 (size before relaxing)
 .debug_str     0x000f4bad      0x4a5 ./Drivers/STM32G4xx_HAL_Driver/Src/stm32g4xx_hal_pwr_ex.o
                              0xef656 (size before relaxing)
 .debug_str     0x000f5052      0x506 ./Drivers/STM32G4xx_HAL_Driver/Src/stm32g4xx_hal_rcc.o
                              0xef887 (size before relaxing)
 .debug_str     0x000f5558      0x577 ./Drivers/STM32G4xx_HAL_Driver/Src/stm32g4xx_hal_spi.o
                              0xefaa0 (size before relaxing)
 .debug_str     0x000f5acf      0xf24 ./Drivers/STM32G4xx_HAL_Driver/Src/stm32g4xx_hal_tim.o
                              0xf0666 (size before relaxing)
 .debug_str     0x000f69f3      0x995 ./Drivers/STM32G4xx_HAL_Driver/Src/stm32g4xx_hal_tim_ex.o
                              0xf02da (size before relaxing)

.comment        0x00000000       0x43
 .comment       0x00000000       0x43 ./Core/Src/GFX_FUNCTIONS.o
                                 0x44 (size before relaxing)
 .comment       0x00000043       0x44 ./Core/Src/ST7735.o
 .comment       0x00000043       0x44 ./Core/Src/fonts.o
 .comment       0x00000043       0x44 ./Core/Src/main.o
 .comment       0x00000043       0x44 ./Core/Src/stm32g4xx_hal_msp.o
 .comment       0x00000043       0x44 ./Core/Src/stm32g4xx_it.o
 .comment       0x00000043       0x44 ./Core/Src/system_stm32g4xx.o
 .comment       0x00000043       0x44 ./Core/Src/task_handler.o
 .comment       0x00000043       0x44 ./Drivers/STM32G4xx_HAL_Driver/Src/stm32g4xx_hal.o
 .comment       0x00000043       0x44 ./Drivers/STM32G4xx_HAL_Driver/Src/stm32g4xx_hal_cortex.o
 .comment       0x00000043       0x44 ./Drivers/STM32G4xx_HAL_Driver/Src/stm32g4xx_hal_dma.o
 .comment       0x00000043       0x44 ./Drivers/STM32G4xx_HAL_Driver/Src/stm32g4xx_hal_gpio.o
 .comment       0x00000043       0x44 ./Drivers/STM32G4xx_HAL_Driver/Src/stm32g4xx_hal_pwr_ex.o
 .comment       0x00000043       0x44 ./Drivers/STM32G4xx_HAL_Driver/Src/stm32g4xx_hal_rcc.o
 .comment       0x00000043       0x44 ./Drivers/STM32G4xx_HAL_Driver/Src/stm32g4xx_hal_spi.o
 .comment       0x00000043       0x44 ./Drivers/STM32G4xx_HAL_Driver/Src/stm32g4xx_hal_tim.o
 .comment       0x00000043       0x44 ./Drivers/STM32G4xx_HAL_Driver/Src/stm32g4xx_hal_tim_ex.o

.debug_frame    0x00000000     0x4540
 .debug_frame   0x00000000      0x478 ./Core/Src/GFX_FUNCTIONS.o
 .debug_frame   0x00000478      0x23c ./Core/Src/ST7735.o
 .debug_frame   0x000006b4      0x14c ./Core/Src/main.o
 .debug_frame   0x00000800       0xc4 ./Core/Src/stm32g4xx_hal_msp.o
 .debug_frame   0x000008c4      0x174 ./Core/Src/stm32g4xx_it.o
 .debug_frame   0x00000a38       0x58 ./Core/Src/system_stm32g4xx.o
 .debug_frame   0x00000a90      0x10c ./Core/Src/task_handler.o
 .debug_frame   0x00000b9c      0x500 ./Drivers/STM32G4xx_HAL_Driver/Src/stm32g4xx_hal.o
 .debug_frame   0x0000109c      0x498 ./Drivers/STM32G4xx_HAL_Driver/Src/stm32g4xx_hal_cortex.o
 .debug_frame   0x00001534      0x24c ./Drivers/STM32G4xx_HAL_Driver/Src/stm32g4xx_hal_dma.o
 .debug_frame   0x00001780      0x14c ./Drivers/STM32G4xx_HAL_Driver/Src/stm32g4xx_hal_gpio.o
 .debug_frame   0x000018cc      0x4fc ./Drivers/STM32G4xx_HAL_Driver/Src/stm32g4xx_hal_pwr_ex.o
 .debug_frame   0x00001dc8      0x23c ./Drivers/STM32G4xx_HAL_Driver/Src/stm32g4xx_hal_rcc.o
 .debug_frame   0x00002004      0x860 ./Drivers/STM32G4xx_HAL_Driver/Src/stm32g4xx_hal_spi.o
 .debug_frame   0x00002864     0x1220 ./Drivers/STM32G4xx_HAL_Driver/Src/stm32g4xx_hal_tim.o
 .debug_frame   0x00003a84      0xa70 ./Drivers/STM32G4xx_HAL_Driver/Src/stm32g4xx_hal_tim_ex.o
 .debug_frame   0x000044f4       0x20 C:/ST/STM32CubeIDE_1.14.1/STM32CubeIDE/plugins/com.st.stm32cube.ide.mcu.externaltools.gnu-tools-for-stm32.12.3.rel1.win32_1.0.100.202403111256/tools/bin/../lib/gcc/arm-none-eabi/12.3.1/../../../../arm-none-eabi/lib/thumb/v7e-m+fp/hard\libc_nano.a(libc_a-memset.o)
 .debug_frame   0x00004514       0x2c C:/ST/STM32CubeIDE_1.14.1/STM32CubeIDE/plugins/com.st.stm32cube.ide.mcu.externaltools.gnu-tools-for-stm32.12.3.rel1.win32_1.0.100.202403111256/tools/bin/../lib/gcc/arm-none-eabi/12.3.1/../../../../arm-none-eabi/lib/thumb/v7e-m+fp/hard\libc_nano.a(libc_a-init.o)

.debug_line_str
                0x00000000       0x7c
 .debug_line_str
                0x00000000       0x7c ./Core/Startup/startup_stm32g474retx.o
