../Core/Src/main.c:99:6:HAL_GPIO_EXTI_Callback	32	static
../Core/Src/main.c:147:6:HAL_TIM_PeriodElapsedCallback	72	static
../Core/Src/main.c:256:5:main	8	static
../Core/Src/main.c:365:6:SystemClock_Config	88	static
../Core/Src/main.c:412:13:MX_ADC1_Init	56	static
../Core/Src/main.c:498:13:MX_ADC2_Init	40	static
../Core/Src/main.c:557:13:MX_SPI1_Init	8	static
../Core/Src/main.c:597:13:MX_TIM1_Init	120	static
../Core/Src/main.c:685:13:MX_TIM16_Init	8	static
../Core/Src/main.c:717:13:MX_TIM17_Init	8	static
../Core/Src/main.c:749:13:MX_USART2_UART_Init	8	static
../Core/Src/main.c:795:13:MX_DMA_Init	24	static
../Core/Src/main.c:824:13:MX_GPIO_Init	48	static
../Core/Src/main.c:903:6:Error_Handler	4	static,ignoring_inline_asm
