../Core/Src/main.c:104:6:HAL_GPIO_EXTI_Callback	7
../Core/Src/main.c:152:6:HAL_TIM_PeriodElapsedCallback	3
../Core/Src/main.c:255:5:main	1
../Core/Src/main.c:329:6:SystemClock_Config	3
../Core/Src/main.c:376:13:MX_ADC1_Init	6
../Core/Src/main.c:462:13:MX_ADC2_Init	3
../Core/Src/main.c:521:13:MX_SPI1_Init	2
../Core/Src/main.c:561:13:MX_TIM1_Init	8
../Core/Src/main.c:647:13:MX_TIM2_Init	4
../Core/Src/main.c:692:13:MX_TIM16_Init	2
../Core/Src/main.c:724:13:MX_TIM17_Init	2
../Core/Src/main.c:756:13:MX_USART2_UART_Init	5
../Core/Src/main.c:802:13:MX_DMA_Init	1
../Core/Src/main.c:828:13:MX_GPIO_Init	1
../Core/Src/main.c:907:6:Error_Handler	1
