../Core/Src/task_handler.c:16:6:enter_handler_state	32	static
../Core/Src/task_handler.c:64:6:exec_handler_state	16	static
../Core/Src/task_handler.c:101:6:leave_handler_state	16	static
../Core/Src/task_handler.c:132:6:handler_task	8	static
../Core/Src/task_handler.c:136:6:set_handler_state	16	static
../Core/Src/task_handler.c:143:9:get_handler_state	4	static
../Core/Src/task_handler.c:147:6:inc_handler_currentTime	16	static
../Core/Src/task_handler.c:151:13:get_adc_values	4	static
../Core/Src/task_handler.c:155:6:set_pwm_values	136	static
