../Core/Src/task_handler.c:20:6:enter_handler_state	32	static
../Core/Src/task_handler.c:75:6:exec_handler_state	16	static
../Core/Src/task_handler.c:112:6:leave_handler_state	16	static
../Core/Src/task_handler.c:146:6:handler_task	8	static
../Core/Src/task_handler.c:150:6:set_handler_state	16	static
../Core/Src/task_handler.c:157:9:get_handler_state	4	static
../Core/Src/task_handler.c:161:6:inc_handler_currentTime	16	static
../Core/Src/task_handler.c:165:13:get_adc_values	4	static
../Core/Src/task_handler.c:169:6:set_pwm_values	136	static
