13:52:16 **** Build of configuration Debug for project 011_Display_w_DMA_Test ****
make -j8 all 
arm-none-eabi-gcc "../Core/Src/main.c" -mcpu=cortex-m4 -std=gnu11 -g3 -DDEBUG -DUSE_HAL_DRIVER -DSTM32G474xx -c -I../Core/Inc -I../Drivers/STM32G4xx_HAL_Driver/Inc -I../Drivers/STM32G4xx_HAL_Driver/Inc/Legacy -I../Drivers/CMSIS/Device/ST/STM32G4xx/Include -I../Drivers/CMSIS/Include -O0 -ffunction-sections -fdata-sections -Wall -fstack-usage -fcyclomatic-complexity -MMD -MP -MF"Core/Src/main.d" -MT"Core/Src/main.o" --specs=nano.specs -mfpu=fpv4-sp-d16 -mfloat-abi=hard -mthumb -o "Core/Src/main.o"
arm-none-eabi-gcc "../Core/Src/stm32g4xx_hal_msp.c" -mcpu=cortex-m4 -std=gnu11 -g3 -DDEBUG -DUSE_HAL_DRIVER -DSTM32G474xx -c -I../Core/Inc -I../Drivers/STM32G4xx_HAL_Driver/Inc -I../Drivers/STM32G4xx_HAL_Driver/Inc/Legacy -I../Drivers/CMSIS/Device/ST/STM32G4xx/Include -I../Drivers/CMSIS/Include -O0 -ffunction-sections -fdata-sections -Wall -fstack-usage -fcyclomatic-complexity -MMD -MP -MF"Core/Src/stm32g4xx_hal_msp.d" -MT"Core/Src/stm32g4xx_hal_msp.o" --specs=nano.specs -mfpu=fpv4-sp-d16 -mfloat-abi=hard -mthumb -o "Core/Src/stm32g4xx_hal_msp.o"
arm-none-eabi-gcc -o "011_Display_w_DMA_Test.elf" @"objects.list"   -mcpu=cortex-m4 -T"C:\Users\raphael.baumeler\STM32CubeIDE\workspace_1.15.1\011_Display_w_DMA_Test\STM32G474RETX_FLASH.ld" --specs=nosys.specs -Wl,-Map="011_Display_w_DMA_Test.map" -Wl,--gc-sections -static --specs=nano.specs -mfpu=fpv4-sp-d16 -mfloat-abi=hard -mthumb -Wl,--start-group -lc -lm -Wl,--end-group
C:/ST/STM32CubeIDE_1.14.1/STM32CubeIDE/plugins/com.st.stm32cube.ide.mcu.externaltools.gnu-tools-for-stm32.12.3.rel1.win32_1.0.100.202403111256/tools/bin/../lib/gcc/arm-none-eabi/12.3.1/../../../../arm-none-eabi/bin/ld.exe: warning: 011_Display_w_DMA_Test.elf has a LOAD segment with RWX permissions
Finished building target: 011_Display_w_DMA_Test.elf
 
arm-none-eabi-size  011_Display_w_DMA_Test.elf 
arm-none-eabi-objdump -h -S 011_Display_w_DMA_Test.elf  > "011_Display_w_DMA_Test.list"
   text	   data	    bss	    dec	    hex	filename
  53096	     40	   1776	  54912	   d680	011_Display_w_DMA_Test.elf
Finished building: default.size.stdout
 
Finished building: 011_Display_w_DMA_Test.list
 

13:52:17 Build Finished. 0 errors, 1 warnings. (took 1s.675ms)

