11:33:45 **** Incremental Build of configuration Debug for project 103_Plecs_Test ****
make -j8 allcg 
arm-none-eabi-size  103_Plecs_Test.elf 
   text	   data	    bss	    dec	    hex	filename
  18048	     24	  23928	  42000	   a410	103_Plecs_Test.elf
Finished building: default.size.stdout
 
Copy binary to codegen folder:
cp "103_Plecs_Test.elf" "C:/Users/raphael.baumeler/OneDrive - OST/MSE/4.Semester/Projektarbeit2/PLECS\STM32_Plecs_Test_codegen/Subsystem.elf"

11:33:47 Build Finished. 0 errors, 0 warnings. (took 1s.201ms)

