16:43:44 **** Incremental Build of configuration Debug for project 110_TimerSync_Test ****
make -j8 all 
arm-none-eabi-gcc "../Core/Src/main.c" -mcpu=cortex-m4 -std=gnu11 -g3 -DDEBUG -DUSE_HAL_DRIVER -DSTM32G474xx -c -I../Core/Inc -I../Drivers/STM32G4xx_HAL_Driver/Inc -I../Drivers/STM32G4xx_HAL_Driver/Inc/Legacy -I../Drivers/CMSIS/Device/ST/STM32G4xx/Include -I../Drivers/CMSIS/Include -O0 -ffunction-sections -fdata-sections -Wall -fstack-usage -fcyclomatic-complexity -MMD -MP -MF"Core/Src/main.d" -MT"Core/Src/main.o" --specs=nano.specs -mfpu=fpv4-sp-d16 -mfloat-abi=hard -mthumb -o "Core/Src/main.o"
arm-none-eabi-gcc -o "110_TimerSync_Test.elf" @"objects.list"   -mcpu=cortex-m4 -T"C:\Users\raphael.baumeler\STM32CubeIDE\workspace_1.15.1\110_TimerSync_Test\STM32G474RETX_FLASH.ld" --specs=nosys.specs -Wl,-Map="110_TimerSync_Test.map" -Wl,--gc-sections -static --specs=nano.specs -mfpu=fpv4-sp-d16 -mfloat-abi=hard -mthumb -Wl,--start-group -lc -lm -Wl,--end-group
Finished building target: 110_TimerSync_Test.elf
 
arm-none-eabi-size  110_TimerSync_Test.elf 
arm-none-eabi-objdump -h -S 110_TimerSync_Test.elf  > "110_TimerSync_Test.list"
   text	   data	    bss	    dec	    hex	filename
  11692	     12	   1724	  13428	   3474	110_TimerSync_Test.elf
Finished building: default.size.stdout
 
Finished building: 110_TimerSync_Test.list
 

16:43:47 Build Finished. 0 errors, 0 warnings. (took 2s.969ms)

