12:04:05 **** Incremental Build of configuration Debug for project cube_g474_v1_4 ****
make -j8 allcg 
arm-none-eabi-gcc "../system/freertos/portable/MemMang/heap_4.c" -mcpu=cortex-m4 -std=gnu11 -g3 -DSTM32G474xx -DUSE_HAL_DRIVER -DUSE_FULL_LL_DRIVER -DDEBUG -DEXTERNAL_MODE -c -I"C:/Users/raphael.baumeler/STM32CubeIDE/workspace_1.15.1/cube_g474_v1_4/app" -I"C:/Users/raphael.baumeler/STM32CubeIDE/workspace_1.15.1/cube_g474_v1_4/app/474re" -I"C:/Users/raphael.baumeler/STM32CubeIDE/workspace_1.15.1/cube_g474_v1_4/pil" -I"C:/Users/raphael.baumeler/STM32CubeIDE/workspace_1.15.1/cube_g474_v1_4/inc" -I"C:/Users/raphael.baumeler/STM32CubeIDE/workspace_1.15.1/cube_g474_v1_4/inc_impl" -I"C:/Users/raphael.baumeler/STM32CubeIDE/workspace_1.15.1/cube_g474_v1_4/system" -I"C:/Users/raphael.baumeler/STM32CubeIDE/workspace_1.15.1/cube_g474_v1_4/system/cmsis/include" -I"C:/Users/raphael.baumeler/STM32CubeIDE/workspace_1.15.1/cube_g474_v1_4/system/driver/inc" -I"C:/Users/raphael.baumeler/STM32CubeIDE/workspace_1.15.1/cube_g474_v1_4/system/freertos/include" -I"C:/Users/raphael.baumeler/STM32CubeIDE/workspace_1.15.1/cube_g474_v1_4/system/freertos/portable/GCC/ARM_CM4F" -I"C:/Users/raphael.baumeler/STM32CubeIDE/workspace_1.15.1/cube_g474_v1_4/system/freertos/CMSIS_RTOS" -I"C:/Users/raphael.baumeler/STM32CubeIDE/workspace_1.15.1/cube_g474_v1_4/cg" -include"C:/Users/raphael.baumeler/STM32CubeIDE/workspace_1.15.1/cube_g474_v1_4/cg/plx_defines.h" -Ofast -ffunction-sections -fdata-sections -Wall -fstack-usage -fcyclomatic-complexity -MMD -MP -MF"system/freertos/portable/MemMang/heap_4.d" -MT"system/freertos/portable/MemMang/heap_4.o" --specs=nano.specs -mfpu=fpv4-sp-d16 -mfloat-abi=softfp -mthumb -o "system/freertos/portable/MemMang/heap_4.o"
arm-none-eabi-gcc "../system/freertos/portable/GCC/ARM_CM4F/port.c" -mcpu=cortex-m4 -std=gnu11 -g3 -DSTM32G474xx -DUSE_HAL_DRIVER -DUSE_FULL_LL_DRIVER -DDEBUG -DEXTERNAL_MODE -c -I"C:/Users/raphael.baumeler/STM32CubeIDE/workspace_1.15.1/cube_g474_v1_4/app" -I"C:/Users/raphael.baumeler/STM32CubeIDE/workspace_1.15.1/cube_g474_v1_4/app/474re" -I"C:/Users/raphael.baumeler/STM32CubeIDE/workspace_1.15.1/cube_g474_v1_4/pil" -I"C:/Users/raphael.baumeler/STM32CubeIDE/workspace_1.15.1/cube_g474_v1_4/inc" -I"C:/Users/raphael.baumeler/STM32CubeIDE/workspace_1.15.1/cube_g474_v1_4/inc_impl" -I"C:/Users/raphael.baumeler/STM32CubeIDE/workspace_1.15.1/cube_g474_v1_4/system" -I"C:/Users/raphael.baumeler/STM32CubeIDE/workspace_1.15.1/cube_g474_v1_4/system/cmsis/include" -I"C:/Users/raphael.baumeler/STM32CubeIDE/workspace_1.15.1/cube_g474_v1_4/system/driver/inc" -I"C:/Users/raphael.baumeler/STM32CubeIDE/workspace_1.15.1/cube_g474_v1_4/system/freertos/include" -I"C:/Users/raphael.baumeler/STM32CubeIDE/workspace_1.15.1/cube_g474_v1_4/system/freertos/portable/GCC/ARM_CM4F" -I"C:/Users/raphael.baumeler/STM32CubeIDE/workspace_1.15.1/cube_g474_v1_4/system/freertos/CMSIS_RTOS" -I"C:/Users/raphael.baumeler/STM32CubeIDE/workspace_1.15.1/cube_g474_v1_4/cg" -include"C:/Users/raphael.baumeler/STM32CubeIDE/workspace_1.15.1/cube_g474_v1_4/cg/plx_defines.h" -Ofast -ffunction-sections -fdata-sections -Wall -fstack-usage -fcyclomatic-complexity -MMD -MP -MF"system/freertos/portable/GCC/ARM_CM4F/port.d" -MT"system/freertos/portable/GCC/ARM_CM4F/port.o" --specs=nano.specs -mfpu=fpv4-sp-d16 -mfloat-abi=softfp -mthumb -o "system/freertos/portable/GCC/ARM_CM4F/port.o"
arm-none-eabi-gcc "../system/freertos/CMSIS_RTOS_V2/cmsis_os2.c" -mcpu=cortex-m4 -std=gnu11 -g3 -DSTM32G474xx -DUSE_HAL_DRIVER -DUSE_FULL_LL_DRIVER -DDEBUG -DEXTERNAL_MODE -c -I"C:/Users/raphael.baumeler/STM32CubeIDE/workspace_1.15.1/cube_g474_v1_4/app" -I"C:/Users/raphael.baumeler/STM32CubeIDE/workspace_1.15.1/cube_g474_v1_4/app/474re" -I"C:/Users/raphael.baumeler/STM32CubeIDE/workspace_1.15.1/cube_g474_v1_4/pil" -I"C:/Users/raphael.baumeler/STM32CubeIDE/workspace_1.15.1/cube_g474_v1_4/inc" -I"C:/Users/raphael.baumeler/STM32CubeIDE/workspace_1.15.1/cube_g474_v1_4/inc_impl" -I"C:/Users/raphael.baumeler/STM32CubeIDE/workspace_1.15.1/cube_g474_v1_4/system" -I"C:/Users/raphael.baumeler/STM32CubeIDE/workspace_1.15.1/cube_g474_v1_4/system/cmsis/include" -I"C:/Users/raphael.baumeler/STM32CubeIDE/workspace_1.15.1/cube_g474_v1_4/system/driver/inc" -I"C:/Users/raphael.baumeler/STM32CubeIDE/workspace_1.15.1/cube_g474_v1_4/system/freertos/include" -I"C:/Users/raphael.baumeler/STM32CubeIDE/workspace_1.15.1/cube_g474_v1_4/system/freertos/portable/GCC/ARM_CM4F" -I"C:/Users/raphael.baumeler/STM32CubeIDE/workspace_1.15.1/cube_g474_v1_4/system/freertos/CMSIS_RTOS" -I"C:/Users/raphael.baumeler/STM32CubeIDE/workspace_1.15.1/cube_g474_v1_4/cg" -include"C:/Users/raphael.baumeler/STM32CubeIDE/workspace_1.15.1/cube_g474_v1_4/cg/plx_defines.h" -Ofast -ffunction-sections -fdata-sections -Wall -fstack-usage -fcyclomatic-complexity -MMD -MP -MF"system/freertos/CMSIS_RTOS_V2/cmsis_os2.d" -MT"system/freertos/CMSIS_RTOS_V2/cmsis_os2.o" --specs=nano.specs -mfpu=fpv4-sp-d16 -mfloat-abi=softfp -mthumb -o "system/freertos/CMSIS_RTOS_V2/cmsis_os2.o"
arm-none-eabi-gcc "../system/freertos/croutine.c" -mcpu=cortex-m4 -std=gnu11 -g3 -DSTM32G474xx -DUSE_HAL_DRIVER -DUSE_FULL_LL_DRIVER -DDEBUG -DEXTERNAL_MODE -c -I"C:/Users/raphael.baumeler/STM32CubeIDE/workspace_1.15.1/cube_g474_v1_4/app" -I"C:/Users/raphael.baumeler/STM32CubeIDE/workspace_1.15.1/cube_g474_v1_4/app/474re" -I"C:/Users/raphael.baumeler/STM32CubeIDE/workspace_1.15.1/cube_g474_v1_4/pil" -I"C:/Users/raphael.baumeler/STM32CubeIDE/workspace_1.15.1/cube_g474_v1_4/inc" -I"C:/Users/raphael.baumeler/STM32CubeIDE/workspace_1.15.1/cube_g474_v1_4/inc_impl" -I"C:/Users/raphael.baumeler/STM32CubeIDE/workspace_1.15.1/cube_g474_v1_4/system" -I"C:/Users/raphael.baumeler/STM32CubeIDE/workspace_1.15.1/cube_g474_v1_4/system/cmsis/include" -I"C:/Users/raphael.baumeler/STM32CubeIDE/workspace_1.15.1/cube_g474_v1_4/system/driver/inc" -I"C:/Users/raphael.baumeler/STM32CubeIDE/workspace_1.15.1/cube_g474_v1_4/system/freertos/include" -I"C:/Users/raphael.baumeler/STM32CubeIDE/workspace_1.15.1/cube_g474_v1_4/system/freertos/portable/GCC/ARM_CM4F" -I"C:/Users/raphael.baumeler/STM32CubeIDE/workspace_1.15.1/cube_g474_v1_4/system/freertos/CMSIS_RTOS" -I"C:/Users/raphael.baumeler/STM32CubeIDE/workspace_1.15.1/cube_g474_v1_4/cg" -include"C:/Users/raphael.baumeler/STM32CubeIDE/workspace_1.15.1/cube_g474_v1_4/cg/plx_defines.h" -Ofast -ffunction-sections -fdata-sections -Wall -fstack-usage -fcyclomatic-complexity -MMD -MP -MF"system/freertos/croutine.d" -MT"system/freertos/croutine.o" --specs=nano.specs -mfpu=fpv4-sp-d16 -mfloat-abi=softfp -mthumb -o "system/freertos/croutine.o"
arm-none-eabi-gcc "../system/freertos/event_groups.c" -mcpu=cortex-m4 -std=gnu11 -g3 -DSTM32G474xx -DUSE_HAL_DRIVER -DUSE_FULL_LL_DRIVER -DDEBUG -DEXTERNAL_MODE -c -I"C:/Users/raphael.baumeler/STM32CubeIDE/workspace_1.15.1/cube_g474_v1_4/app" -I"C:/Users/raphael.baumeler/STM32CubeIDE/workspace_1.15.1/cube_g474_v1_4/app/474re" -I"C:/Users/raphael.baumeler/STM32CubeIDE/workspace_1.15.1/cube_g474_v1_4/pil" -I"C:/Users/raphael.baumeler/STM32CubeIDE/workspace_1.15.1/cube_g474_v1_4/inc" -I"C:/Users/raphael.baumeler/STM32CubeIDE/workspace_1.15.1/cube_g474_v1_4/inc_impl" -I"C:/Users/raphael.baumeler/STM32CubeIDE/workspace_1.15.1/cube_g474_v1_4/system" -I"C:/Users/raphael.baumeler/STM32CubeIDE/workspace_1.15.1/cube_g474_v1_4/system/cmsis/include" -I"C:/Users/raphael.baumeler/STM32CubeIDE/workspace_1.15.1/cube_g474_v1_4/system/driver/inc" -I"C:/Users/raphael.baumeler/STM32CubeIDE/workspace_1.15.1/cube_g474_v1_4/system/freertos/include" -I"C:/Users/raphael.baumeler/STM32CubeIDE/workspace_1.15.1/cube_g474_v1_4/system/freertos/portable/GCC/ARM_CM4F" -I"C:/Users/raphael.baumeler/STM32CubeIDE/workspace_1.15.1/cube_g474_v1_4/system/freertos/CMSIS_RTOS" -I"C:/Users/raphael.baumeler/STM32CubeIDE/workspace_1.15.1/cube_g474_v1_4/cg" -include"C:/Users/raphael.baumeler/STM32CubeIDE/workspace_1.15.1/cube_g474_v1_4/cg/plx_defines.h" -Ofast -ffunction-sections -fdata-sections -Wall -fstack-usage -fcyclomatic-complexity -MMD -MP -MF"system/freertos/event_groups.d" -MT"system/freertos/event_groups.o" --specs=nano.specs -mfpu=fpv4-sp-d16 -mfloat-abi=softfp -mthumb -o "system/freertos/event_groups.o"
arm-none-eabi-gcc "../system/freertos/list.c" -mcpu=cortex-m4 -std=gnu11 -g3 -DSTM32G474xx -DUSE_HAL_DRIVER -DUSE_FULL_LL_DRIVER -DDEBUG -DEXTERNAL_MODE -c -I"C:/Users/raphael.baumeler/STM32CubeIDE/workspace_1.15.1/cube_g474_v1_4/app" -I"C:/Users/raphael.baumeler/STM32CubeIDE/workspace_1.15.1/cube_g474_v1_4/app/474re" -I"C:/Users/raphael.baumeler/STM32CubeIDE/workspace_1.15.1/cube_g474_v1_4/pil" -I"C:/Users/raphael.baumeler/STM32CubeIDE/workspace_1.15.1/cube_g474_v1_4/inc" -I"C:/Users/raphael.baumeler/STM32CubeIDE/workspace_1.15.1/cube_g474_v1_4/inc_impl" -I"C:/Users/raphael.baumeler/STM32CubeIDE/workspace_1.15.1/cube_g474_v1_4/system" -I"C:/Users/raphael.baumeler/STM32CubeIDE/workspace_1.15.1/cube_g474_v1_4/system/cmsis/include" -I"C:/Users/raphael.baumeler/STM32CubeIDE/workspace_1.15.1/cube_g474_v1_4/system/driver/inc" -I"C:/Users/raphael.baumeler/STM32CubeIDE/workspace_1.15.1/cube_g474_v1_4/system/freertos/include" -I"C:/Users/raphael.baumeler/STM32CubeIDE/workspace_1.15.1/cube_g474_v1_4/system/freertos/portable/GCC/ARM_CM4F" -I"C:/Users/raphael.baumeler/STM32CubeIDE/workspace_1.15.1/cube_g474_v1_4/system/freertos/CMSIS_RTOS" -I"C:/Users/raphael.baumeler/STM32CubeIDE/workspace_1.15.1/cube_g474_v1_4/cg" -include"C:/Users/raphael.baumeler/STM32CubeIDE/workspace_1.15.1/cube_g474_v1_4/cg/plx_defines.h" -Ofast -ffunction-sections -fdata-sections -Wall -fstack-usage -fcyclomatic-complexity -MMD -MP -MF"system/freertos/list.d" -MT"system/freertos/list.o" --specs=nano.specs -mfpu=fpv4-sp-d16 -mfloat-abi=softfp -mthumb -o "system/freertos/list.o"
arm-none-eabi-gcc "../system/freertos/queue.c" -mcpu=cortex-m4 -std=gnu11 -g3 -DSTM32G474xx -DUSE_HAL_DRIVER -DUSE_FULL_LL_DRIVER -DDEBUG -DEXTERNAL_MODE -c -I"C:/Users/raphael.baumeler/STM32CubeIDE/workspace_1.15.1/cube_g474_v1_4/app" -I"C:/Users/raphael.baumeler/STM32CubeIDE/workspace_1.15.1/cube_g474_v1_4/app/474re" -I"C:/Users/raphael.baumeler/STM32CubeIDE/workspace_1.15.1/cube_g474_v1_4/pil" -I"C:/Users/raphael.baumeler/STM32CubeIDE/workspace_1.15.1/cube_g474_v1_4/inc" -I"C:/Users/raphael.baumeler/STM32CubeIDE/workspace_1.15.1/cube_g474_v1_4/inc_impl" -I"C:/Users/raphael.baumeler/STM32CubeIDE/workspace_1.15.1/cube_g474_v1_4/system" -I"C:/Users/raphael.baumeler/STM32CubeIDE/workspace_1.15.1/cube_g474_v1_4/system/cmsis/include" -I"C:/Users/raphael.baumeler/STM32CubeIDE/workspace_1.15.1/cube_g474_v1_4/system/driver/inc" -I"C:/Users/raphael.baumeler/STM32CubeIDE/workspace_1.15.1/cube_g474_v1_4/system/freertos/include" -I"C:/Users/raphael.baumeler/STM32CubeIDE/workspace_1.15.1/cube_g474_v1_4/system/freertos/portable/GCC/ARM_CM4F" -I"C:/Users/raphael.baumeler/STM32CubeIDE/workspace_1.15.1/cube_g474_v1_4/system/freertos/CMSIS_RTOS" -I"C:/Users/raphael.baumeler/STM32CubeIDE/workspace_1.15.1/cube_g474_v1_4/cg" -include"C:/Users/raphael.baumeler/STM32CubeIDE/workspace_1.15.1/cube_g474_v1_4/cg/plx_defines.h" -Ofast -ffunction-sections -fdata-sections -Wall -fstack-usage -fcyclomatic-complexity -MMD -MP -MF"system/freertos/queue.d" -MT"system/freertos/queue.o" --specs=nano.specs -mfpu=fpv4-sp-d16 -mfloat-abi=softfp -mthumb -o "system/freertos/queue.o"
arm-none-eabi-gcc "../system/freertos/stream_buffer.c" -mcpu=cortex-m4 -std=gnu11 -g3 -DSTM32G474xx -DUSE_HAL_DRIVER -DUSE_FULL_LL_DRIVER -DDEBUG -DEXTERNAL_MODE -c -I"C:/Users/raphael.baumeler/STM32CubeIDE/workspace_1.15.1/cube_g474_v1_4/app" -I"C:/Users/raphael.baumeler/STM32CubeIDE/workspace_1.15.1/cube_g474_v1_4/app/474re" -I"C:/Users/raphael.baumeler/STM32CubeIDE/workspace_1.15.1/cube_g474_v1_4/pil" -I"C:/Users/raphael.baumeler/STM32CubeIDE/workspace_1.15.1/cube_g474_v1_4/inc" -I"C:/Users/raphael.baumeler/STM32CubeIDE/workspace_1.15.1/cube_g474_v1_4/inc_impl" -I"C:/Users/raphael.baumeler/STM32CubeIDE/workspace_1.15.1/cube_g474_v1_4/system" -I"C:/Users/raphael.baumeler/STM32CubeIDE/workspace_1.15.1/cube_g474_v1_4/system/cmsis/include" -I"C:/Users/raphael.baumeler/STM32CubeIDE/workspace_1.15.1/cube_g474_v1_4/system/driver/inc" -I"C:/Users/raphael.baumeler/STM32CubeIDE/workspace_1.15.1/cube_g474_v1_4/system/freertos/include" -I"C:/Users/raphael.baumeler/STM32CubeIDE/workspace_1.15.1/cube_g474_v1_4/system/freertos/portable/GCC/ARM_CM4F" -I"C:/Users/raphael.baumeler/STM32CubeIDE/workspace_1.15.1/cube_g474_v1_4/system/freertos/CMSIS_RTOS" -I"C:/Users/raphael.baumeler/STM32CubeIDE/workspace_1.15.1/cube_g474_v1_4/cg" -include"C:/Users/raphael.baumeler/STM32CubeIDE/workspace_1.15.1/cube_g474_v1_4/cg/plx_defines.h" -Ofast -ffunction-sections -fdata-sections -Wall -fstack-usage -fcyclomatic-complexity -MMD -MP -MF"system/freertos/stream_buffer.d" -MT"system/freertos/stream_buffer.o" --specs=nano.specs -mfpu=fpv4-sp-d16 -mfloat-abi=softfp -mthumb -o "system/freertos/stream_buffer.o"
arm-none-eabi-gcc "../system/freertos/tasks.c" -mcpu=cortex-m4 -std=gnu11 -g3 -DSTM32G474xx -DUSE_HAL_DRIVER -DUSE_FULL_LL_DRIVER -DDEBUG -DEXTERNAL_MODE -c -I"C:/Users/raphael.baumeler/STM32CubeIDE/workspace_1.15.1/cube_g474_v1_4/app" -I"C:/Users/raphael.baumeler/STM32CubeIDE/workspace_1.15.1/cube_g474_v1_4/app/474re" -I"C:/Users/raphael.baumeler/STM32CubeIDE/workspace_1.15.1/cube_g474_v1_4/pil" -I"C:/Users/raphael.baumeler/STM32CubeIDE/workspace_1.15.1/cube_g474_v1_4/inc" -I"C:/Users/raphael.baumeler/STM32CubeIDE/workspace_1.15.1/cube_g474_v1_4/inc_impl" -I"C:/Users/raphael.baumeler/STM32CubeIDE/workspace_1.15.1/cube_g474_v1_4/system" -I"C:/Users/raphael.baumeler/STM32CubeIDE/workspace_1.15.1/cube_g474_v1_4/system/cmsis/include" -I"C:/Users/raphael.baumeler/STM32CubeIDE/workspace_1.15.1/cube_g474_v1_4/system/driver/inc" -I"C:/Users/raphael.baumeler/STM32CubeIDE/workspace_1.15.1/cube_g474_v1_4/system/freertos/include" -I"C:/Users/raphael.baumeler/STM32CubeIDE/workspace_1.15.1/cube_g474_v1_4/system/freertos/portable/GCC/ARM_CM4F" -I"C:/Users/raphael.baumeler/STM32CubeIDE/workspace_1.15.1/cube_g474_v1_4/system/freertos/CMSIS_RTOS" -I"C:/Users/raphael.baumeler/STM32CubeIDE/workspace_1.15.1/cube_g474_v1_4/cg" -include"C:/Users/raphael.baumeler/STM32CubeIDE/workspace_1.15.1/cube_g474_v1_4/cg/plx_defines.h" -Ofast -ffunction-sections -fdata-sections -Wall -fstack-usage -fcyclomatic-complexity -MMD -MP -MF"system/freertos/tasks.d" -MT"system/freertos/tasks.o" --specs=nano.specs -mfpu=fpv4-sp-d16 -mfloat-abi=softfp -mthumb -o "system/freertos/tasks.o"
arm-none-eabi-gcc "../system/freertos/timers.c" -mcpu=cortex-m4 -std=gnu11 -g3 -DSTM32G474xx -DUSE_HAL_DRIVER -DUSE_FULL_LL_DRIVER -DDEBUG -DEXTERNAL_MODE -c -I"C:/Users/raphael.baumeler/STM32CubeIDE/workspace_1.15.1/cube_g474_v1_4/app" -I"C:/Users/raphael.baumeler/STM32CubeIDE/workspace_1.15.1/cube_g474_v1_4/app/474re" -I"C:/Users/raphael.baumeler/STM32CubeIDE/workspace_1.15.1/cube_g474_v1_4/pil" -I"C:/Users/raphael.baumeler/STM32CubeIDE/workspace_1.15.1/cube_g474_v1_4/inc" -I"C:/Users/raphael.baumeler/STM32CubeIDE/workspace_1.15.1/cube_g474_v1_4/inc_impl" -I"C:/Users/raphael.baumeler/STM32CubeIDE/workspace_1.15.1/cube_g474_v1_4/system" -I"C:/Users/raphael.baumeler/STM32CubeIDE/workspace_1.15.1/cube_g474_v1_4/system/cmsis/include" -I"C:/Users/raphael.baumeler/STM32CubeIDE/workspace_1.15.1/cube_g474_v1_4/system/driver/inc" -I"C:/Users/raphael.baumeler/STM32CubeIDE/workspace_1.15.1/cube_g474_v1_4/system/freertos/include" -I"C:/Users/raphael.baumeler/STM32CubeIDE/workspace_1.15.1/cube_g474_v1_4/system/freertos/portable/GCC/ARM_CM4F" -I"C:/Users/raphael.baumeler/STM32CubeIDE/workspace_1.15.1/cube_g474_v1_4/system/freertos/CMSIS_RTOS" -I"C:/Users/raphael.baumeler/STM32CubeIDE/workspace_1.15.1/cube_g474_v1_4/cg" -include"C:/Users/raphael.baumeler/STM32CubeIDE/workspace_1.15.1/cube_g474_v1_4/cg/plx_defines.h" -Ofast -ffunction-sections -fdata-sections -Wall -fstack-usage -fcyclomatic-complexity -MMD -MP -MF"system/freertos/timers.d" -MT"system/freertos/timers.o" --specs=nano.specs -mfpu=fpv4-sp-d16 -mfloat-abi=softfp -mthumb -o "system/freertos/timers.o"
arm-none-eabi-gcc "../system/driver/src/stm32g4xx_hal.c" -mcpu=cortex-m4 -std=gnu11 -g3 -DSTM32G474xx -DUSE_HAL_DRIVER -DUSE_FULL_LL_DRIVER -DDEBUG -DEXTERNAL_MODE -c -I"C:/Users/raphael.baumeler/STM32CubeIDE/workspace_1.15.1/cube_g474_v1_4/app" -I"C:/Users/raphael.baumeler/STM32CubeIDE/workspace_1.15.1/cube_g474_v1_4/app/474re" -I"C:/Users/raphael.baumeler/STM32CubeIDE/workspace_1.15.1/cube_g474_v1_4/pil" -I"C:/Users/raphael.baumeler/STM32CubeIDE/workspace_1.15.1/cube_g474_v1_4/inc" -I"C:/Users/raphael.baumeler/STM32CubeIDE/workspace_1.15.1/cube_g474_v1_4/inc_impl" -I"C:/Users/raphael.baumeler/STM32CubeIDE/workspace_1.15.1/cube_g474_v1_4/system" -I"C:/Users/raphael.baumeler/STM32CubeIDE/workspace_1.15.1/cube_g474_v1_4/system/cmsis/include" -I"C:/Users/raphael.baumeler/STM32CubeIDE/workspace_1.15.1/cube_g474_v1_4/system/driver/inc" -I"C:/Users/raphael.baumeler/STM32CubeIDE/workspace_1.15.1/cube_g474_v1_4/system/freertos/include" -I"C:/Users/raphael.baumeler/STM32CubeIDE/workspace_1.15.1/cube_g474_v1_4/system/freertos/portable/GCC/ARM_CM4F" -I"C:/Users/raphael.baumeler/STM32CubeIDE/workspace_1.15.1/cube_g474_v1_4/system/freertos/CMSIS_RTOS" -I"C:/Users/raphael.baumeler/STM32CubeIDE/workspace_1.15.1/cube_g474_v1_4/cg" -include"C:/Users/raphael.baumeler/STM32CubeIDE/workspace_1.15.1/cube_g474_v1_4/cg/plx_defines.h" -Ofast -ffunction-sections -fdata-sections -Wall -fstack-usage -fcyclomatic-complexity -MMD -MP -MF"system/driver/src/stm32g4xx_hal.d" -MT"system/driver/src/stm32g4xx_hal.o" --specs=nano.specs -mfpu=fpv4-sp-d16 -mfloat-abi=softfp -mthumb -o "system/driver/src/stm32g4xx_hal.o"
arm-none-eabi-gcc "../system/driver/src/stm32g4xx_hal_cortex.c" -mcpu=cortex-m4 -std=gnu11 -g3 -DSTM32G474xx -DUSE_HAL_DRIVER -DUSE_FULL_LL_DRIVER -DDEBUG -DEXTERNAL_MODE -c -I"C:/Users/raphael.baumeler/STM32CubeIDE/workspace_1.15.1/cube_g474_v1_4/app" -I"C:/Users/raphael.baumeler/STM32CubeIDE/workspace_1.15.1/cube_g474_v1_4/app/474re" -I"C:/Users/raphael.baumeler/STM32CubeIDE/workspace_1.15.1/cube_g474_v1_4/pil" -I"C:/Users/raphael.baumeler/STM32CubeIDE/workspace_1.15.1/cube_g474_v1_4/inc" -I"C:/Users/raphael.baumeler/STM32CubeIDE/workspace_1.15.1/cube_g474_v1_4/inc_impl" -I"C:/Users/raphael.baumeler/STM32CubeIDE/workspace_1.15.1/cube_g474_v1_4/system" -I"C:/Users/raphael.baumeler/STM32CubeIDE/workspace_1.15.1/cube_g474_v1_4/system/cmsis/include" -I"C:/Users/raphael.baumeler/STM32CubeIDE/workspace_1.15.1/cube_g474_v1_4/system/driver/inc" -I"C:/Users/raphael.baumeler/STM32CubeIDE/workspace_1.15.1/cube_g474_v1_4/system/freertos/include" -I"C:/Users/raphael.baumeler/STM32CubeIDE/workspace_1.15.1/cube_g474_v1_4/system/freertos/portable/GCC/ARM_CM4F" -I"C:/Users/raphael.baumeler/STM32CubeIDE/workspace_1.15.1/cube_g474_v1_4/system/freertos/CMSIS_RTOS" -I"C:/Users/raphael.baumeler/STM32CubeIDE/workspace_1.15.1/cube_g474_v1_4/cg" -include"C:/Users/raphael.baumeler/STM32CubeIDE/workspace_1.15.1/cube_g474_v1_4/cg/plx_defines.h" -Ofast -ffunction-sections -fdata-sections -Wall -fstack-usage -fcyclomatic-complexity -MMD -MP -MF"system/driver/src/stm32g4xx_hal_cortex.d" -MT"system/driver/src/stm32g4xx_hal_cortex.o" --specs=nano.specs -mfpu=fpv4-sp-d16 -mfloat-abi=softfp -mthumb -o "system/driver/src/stm32g4xx_hal_cortex.o"
arm-none-eabi-gcc "../system/driver/src/stm32g4xx_hal_dac.c" -mcpu=cortex-m4 -std=gnu11 -g3 -DSTM32G474xx -DUSE_HAL_DRIVER -DUSE_FULL_LL_DRIVER -DDEBUG -DEXTERNAL_MODE -c -I"C:/Users/raphael.baumeler/STM32CubeIDE/workspace_1.15.1/cube_g474_v1_4/app" -I"C:/Users/raphael.baumeler/STM32CubeIDE/workspace_1.15.1/cube_g474_v1_4/app/474re" -I"C:/Users/raphael.baumeler/STM32CubeIDE/workspace_1.15.1/cube_g474_v1_4/pil" -I"C:/Users/raphael.baumeler/STM32CubeIDE/workspace_1.15.1/cube_g474_v1_4/inc" -I"C:/Users/raphael.baumeler/STM32CubeIDE/workspace_1.15.1/cube_g474_v1_4/inc_impl" -I"C:/Users/raphael.baumeler/STM32CubeIDE/workspace_1.15.1/cube_g474_v1_4/system" -I"C:/Users/raphael.baumeler/STM32CubeIDE/workspace_1.15.1/cube_g474_v1_4/system/cmsis/include" -I"C:/Users/raphael.baumeler/STM32CubeIDE/workspace_1.15.1/cube_g474_v1_4/system/driver/inc" -I"C:/Users/raphael.baumeler/STM32CubeIDE/workspace_1.15.1/cube_g474_v1_4/system/freertos/include" -I"C:/Users/raphael.baumeler/STM32CubeIDE/workspace_1.15.1/cube_g474_v1_4/system/freertos/portable/GCC/ARM_CM4F" -I"C:/Users/raphael.baumeler/STM32CubeIDE/workspace_1.15.1/cube_g474_v1_4/system/freertos/CMSIS_RTOS" -I"C:/Users/raphael.baumeler/STM32CubeIDE/workspace_1.15.1/cube_g474_v1_4/cg" -include"C:/Users/raphael.baumeler/STM32CubeIDE/workspace_1.15.1/cube_g474_v1_4/cg/plx_defines.h" -Ofast -ffunction-sections -fdata-sections -Wall -fstack-usage -fcyclomatic-complexity -MMD -MP -MF"system/driver/src/stm32g4xx_hal_dac.d" -MT"system/driver/src/stm32g4xx_hal_dac.o" --specs=nano.specs -mfpu=fpv4-sp-d16 -mfloat-abi=softfp -mthumb -o "system/driver/src/stm32g4xx_hal_dac.o"
arm-none-eabi-gcc "../system/driver/src/stm32g4xx_hal_exti.c" -mcpu=cortex-m4 -std=gnu11 -g3 -DSTM32G474xx -DUSE_HAL_DRIVER -DUSE_FULL_LL_DRIVER -DDEBUG -DEXTERNAL_MODE -c -I"C:/Users/raphael.baumeler/STM32CubeIDE/workspace_1.15.1/cube_g474_v1_4/app" -I"C:/Users/raphael.baumeler/STM32CubeIDE/workspace_1.15.1/cube_g474_v1_4/app/474re" -I"C:/Users/raphael.baumeler/STM32CubeIDE/workspace_1.15.1/cube_g474_v1_4/pil" -I"C:/Users/raphael.baumeler/STM32CubeIDE/workspace_1.15.1/cube_g474_v1_4/inc" -I"C:/Users/raphael.baumeler/STM32CubeIDE/workspace_1.15.1/cube_g474_v1_4/inc_impl" -I"C:/Users/raphael.baumeler/STM32CubeIDE/workspace_1.15.1/cube_g474_v1_4/system" -I"C:/Users/raphael.baumeler/STM32CubeIDE/workspace_1.15.1/cube_g474_v1_4/system/cmsis/include" -I"C:/Users/raphael.baumeler/STM32CubeIDE/workspace_1.15.1/cube_g474_v1_4/system/driver/inc" -I"C:/Users/raphael.baumeler/STM32CubeIDE/workspace_1.15.1/cube_g474_v1_4/system/freertos/include" -I"C:/Users/raphael.baumeler/STM32CubeIDE/workspace_1.15.1/cube_g474_v1_4/system/freertos/portable/GCC/ARM_CM4F" -I"C:/Users/raphael.baumeler/STM32CubeIDE/workspace_1.15.1/cube_g474_v1_4/system/freertos/CMSIS_RTOS" -I"C:/Users/raphael.baumeler/STM32CubeIDE/workspace_1.15.1/cube_g474_v1_4/cg" -include"C:/Users/raphael.baumeler/STM32CubeIDE/workspace_1.15.1/cube_g474_v1_4/cg/plx_defines.h" -Ofast -ffunction-sections -fdata-sections -Wall -fstack-usage -fcyclomatic-complexity -MMD -MP -MF"system/driver/src/stm32g4xx_hal_exti.d" -MT"system/driver/src/stm32g4xx_hal_exti.o" --specs=nano.specs -mfpu=fpv4-sp-d16 -mfloat-abi=softfp -mthumb -o "system/driver/src/stm32g4xx_hal_exti.o"
arm-none-eabi-gcc "../system/driver/src/stm32g4xx_hal_fdcan.c" -mcpu=cortex-m4 -std=gnu11 -g3 -DSTM32G474xx -DUSE_HAL_DRIVER -DUSE_FULL_LL_DRIVER -DDEBUG -DEXTERNAL_MODE -c -I"C:/Users/raphael.baumeler/STM32CubeIDE/workspace_1.15.1/cube_g474_v1_4/app" -I"C:/Users/raphael.baumeler/STM32CubeIDE/workspace_1.15.1/cube_g474_v1_4/app/474re" -I"C:/Users/raphael.baumeler/STM32CubeIDE/workspace_1.15.1/cube_g474_v1_4/pil" -I"C:/Users/raphael.baumeler/STM32CubeIDE/workspace_1.15.1/cube_g474_v1_4/inc" -I"C:/Users/raphael.baumeler/STM32CubeIDE/workspace_1.15.1/cube_g474_v1_4/inc_impl" -I"C:/Users/raphael.baumeler/STM32CubeIDE/workspace_1.15.1/cube_g474_v1_4/system" -I"C:/Users/raphael.baumeler/STM32CubeIDE/workspace_1.15.1/cube_g474_v1_4/system/cmsis/include" -I"C:/Users/raphael.baumeler/STM32CubeIDE/workspace_1.15.1/cube_g474_v1_4/system/driver/inc" -I"C:/Users/raphael.baumeler/STM32CubeIDE/workspace_1.15.1/cube_g474_v1_4/system/freertos/include" -I"C:/Users/raphael.baumeler/STM32CubeIDE/workspace_1.15.1/cube_g474_v1_4/system/freertos/portable/GCC/ARM_CM4F" -I"C:/Users/raphael.baumeler/STM32CubeIDE/workspace_1.15.1/cube_g474_v1_4/system/freertos/CMSIS_RTOS" -I"C:/Users/raphael.baumeler/STM32CubeIDE/workspace_1.15.1/cube_g474_v1_4/cg" -include"C:/Users/raphael.baumeler/STM32CubeIDE/workspace_1.15.1/cube_g474_v1_4/cg/plx_defines.h" -Ofast -ffunction-sections -fdata-sections -Wall -fstack-usage -fcyclomatic-complexity -MMD -MP -MF"system/driver/src/stm32g4xx_hal_fdcan.d" -MT"system/driver/src/stm32g4xx_hal_fdcan.o" --specs=nano.specs -mfpu=fpv4-sp-d16 -mfloat-abi=softfp -mthumb -o "system/driver/src/stm32g4xx_hal_fdcan.o"
arm-none-eabi-gcc "../system/driver/src/stm32g4xx_hal_gpio.c" -mcpu=cortex-m4 -std=gnu11 -g3 -DSTM32G474xx -DUSE_HAL_DRIVER -DUSE_FULL_LL_DRIVER -DDEBUG -DEXTERNAL_MODE -c -I"C:/Users/raphael.baumeler/STM32CubeIDE/workspace_1.15.1/cube_g474_v1_4/app" -I"C:/Users/raphael.baumeler/STM32CubeIDE/workspace_1.15.1/cube_g474_v1_4/app/474re" -I"C:/Users/raphael.baumeler/STM32CubeIDE/workspace_1.15.1/cube_g474_v1_4/pil" -I"C:/Users/raphael.baumeler/STM32CubeIDE/workspace_1.15.1/cube_g474_v1_4/inc" -I"C:/Users/raphael.baumeler/STM32CubeIDE/workspace_1.15.1/cube_g474_v1_4/inc_impl" -I"C:/Users/raphael.baumeler/STM32CubeIDE/workspace_1.15.1/cube_g474_v1_4/system" -I"C:/Users/raphael.baumeler/STM32CubeIDE/workspace_1.15.1/cube_g474_v1_4/system/cmsis/include" -I"C:/Users/raphael.baumeler/STM32CubeIDE/workspace_1.15.1/cube_g474_v1_4/system/driver/inc" -I"C:/Users/raphael.baumeler/STM32CubeIDE/workspace_1.15.1/cube_g474_v1_4/system/freertos/include" -I"C:/Users/raphael.baumeler/STM32CubeIDE/workspace_1.15.1/cube_g474_v1_4/system/freertos/portable/GCC/ARM_CM4F" -I"C:/Users/raphael.baumeler/STM32CubeIDE/workspace_1.15.1/cube_g474_v1_4/system/freertos/CMSIS_RTOS" -I"C:/Users/raphael.baumeler/STM32CubeIDE/workspace_1.15.1/cube_g474_v1_4/cg" -include"C:/Users/raphael.baumeler/STM32CubeIDE/workspace_1.15.1/cube_g474_v1_4/cg/plx_defines.h" -Ofast -ffunction-sections -fdata-sections -Wall -fstack-usage -fcyclomatic-complexity -MMD -MP -MF"system/driver/src/stm32g4xx_hal_gpio.d" -MT"system/driver/src/stm32g4xx_hal_gpio.o" --specs=nano.specs -mfpu=fpv4-sp-d16 -mfloat-abi=softfp -mthumb -o "system/driver/src/stm32g4xx_hal_gpio.o"
arm-none-eabi-gcc "../system/driver/src/stm32g4xx_hal_pwr.c" -mcpu=cortex-m4 -std=gnu11 -g3 -DSTM32G474xx -DUSE_HAL_DRIVER -DUSE_FULL_LL_DRIVER -DDEBUG -DEXTERNAL_MODE -c -I"C:/Users/raphael.baumeler/STM32CubeIDE/workspace_1.15.1/cube_g474_v1_4/app" -I"C:/Users/raphael.baumeler/STM32CubeIDE/workspace_1.15.1/cube_g474_v1_4/app/474re" -I"C:/Users/raphael.baumeler/STM32CubeIDE/workspace_1.15.1/cube_g474_v1_4/pil" -I"C:/Users/raphael.baumeler/STM32CubeIDE/workspace_1.15.1/cube_g474_v1_4/inc" -I"C:/Users/raphael.baumeler/STM32CubeIDE/workspace_1.15.1/cube_g474_v1_4/inc_impl" -I"C:/Users/raphael.baumeler/STM32CubeIDE/workspace_1.15.1/cube_g474_v1_4/system" -I"C:/Users/raphael.baumeler/STM32CubeIDE/workspace_1.15.1/cube_g474_v1_4/system/cmsis/include" -I"C:/Users/raphael.baumeler/STM32CubeIDE/workspace_1.15.1/cube_g474_v1_4/system/driver/inc" -I"C:/Users/raphael.baumeler/STM32CubeIDE/workspace_1.15.1/cube_g474_v1_4/system/freertos/include" -I"C:/Users/raphael.baumeler/STM32CubeIDE/workspace_1.15.1/cube_g474_v1_4/system/freertos/portable/GCC/ARM_CM4F" -I"C:/Users/raphael.baumeler/STM32CubeIDE/workspace_1.15.1/cube_g474_v1_4/system/freertos/CMSIS_RTOS" -I"C:/Users/raphael.baumeler/STM32CubeIDE/workspace_1.15.1/cube_g474_v1_4/cg" -include"C:/Users/raphael.baumeler/STM32CubeIDE/workspace_1.15.1/cube_g474_v1_4/cg/plx_defines.h" -Ofast -ffunction-sections -fdata-sections -Wall -fstack-usage -fcyclomatic-complexity -MMD -MP -MF"system/driver/src/stm32g4xx_hal_pwr.d" -MT"system/driver/src/stm32g4xx_hal_pwr.o" --specs=nano.specs -mfpu=fpv4-sp-d16 -mfloat-abi=softfp -mthumb -o "system/driver/src/stm32g4xx_hal_pwr.o"
arm-none-eabi-gcc "../system/driver/src/stm32g4xx_hal_pwr_ex.c" -mcpu=cortex-m4 -std=gnu11 -g3 -DSTM32G474xx -DUSE_HAL_DRIVER -DUSE_FULL_LL_DRIVER -DDEBUG -DEXTERNAL_MODE -c -I"C:/Users/raphael.baumeler/STM32CubeIDE/workspace_1.15.1/cube_g474_v1_4/app" -I"C:/Users/raphael.baumeler/STM32CubeIDE/workspace_1.15.1/cube_g474_v1_4/app/474re" -I"C:/Users/raphael.baumeler/STM32CubeIDE/workspace_1.15.1/cube_g474_v1_4/pil" -I"C:/Users/raphael.baumeler/STM32CubeIDE/workspace_1.15.1/cube_g474_v1_4/inc" -I"C:/Users/raphael.baumeler/STM32CubeIDE/workspace_1.15.1/cube_g474_v1_4/inc_impl" -I"C:/Users/raphael.baumeler/STM32CubeIDE/workspace_1.15.1/cube_g474_v1_4/system" -I"C:/Users/raphael.baumeler/STM32CubeIDE/workspace_1.15.1/cube_g474_v1_4/system/cmsis/include" -I"C:/Users/raphael.baumeler/STM32CubeIDE/workspace_1.15.1/cube_g474_v1_4/system/driver/inc" -I"C:/Users/raphael.baumeler/STM32CubeIDE/workspace_1.15.1/cube_g474_v1_4/system/freertos/include" -I"C:/Users/raphael.baumeler/STM32CubeIDE/workspace_1.15.1/cube_g474_v1_4/system/freertos/portable/GCC/ARM_CM4F" -I"C:/Users/raphael.baumeler/STM32CubeIDE/workspace_1.15.1/cube_g474_v1_4/system/freertos/CMSIS_RTOS" -I"C:/Users/raphael.baumeler/STM32CubeIDE/workspace_1.15.1/cube_g474_v1_4/cg" -include"C:/Users/raphael.baumeler/STM32CubeIDE/workspace_1.15.1/cube_g474_v1_4/cg/plx_defines.h" -Ofast -ffunction-sections -fdata-sections -Wall -fstack-usage -fcyclomatic-complexity -MMD -MP -MF"system/driver/src/stm32g4xx_hal_pwr_ex.d" -MT"system/driver/src/stm32g4xx_hal_pwr_ex.o" --specs=nano.specs -mfpu=fpv4-sp-d16 -mfloat-abi=softfp -mthumb -o "system/driver/src/stm32g4xx_hal_pwr_ex.o"
arm-none-eabi-gcc "../system/driver/src/stm32g4xx_hal_rcc.c" -mcpu=cortex-m4 -std=gnu11 -g3 -DSTM32G474xx -DUSE_HAL_DRIVER -DUSE_FULL_LL_DRIVER -DDEBUG -DEXTERNAL_MODE -c -I"C:/Users/raphael.baumeler/STM32CubeIDE/workspace_1.15.1/cube_g474_v1_4/app" -I"C:/Users/raphael.baumeler/STM32CubeIDE/workspace_1.15.1/cube_g474_v1_4/app/474re" -I"C:/Users/raphael.baumeler/STM32CubeIDE/workspace_1.15.1/cube_g474_v1_4/pil" -I"C:/Users/raphael.baumeler/STM32CubeIDE/workspace_1.15.1/cube_g474_v1_4/inc" -I"C:/Users/raphael.baumeler/STM32CubeIDE/workspace_1.15.1/cube_g474_v1_4/inc_impl" -I"C:/Users/raphael.baumeler/STM32CubeIDE/workspace_1.15.1/cube_g474_v1_4/system" -I"C:/Users/raphael.baumeler/STM32CubeIDE/workspace_1.15.1/cube_g474_v1_4/system/cmsis/include" -I"C:/Users/raphael.baumeler/STM32CubeIDE/workspace_1.15.1/cube_g474_v1_4/system/driver/inc" -I"C:/Users/raphael.baumeler/STM32CubeIDE/workspace_1.15.1/cube_g474_v1_4/system/freertos/include" -I"C:/Users/raphael.baumeler/STM32CubeIDE/workspace_1.15.1/cube_g474_v1_4/system/freertos/portable/GCC/ARM_CM4F" -I"C:/Users/raphael.baumeler/STM32CubeIDE/workspace_1.15.1/cube_g474_v1_4/system/freertos/CMSIS_RTOS" -I"C:/Users/raphael.baumeler/STM32CubeIDE/workspace_1.15.1/cube_g474_v1_4/cg" -include"C:/Users/raphael.baumeler/STM32CubeIDE/workspace_1.15.1/cube_g474_v1_4/cg/plx_defines.h" -Ofast -ffunction-sections -fdata-sections -Wall -fstack-usage -fcyclomatic-complexity -MMD -MP -MF"system/driver/src/stm32g4xx_hal_rcc.d" -MT"system/driver/src/stm32g4xx_hal_rcc.o" --specs=nano.specs -mfpu=fpv4-sp-d16 -mfloat-abi=softfp -mthumb -o "system/driver/src/stm32g4xx_hal_rcc.o"
arm-none-eabi-gcc "../system/driver/src/stm32g4xx_hal_rcc_ex.c" -mcpu=cortex-m4 -std=gnu11 -g3 -DSTM32G474xx -DUSE_HAL_DRIVER -DUSE_FULL_LL_DRIVER -DDEBUG -DEXTERNAL_MODE -c -I"C:/Users/raphael.baumeler/STM32CubeIDE/workspace_1.15.1/cube_g474_v1_4/app" -I"C:/Users/raphael.baumeler/STM32CubeIDE/workspace_1.15.1/cube_g474_v1_4/app/474re" -I"C:/Users/raphael.baumeler/STM32CubeIDE/workspace_1.15.1/cube_g474_v1_4/pil" -I"C:/Users/raphael.baumeler/STM32CubeIDE/workspace_1.15.1/cube_g474_v1_4/inc" -I"C:/Users/raphael.baumeler/STM32CubeIDE/workspace_1.15.1/cube_g474_v1_4/inc_impl" -I"C:/Users/raphael.baumeler/STM32CubeIDE/workspace_1.15.1/cube_g474_v1_4/system" -I"C:/Users/raphael.baumeler/STM32CubeIDE/workspace_1.15.1/cube_g474_v1_4/system/cmsis/include" -I"C:/Users/raphael.baumeler/STM32CubeIDE/workspace_1.15.1/cube_g474_v1_4/system/driver/inc" -I"C:/Users/raphael.baumeler/STM32CubeIDE/workspace_1.15.1/cube_g474_v1_4/system/freertos/include" -I"C:/Users/raphael.baumeler/STM32CubeIDE/workspace_1.15.1/cube_g474_v1_4/system/freertos/portable/GCC/ARM_CM4F" -I"C:/Users/raphael.baumeler/STM32CubeIDE/workspace_1.15.1/cube_g474_v1_4/system/freertos/CMSIS_RTOS" -I"C:/Users/raphael.baumeler/STM32CubeIDE/workspace_1.15.1/cube_g474_v1_4/cg" -include"C:/Users/raphael.baumeler/STM32CubeIDE/workspace_1.15.1/cube_g474_v1_4/cg/plx_defines.h" -Ofast -ffunction-sections -fdata-sections -Wall -fstack-usage -fcyclomatic-complexity -MMD -MP -MF"system/driver/src/stm32g4xx_hal_rcc_ex.d" -MT"system/driver/src/stm32g4xx_hal_rcc_ex.o" --specs=nano.specs -mfpu=fpv4-sp-d16 -mfloat-abi=softfp -mthumb -o "system/driver/src/stm32g4xx_hal_rcc_ex.o"
arm-none-eabi-gcc "../system/driver/src/stm32g4xx_hal_tim.c" -mcpu=cortex-m4 -std=gnu11 -g3 -DSTM32G474xx -DUSE_HAL_DRIVER -DUSE_FULL_LL_DRIVER -DDEBUG -DEXTERNAL_MODE -c -I"C:/Users/raphael.baumeler/STM32CubeIDE/workspace_1.15.1/cube_g474_v1_4/app" -I"C:/Users/raphael.baumeler/STM32CubeIDE/workspace_1.15.1/cube_g474_v1_4/app/474re" -I"C:/Users/raphael.baumeler/STM32CubeIDE/workspace_1.15.1/cube_g474_v1_4/pil" -I"C:/Users/raphael.baumeler/STM32CubeIDE/workspace_1.15.1/cube_g474_v1_4/inc" -I"C:/Users/raphael.baumeler/STM32CubeIDE/workspace_1.15.1/cube_g474_v1_4/inc_impl" -I"C:/Users/raphael.baumeler/STM32CubeIDE/workspace_1.15.1/cube_g474_v1_4/system" -I"C:/Users/raphael.baumeler/STM32CubeIDE/workspace_1.15.1/cube_g474_v1_4/system/cmsis/include" -I"C:/Users/raphael.baumeler/STM32CubeIDE/workspace_1.15.1/cube_g474_v1_4/system/driver/inc" -I"C:/Users/raphael.baumeler/STM32CubeIDE/workspace_1.15.1/cube_g474_v1_4/system/freertos/include" -I"C:/Users/raphael.baumeler/STM32CubeIDE/workspace_1.15.1/cube_g474_v1_4/system/freertos/portable/GCC/ARM_CM4F" -I"C:/Users/raphael.baumeler/STM32CubeIDE/workspace_1.15.1/cube_g474_v1_4/system/freertos/CMSIS_RTOS" -I"C:/Users/raphael.baumeler/STM32CubeIDE/workspace_1.15.1/cube_g474_v1_4/cg" -include"C:/Users/raphael.baumeler/STM32CubeIDE/workspace_1.15.1/cube_g474_v1_4/cg/plx_defines.h" -Ofast -ffunction-sections -fdata-sections -Wall -fstack-usage -fcyclomatic-complexity -MMD -MP -MF"system/driver/src/stm32g4xx_hal_tim.d" -MT"system/driver/src/stm32g4xx_hal_tim.o" --specs=nano.specs -mfpu=fpv4-sp-d16 -mfloat-abi=softfp -mthumb -o "system/driver/src/stm32g4xx_hal_tim.o"
arm-none-eabi-gcc "../system/driver/src/stm32g4xx_hal_tim_ex.c" -mcpu=cortex-m4 -std=gnu11 -g3 -DSTM32G474xx -DUSE_HAL_DRIVER -DUSE_FULL_LL_DRIVER -DDEBUG -DEXTERNAL_MODE -c -I"C:/Users/raphael.baumeler/STM32CubeIDE/workspace_1.15.1/cube_g474_v1_4/app" -I"C:/Users/raphael.baumeler/STM32CubeIDE/workspace_1.15.1/cube_g474_v1_4/app/474re" -I"C:/Users/raphael.baumeler/STM32CubeIDE/workspace_1.15.1/cube_g474_v1_4/pil" -I"C:/Users/raphael.baumeler/STM32CubeIDE/workspace_1.15.1/cube_g474_v1_4/inc" -I"C:/Users/raphael.baumeler/STM32CubeIDE/workspace_1.15.1/cube_g474_v1_4/inc_impl" -I"C:/Users/raphael.baumeler/STM32CubeIDE/workspace_1.15.1/cube_g474_v1_4/system" -I"C:/Users/raphael.baumeler/STM32CubeIDE/workspace_1.15.1/cube_g474_v1_4/system/cmsis/include" -I"C:/Users/raphael.baumeler/STM32CubeIDE/workspace_1.15.1/cube_g474_v1_4/system/driver/inc" -I"C:/Users/raphael.baumeler/STM32CubeIDE/workspace_1.15.1/cube_g474_v1_4/system/freertos/include" -I"C:/Users/raphael.baumeler/STM32CubeIDE/workspace_1.15.1/cube_g474_v1_4/system/freertos/portable/GCC/ARM_CM4F" -I"C:/Users/raphael.baumeler/STM32CubeIDE/workspace_1.15.1/cube_g474_v1_4/system/freertos/CMSIS_RTOS" -I"C:/Users/raphael.baumeler/STM32CubeIDE/workspace_1.15.1/cube_g474_v1_4/cg" -include"C:/Users/raphael.baumeler/STM32CubeIDE/workspace_1.15.1/cube_g474_v1_4/cg/plx_defines.h" -Ofast -ffunction-sections -fdata-sections -Wall -fstack-usage -fcyclomatic-complexity -MMD -MP -MF"system/driver/src/stm32g4xx_hal_tim_ex.d" -MT"system/driver/src/stm32g4xx_hal_tim_ex.o" --specs=nano.specs -mfpu=fpv4-sp-d16 -mfloat-abi=softfp -mthumb -o "system/driver/src/stm32g4xx_hal_tim_ex.o"
arm-none-eabi-gcc "../system/driver/src/stm32g4xx_hal_uart.c" -mcpu=cortex-m4 -std=gnu11 -g3 -DSTM32G474xx -DUSE_HAL_DRIVER -DUSE_FULL_LL_DRIVER -DDEBUG -DEXTERNAL_MODE -c -I"C:/Users/raphael.baumeler/STM32CubeIDE/workspace_1.15.1/cube_g474_v1_4/app" -I"C:/Users/raphael.baumeler/STM32CubeIDE/workspace_1.15.1/cube_g474_v1_4/app/474re" -I"C:/Users/raphael.baumeler/STM32CubeIDE/workspace_1.15.1/cube_g474_v1_4/pil" -I"C:/Users/raphael.baumeler/STM32CubeIDE/workspace_1.15.1/cube_g474_v1_4/inc" -I"C:/Users/raphael.baumeler/STM32CubeIDE/workspace_1.15.1/cube_g474_v1_4/inc_impl" -I"C:/Users/raphael.baumeler/STM32CubeIDE/workspace_1.15.1/cube_g474_v1_4/system" -I"C:/Users/raphael.baumeler/STM32CubeIDE/workspace_1.15.1/cube_g474_v1_4/system/cmsis/include" -I"C:/Users/raphael.baumeler/STM32CubeIDE/workspace_1.15.1/cube_g474_v1_4/system/driver/inc" -I"C:/Users/raphael.baumeler/STM32CubeIDE/workspace_1.15.1/cube_g474_v1_4/system/freertos/include" -I"C:/Users/raphael.baumeler/STM32CubeIDE/workspace_1.15.1/cube_g474_v1_4/system/freertos/portable/GCC/ARM_CM4F" -I"C:/Users/raphael.baumeler/STM32CubeIDE/workspace_1.15.1/cube_g474_v1_4/system/freertos/CMSIS_RTOS" -I"C:/Users/raphael.baumeler/STM32CubeIDE/workspace_1.15.1/cube_g474_v1_4/cg" -include"C:/Users/raphael.baumeler/STM32CubeIDE/workspace_1.15.1/cube_g474_v1_4/cg/plx_defines.h" -Ofast -ffunction-sections -fdata-sections -Wall -fstack-usage -fcyclomatic-complexity -MMD -MP -MF"system/driver/src/stm32g4xx_hal_uart.d" -MT"system/driver/src/stm32g4xx_hal_uart.o" --specs=nano.specs -mfpu=fpv4-sp-d16 -mfloat-abi=softfp -mthumb -o "system/driver/src/stm32g4xx_hal_uart.o"
arm-none-eabi-gcc "../system/driver/src/stm32g4xx_hal_uart_ex.c" -mcpu=cortex-m4 -std=gnu11 -g3 -DSTM32G474xx -DUSE_HAL_DRIVER -DUSE_FULL_LL_DRIVER -DDEBUG -DEXTERNAL_MODE -c -I"C:/Users/raphael.baumeler/STM32CubeIDE/workspace_1.15.1/cube_g474_v1_4/app" -I"C:/Users/raphael.baumeler/STM32CubeIDE/workspace_1.15.1/cube_g474_v1_4/app/474re" -I"C:/Users/raphael.baumeler/STM32CubeIDE/workspace_1.15.1/cube_g474_v1_4/pil" -I"C:/Users/raphael.baumeler/STM32CubeIDE/workspace_1.15.1/cube_g474_v1_4/inc" -I"C:/Users/raphael.baumeler/STM32CubeIDE/workspace_1.15.1/cube_g474_v1_4/inc_impl" -I"C:/Users/raphael.baumeler/STM32CubeIDE/workspace_1.15.1/cube_g474_v1_4/system" -I"C:/Users/raphael.baumeler/STM32CubeIDE/workspace_1.15.1/cube_g474_v1_4/system/cmsis/include" -I"C:/Users/raphael.baumeler/STM32CubeIDE/workspace_1.15.1/cube_g474_v1_4/system/driver/inc" -I"C:/Users/raphael.baumeler/STM32CubeIDE/workspace_1.15.1/cube_g474_v1_4/system/freertos/include" -I"C:/Users/raphael.baumeler/STM32CubeIDE/workspace_1.15.1/cube_g474_v1_4/system/freertos/portable/GCC/ARM_CM4F" -I"C:/Users/raphael.baumeler/STM32CubeIDE/workspace_1.15.1/cube_g474_v1_4/system/freertos/CMSIS_RTOS" -I"C:/Users/raphael.baumeler/STM32CubeIDE/workspace_1.15.1/cube_g474_v1_4/cg" -include"C:/Users/raphael.baumeler/STM32CubeIDE/workspace_1.15.1/cube_g474_v1_4/cg/plx_defines.h" -Ofast -ffunction-sections -fdata-sections -Wall -fstack-usage -fcyclomatic-complexity -MMD -MP -MF"system/driver/src/stm32g4xx_hal_uart_ex.d" -MT"system/driver/src/stm32g4xx_hal_uart_ex.o" --specs=nano.specs -mfpu=fpv4-sp-d16 -mfloat-abi=softfp -mthumb -o "system/driver/src/stm32g4xx_hal_uart_ex.o"
arm-none-eabi-gcc "../system/driver/src/stm32g4xx_ll_adc.c" -mcpu=cortex-m4 -std=gnu11 -g3 -DSTM32G474xx -DUSE_HAL_DRIVER -DUSE_FULL_LL_DRIVER -DDEBUG -DEXTERNAL_MODE -c -I"C:/Users/raphael.baumeler/STM32CubeIDE/workspace_1.15.1/cube_g474_v1_4/app" -I"C:/Users/raphael.baumeler/STM32CubeIDE/workspace_1.15.1/cube_g474_v1_4/app/474re" -I"C:/Users/raphael.baumeler/STM32CubeIDE/workspace_1.15.1/cube_g474_v1_4/pil" -I"C:/Users/raphael.baumeler/STM32CubeIDE/workspace_1.15.1/cube_g474_v1_4/inc" -I"C:/Users/raphael.baumeler/STM32CubeIDE/workspace_1.15.1/cube_g474_v1_4/inc_impl" -I"C:/Users/raphael.baumeler/STM32CubeIDE/workspace_1.15.1/cube_g474_v1_4/system" -I"C:/Users/raphael.baumeler/STM32CubeIDE/workspace_1.15.1/cube_g474_v1_4/system/cmsis/include" -I"C:/Users/raphael.baumeler/STM32CubeIDE/workspace_1.15.1/cube_g474_v1_4/system/driver/inc" -I"C:/Users/raphael.baumeler/STM32CubeIDE/workspace_1.15.1/cube_g474_v1_4/system/freertos/include" -I"C:/Users/raphael.baumeler/STM32CubeIDE/workspace_1.15.1/cube_g474_v1_4/system/freertos/portable/GCC/ARM_CM4F" -I"C:/Users/raphael.baumeler/STM32CubeIDE/workspace_1.15.1/cube_g474_v1_4/system/freertos/CMSIS_RTOS" -I"C:/Users/raphael.baumeler/STM32CubeIDE/workspace_1.15.1/cube_g474_v1_4/cg" -include"C:/Users/raphael.baumeler/STM32CubeIDE/workspace_1.15.1/cube_g474_v1_4/cg/plx_defines.h" -Ofast -ffunction-sections -fdata-sections -Wall -fstack-usage -fcyclomatic-complexity -MMD -MP -MF"system/driver/src/stm32g4xx_ll_adc.d" -MT"system/driver/src/stm32g4xx_ll_adc.o" --specs=nano.specs -mfpu=fpv4-sp-d16 -mfloat-abi=softfp -mthumb -o "system/driver/src/stm32g4xx_ll_adc.o"
arm-none-eabi-gcc "../system/driver/src/stm32g4xx_ll_comp.c" -mcpu=cortex-m4 -std=gnu11 -g3 -DSTM32G474xx -DUSE_HAL_DRIVER -DUSE_FULL_LL_DRIVER -DDEBUG -DEXTERNAL_MODE -c -I"C:/Users/raphael.baumeler/STM32CubeIDE/workspace_1.15.1/cube_g474_v1_4/app" -I"C:/Users/raphael.baumeler/STM32CubeIDE/workspace_1.15.1/cube_g474_v1_4/app/474re" -I"C:/Users/raphael.baumeler/STM32CubeIDE/workspace_1.15.1/cube_g474_v1_4/pil" -I"C:/Users/raphael.baumeler/STM32CubeIDE/workspace_1.15.1/cube_g474_v1_4/inc" -I"C:/Users/raphael.baumeler/STM32CubeIDE/workspace_1.15.1/cube_g474_v1_4/inc_impl" -I"C:/Users/raphael.baumeler/STM32CubeIDE/workspace_1.15.1/cube_g474_v1_4/system" -I"C:/Users/raphael.baumeler/STM32CubeIDE/workspace_1.15.1/cube_g474_v1_4/system/cmsis/include" -I"C:/Users/raphael.baumeler/STM32CubeIDE/workspace_1.15.1/cube_g474_v1_4/system/driver/inc" -I"C:/Users/raphael.baumeler/STM32CubeIDE/workspace_1.15.1/cube_g474_v1_4/system/freertos/include" -I"C:/Users/raphael.baumeler/STM32CubeIDE/workspace_1.15.1/cube_g474_v1_4/system/freertos/portable/GCC/ARM_CM4F" -I"C:/Users/raphael.baumeler/STM32CubeIDE/workspace_1.15.1/cube_g474_v1_4/system/freertos/CMSIS_RTOS" -I"C:/Users/raphael.baumeler/STM32CubeIDE/workspace_1.15.1/cube_g474_v1_4/cg" -include"C:/Users/raphael.baumeler/STM32CubeIDE/workspace_1.15.1/cube_g474_v1_4/cg/plx_defines.h" -Ofast -ffunction-sections -fdata-sections -Wall -fstack-usage -fcyclomatic-complexity -MMD -MP -MF"system/driver/src/stm32g4xx_ll_comp.d" -MT"system/driver/src/stm32g4xx_ll_comp.o" --specs=nano.specs -mfpu=fpv4-sp-d16 -mfloat-abi=softfp -mthumb -o "system/driver/src/stm32g4xx_ll_comp.o"
arm-none-eabi-gcc "../system/driver/src/stm32g4xx_ll_dac.c" -mcpu=cortex-m4 -std=gnu11 -g3 -DSTM32G474xx -DUSE_HAL_DRIVER -DUSE_FULL_LL_DRIVER -DDEBUG -DEXTERNAL_MODE -c -I"C:/Users/raphael.baumeler/STM32CubeIDE/workspace_1.15.1/cube_g474_v1_4/app" -I"C:/Users/raphael.baumeler/STM32CubeIDE/workspace_1.15.1/cube_g474_v1_4/app/474re" -I"C:/Users/raphael.baumeler/STM32CubeIDE/workspace_1.15.1/cube_g474_v1_4/pil" -I"C:/Users/raphael.baumeler/STM32CubeIDE/workspace_1.15.1/cube_g474_v1_4/inc" -I"C:/Users/raphael.baumeler/STM32CubeIDE/workspace_1.15.1/cube_g474_v1_4/inc_impl" -I"C:/Users/raphael.baumeler/STM32CubeIDE/workspace_1.15.1/cube_g474_v1_4/system" -I"C:/Users/raphael.baumeler/STM32CubeIDE/workspace_1.15.1/cube_g474_v1_4/system/cmsis/include" -I"C:/Users/raphael.baumeler/STM32CubeIDE/workspace_1.15.1/cube_g474_v1_4/system/driver/inc" -I"C:/Users/raphael.baumeler/STM32CubeIDE/workspace_1.15.1/cube_g474_v1_4/system/freertos/include" -I"C:/Users/raphael.baumeler/STM32CubeIDE/workspace_1.15.1/cube_g474_v1_4/system/freertos/portable/GCC/ARM_CM4F" -I"C:/Users/raphael.baumeler/STM32CubeIDE/workspace_1.15.1/cube_g474_v1_4/system/freertos/CMSIS_RTOS" -I"C:/Users/raphael.baumeler/STM32CubeIDE/workspace_1.15.1/cube_g474_v1_4/cg" -include"C:/Users/raphael.baumeler/STM32CubeIDE/workspace_1.15.1/cube_g474_v1_4/cg/plx_defines.h" -Ofast -ffunction-sections -fdata-sections -Wall -fstack-usage -fcyclomatic-complexity -MMD -MP -MF"system/driver/src/stm32g4xx_ll_dac.d" -MT"system/driver/src/stm32g4xx_ll_dac.o" --specs=nano.specs -mfpu=fpv4-sp-d16 -mfloat-abi=softfp -mthumb -o "system/driver/src/stm32g4xx_ll_dac.o"
arm-none-eabi-gcc "../system/driver/src/stm32g4xx_ll_exti.c" -mcpu=cortex-m4 -std=gnu11 -g3 -DSTM32G474xx -DUSE_HAL_DRIVER -DUSE_FULL_LL_DRIVER -DDEBUG -DEXTERNAL_MODE -c -I"C:/Users/raphael.baumeler/STM32CubeIDE/workspace_1.15.1/cube_g474_v1_4/app" -I"C:/Users/raphael.baumeler/STM32CubeIDE/workspace_1.15.1/cube_g474_v1_4/app/474re" -I"C:/Users/raphael.baumeler/STM32CubeIDE/workspace_1.15.1/cube_g474_v1_4/pil" -I"C:/Users/raphael.baumeler/STM32CubeIDE/workspace_1.15.1/cube_g474_v1_4/inc" -I"C:/Users/raphael.baumeler/STM32CubeIDE/workspace_1.15.1/cube_g474_v1_4/inc_impl" -I"C:/Users/raphael.baumeler/STM32CubeIDE/workspace_1.15.1/cube_g474_v1_4/system" -I"C:/Users/raphael.baumeler/STM32CubeIDE/workspace_1.15.1/cube_g474_v1_4/system/cmsis/include" -I"C:/Users/raphael.baumeler/STM32CubeIDE/workspace_1.15.1/cube_g474_v1_4/system/driver/inc" -I"C:/Users/raphael.baumeler/STM32CubeIDE/workspace_1.15.1/cube_g474_v1_4/system/freertos/include" -I"C:/Users/raphael.baumeler/STM32CubeIDE/workspace_1.15.1/cube_g474_v1_4/system/freertos/portable/GCC/ARM_CM4F" -I"C:/Users/raphael.baumeler/STM32CubeIDE/workspace_1.15.1/cube_g474_v1_4/system/freertos/CMSIS_RTOS" -I"C:/Users/raphael.baumeler/STM32CubeIDE/workspace_1.15.1/cube_g474_v1_4/cg" -include"C:/Users/raphael.baumeler/STM32CubeIDE/workspace_1.15.1/cube_g474_v1_4/cg/plx_defines.h" -Ofast -ffunction-sections -fdata-sections -Wall -fstack-usage -fcyclomatic-complexity -MMD -MP -MF"system/driver/src/stm32g4xx_ll_exti.d" -MT"system/driver/src/stm32g4xx_ll_exti.o" --specs=nano.specs -mfpu=fpv4-sp-d16 -mfloat-abi=softfp -mthumb -o "system/driver/src/stm32g4xx_ll_exti.o"
arm-none-eabi-gcc "../system/driver/src/stm32g4xx_ll_gpio.c" -mcpu=cortex-m4 -std=gnu11 -g3 -DSTM32G474xx -DUSE_HAL_DRIVER -DUSE_FULL_LL_DRIVER -DDEBUG -DEXTERNAL_MODE -c -I"C:/Users/raphael.baumeler/STM32CubeIDE/workspace_1.15.1/cube_g474_v1_4/app" -I"C:/Users/raphael.baumeler/STM32CubeIDE/workspace_1.15.1/cube_g474_v1_4/app/474re" -I"C:/Users/raphael.baumeler/STM32CubeIDE/workspace_1.15.1/cube_g474_v1_4/pil" -I"C:/Users/raphael.baumeler/STM32CubeIDE/workspace_1.15.1/cube_g474_v1_4/inc" -I"C:/Users/raphael.baumeler/STM32CubeIDE/workspace_1.15.1/cube_g474_v1_4/inc_impl" -I"C:/Users/raphael.baumeler/STM32CubeIDE/workspace_1.15.1/cube_g474_v1_4/system" -I"C:/Users/raphael.baumeler/STM32CubeIDE/workspace_1.15.1/cube_g474_v1_4/system/cmsis/include" -I"C:/Users/raphael.baumeler/STM32CubeIDE/workspace_1.15.1/cube_g474_v1_4/system/driver/inc" -I"C:/Users/raphael.baumeler/STM32CubeIDE/workspace_1.15.1/cube_g474_v1_4/system/freertos/include" -I"C:/Users/raphael.baumeler/STM32CubeIDE/workspace_1.15.1/cube_g474_v1_4/system/freertos/portable/GCC/ARM_CM4F" -I"C:/Users/raphael.baumeler/STM32CubeIDE/workspace_1.15.1/cube_g474_v1_4/system/freertos/CMSIS_RTOS" -I"C:/Users/raphael.baumeler/STM32CubeIDE/workspace_1.15.1/cube_g474_v1_4/cg" -include"C:/Users/raphael.baumeler/STM32CubeIDE/workspace_1.15.1/cube_g474_v1_4/cg/plx_defines.h" -Ofast -ffunction-sections -fdata-sections -Wall -fstack-usage -fcyclomatic-complexity -MMD -MP -MF"system/driver/src/stm32g4xx_ll_gpio.d" -MT"system/driver/src/stm32g4xx_ll_gpio.o" --specs=nano.specs -mfpu=fpv4-sp-d16 -mfloat-abi=softfp -mthumb -o "system/driver/src/stm32g4xx_ll_gpio.o"
arm-none-eabi-gcc "../system/driver/src/stm32g4xx_ll_opamp.c" -mcpu=cortex-m4 -std=gnu11 -g3 -DSTM32G474xx -DUSE_HAL_DRIVER -DUSE_FULL_LL_DRIVER -DDEBUG -DEXTERNAL_MODE -c -I"C:/Users/raphael.baumeler/STM32CubeIDE/workspace_1.15.1/cube_g474_v1_4/app" -I"C:/Users/raphael.baumeler/STM32CubeIDE/workspace_1.15.1/cube_g474_v1_4/app/474re" -I"C:/Users/raphael.baumeler/STM32CubeIDE/workspace_1.15.1/cube_g474_v1_4/pil" -I"C:/Users/raphael.baumeler/STM32CubeIDE/workspace_1.15.1/cube_g474_v1_4/inc" -I"C:/Users/raphael.baumeler/STM32CubeIDE/workspace_1.15.1/cube_g474_v1_4/inc_impl" -I"C:/Users/raphael.baumeler/STM32CubeIDE/workspace_1.15.1/cube_g474_v1_4/system" -I"C:/Users/raphael.baumeler/STM32CubeIDE/workspace_1.15.1/cube_g474_v1_4/system/cmsis/include" -I"C:/Users/raphael.baumeler/STM32CubeIDE/workspace_1.15.1/cube_g474_v1_4/system/driver/inc" -I"C:/Users/raphael.baumeler/STM32CubeIDE/workspace_1.15.1/cube_g474_v1_4/system/freertos/include" -I"C:/Users/raphael.baumeler/STM32CubeIDE/workspace_1.15.1/cube_g474_v1_4/system/freertos/portable/GCC/ARM_CM4F" -I"C:/Users/raphael.baumeler/STM32CubeIDE/workspace_1.15.1/cube_g474_v1_4/system/freertos/CMSIS_RTOS" -I"C:/Users/raphael.baumeler/STM32CubeIDE/workspace_1.15.1/cube_g474_v1_4/cg" -include"C:/Users/raphael.baumeler/STM32CubeIDE/workspace_1.15.1/cube_g474_v1_4/cg/plx_defines.h" -Ofast -ffunction-sections -fdata-sections -Wall -fstack-usage -fcyclomatic-complexity -MMD -MP -MF"system/driver/src/stm32g4xx_ll_opamp.d" -MT"system/driver/src/stm32g4xx_ll_opamp.o" --specs=nano.specs -mfpu=fpv4-sp-d16 -mfloat-abi=softfp -mthumb -o "system/driver/src/stm32g4xx_ll_opamp.o"
arm-none-eabi-gcc "../system/driver/src/stm32g4xx_ll_spi.c" -mcpu=cortex-m4 -std=gnu11 -g3 -DSTM32G474xx -DUSE_HAL_DRIVER -DUSE_FULL_LL_DRIVER -DDEBUG -DEXTERNAL_MODE -c -I"C:/Users/raphael.baumeler/STM32CubeIDE/workspace_1.15.1/cube_g474_v1_4/app" -I"C:/Users/raphael.baumeler/STM32CubeIDE/workspace_1.15.1/cube_g474_v1_4/app/474re" -I"C:/Users/raphael.baumeler/STM32CubeIDE/workspace_1.15.1/cube_g474_v1_4/pil" -I"C:/Users/raphael.baumeler/STM32CubeIDE/workspace_1.15.1/cube_g474_v1_4/inc" -I"C:/Users/raphael.baumeler/STM32CubeIDE/workspace_1.15.1/cube_g474_v1_4/inc_impl" -I"C:/Users/raphael.baumeler/STM32CubeIDE/workspace_1.15.1/cube_g474_v1_4/system" -I"C:/Users/raphael.baumeler/STM32CubeIDE/workspace_1.15.1/cube_g474_v1_4/system/cmsis/include" -I"C:/Users/raphael.baumeler/STM32CubeIDE/workspace_1.15.1/cube_g474_v1_4/system/driver/inc" -I"C:/Users/raphael.baumeler/STM32CubeIDE/workspace_1.15.1/cube_g474_v1_4/system/freertos/include" -I"C:/Users/raphael.baumeler/STM32CubeIDE/workspace_1.15.1/cube_g474_v1_4/system/freertos/portable/GCC/ARM_CM4F" -I"C:/Users/raphael.baumeler/STM32CubeIDE/workspace_1.15.1/cube_g474_v1_4/system/freertos/CMSIS_RTOS" -I"C:/Users/raphael.baumeler/STM32CubeIDE/workspace_1.15.1/cube_g474_v1_4/cg" -include"C:/Users/raphael.baumeler/STM32CubeIDE/workspace_1.15.1/cube_g474_v1_4/cg/plx_defines.h" -Ofast -ffunction-sections -fdata-sections -Wall -fstack-usage -fcyclomatic-complexity -MMD -MP -MF"system/driver/src/stm32g4xx_ll_spi.d" -MT"system/driver/src/stm32g4xx_ll_spi.o" --specs=nano.specs -mfpu=fpv4-sp-d16 -mfloat-abi=softfp -mthumb -o "system/driver/src/stm32g4xx_ll_spi.o"
arm-none-eabi-gcc "../system/driver/src/stm32g4xx_ll_tim.c" -mcpu=cortex-m4 -std=gnu11 -g3 -DSTM32G474xx -DUSE_HAL_DRIVER -DUSE_FULL_LL_DRIVER -DDEBUG -DEXTERNAL_MODE -c -I"C:/Users/raphael.baumeler/STM32CubeIDE/workspace_1.15.1/cube_g474_v1_4/app" -I"C:/Users/raphael.baumeler/STM32CubeIDE/workspace_1.15.1/cube_g474_v1_4/app/474re" -I"C:/Users/raphael.baumeler/STM32CubeIDE/workspace_1.15.1/cube_g474_v1_4/pil" -I"C:/Users/raphael.baumeler/STM32CubeIDE/workspace_1.15.1/cube_g474_v1_4/inc" -I"C:/Users/raphael.baumeler/STM32CubeIDE/workspace_1.15.1/cube_g474_v1_4/inc_impl" -I"C:/Users/raphael.baumeler/STM32CubeIDE/workspace_1.15.1/cube_g474_v1_4/system" -I"C:/Users/raphael.baumeler/STM32CubeIDE/workspace_1.15.1/cube_g474_v1_4/system/cmsis/include" -I"C:/Users/raphael.baumeler/STM32CubeIDE/workspace_1.15.1/cube_g474_v1_4/system/driver/inc" -I"C:/Users/raphael.baumeler/STM32CubeIDE/workspace_1.15.1/cube_g474_v1_4/system/freertos/include" -I"C:/Users/raphael.baumeler/STM32CubeIDE/workspace_1.15.1/cube_g474_v1_4/system/freertos/portable/GCC/ARM_CM4F" -I"C:/Users/raphael.baumeler/STM32CubeIDE/workspace_1.15.1/cube_g474_v1_4/system/freertos/CMSIS_RTOS" -I"C:/Users/raphael.baumeler/STM32CubeIDE/workspace_1.15.1/cube_g474_v1_4/cg" -include"C:/Users/raphael.baumeler/STM32CubeIDE/workspace_1.15.1/cube_g474_v1_4/cg/plx_defines.h" -Ofast -ffunction-sections -fdata-sections -Wall -fstack-usage -fcyclomatic-complexity -MMD -MP -MF"system/driver/src/stm32g4xx_ll_tim.d" -MT"system/driver/src/stm32g4xx_ll_tim.o" --specs=nano.specs -mfpu=fpv4-sp-d16 -mfloat-abi=softfp -mthumb -o "system/driver/src/stm32g4xx_ll_tim.o"
arm-none-eabi-gcc "../system/cmsis/system_stm32g4xx.c" -mcpu=cortex-m4 -std=gnu11 -g3 -DSTM32G474xx -DUSE_HAL_DRIVER -DUSE_FULL_LL_DRIVER -DDEBUG -DEXTERNAL_MODE -c -I"C:/Users/raphael.baumeler/STM32CubeIDE/workspace_1.15.1/cube_g474_v1_4/app" -I"C:/Users/raphael.baumeler/STM32CubeIDE/workspace_1.15.1/cube_g474_v1_4/app/474re" -I"C:/Users/raphael.baumeler/STM32CubeIDE/workspace_1.15.1/cube_g474_v1_4/pil" -I"C:/Users/raphael.baumeler/STM32CubeIDE/workspace_1.15.1/cube_g474_v1_4/inc" -I"C:/Users/raphael.baumeler/STM32CubeIDE/workspace_1.15.1/cube_g474_v1_4/inc_impl" -I"C:/Users/raphael.baumeler/STM32CubeIDE/workspace_1.15.1/cube_g474_v1_4/system" -I"C:/Users/raphael.baumeler/STM32CubeIDE/workspace_1.15.1/cube_g474_v1_4/system/cmsis/include" -I"C:/Users/raphael.baumeler/STM32CubeIDE/workspace_1.15.1/cube_g474_v1_4/system/driver/inc" -I"C:/Users/raphael.baumeler/STM32CubeIDE/workspace_1.15.1/cube_g474_v1_4/system/freertos/include" -I"C:/Users/raphael.baumeler/STM32CubeIDE/workspace_1.15.1/cube_g474_v1_4/system/freertos/portable/GCC/ARM_CM4F" -I"C:/Users/raphael.baumeler/STM32CubeIDE/workspace_1.15.1/cube_g474_v1_4/system/freertos/CMSIS_RTOS" -I"C:/Users/raphael.baumeler/STM32CubeIDE/workspace_1.15.1/cube_g474_v1_4/cg" -include"C:/Users/raphael.baumeler/STM32CubeIDE/workspace_1.15.1/cube_g474_v1_4/cg/plx_defines.h" -Ofast -ffunction-sections -fdata-sections -Wall -fstack-usage -fcyclomatic-complexity -MMD -MP -MF"system/cmsis/system_stm32g4xx.d" -MT"system/cmsis/system_stm32g4xx.o" --specs=nano.specs -mfpu=fpv4-sp-d16 -mfloat-abi=softfp -mthumb -o "system/cmsis/system_stm32g4xx.o"
arm-none-eabi-gcc "../src/adc_stm32g4xx.c" -mcpu=cortex-m4 -std=gnu11 -g3 -DSTM32G474xx -DUSE_HAL_DRIVER -DUSE_FULL_LL_DRIVER -DDEBUG -DEXTERNAL_MODE -c -I"C:/Users/raphael.baumeler/STM32CubeIDE/workspace_1.15.1/cube_g474_v1_4/app" -I"C:/Users/raphael.baumeler/STM32CubeIDE/workspace_1.15.1/cube_g474_v1_4/app/474re" -I"C:/Users/raphael.baumeler/STM32CubeIDE/workspace_1.15.1/cube_g474_v1_4/pil" -I"C:/Users/raphael.baumeler/STM32CubeIDE/workspace_1.15.1/cube_g474_v1_4/inc" -I"C:/Users/raphael.baumeler/STM32CubeIDE/workspace_1.15.1/cube_g474_v1_4/inc_impl" -I"C:/Users/raphael.baumeler/STM32CubeIDE/workspace_1.15.1/cube_g474_v1_4/system" -I"C:/Users/raphael.baumeler/STM32CubeIDE/workspace_1.15.1/cube_g474_v1_4/system/cmsis/include" -I"C:/Users/raphael.baumeler/STM32CubeIDE/workspace_1.15.1/cube_g474_v1_4/system/driver/inc" -I"C:/Users/raphael.baumeler/STM32CubeIDE/workspace_1.15.1/cube_g474_v1_4/system/freertos/include" -I"C:/Users/raphael.baumeler/STM32CubeIDE/workspace_1.15.1/cube_g474_v1_4/system/freertos/portable/GCC/ARM_CM4F" -I"C:/Users/raphael.baumeler/STM32CubeIDE/workspace_1.15.1/cube_g474_v1_4/system/freertos/CMSIS_RTOS" -I"C:/Users/raphael.baumeler/STM32CubeIDE/workspace_1.15.1/cube_g474_v1_4/cg" -include"C:/Users/raphael.baumeler/STM32CubeIDE/workspace_1.15.1/cube_g474_v1_4/cg/plx_defines.h" -Ofast -ffunction-sections -fdata-sections -Wall -fstack-usage -fcyclomatic-complexity -MMD -MP -MF"src/adc_stm32g4xx.d" -MT"src/adc_stm32g4xx.o" --specs=nano.specs -mfpu=fpv4-sp-d16 -mfloat-abi=softfp -mthumb -o "src/adc_stm32g4xx.o"
arm-none-eabi-gcc "../src/canbus_stm32g4xx.c" -mcpu=cortex-m4 -std=gnu11 -g3 -DSTM32G474xx -DUSE_HAL_DRIVER -DUSE_FULL_LL_DRIVER -DDEBUG -DEXTERNAL_MODE -c -I"C:/Users/raphael.baumeler/STM32CubeIDE/workspace_1.15.1/cube_g474_v1_4/app" -I"C:/Users/raphael.baumeler/STM32CubeIDE/workspace_1.15.1/cube_g474_v1_4/app/474re" -I"C:/Users/raphael.baumeler/STM32CubeIDE/workspace_1.15.1/cube_g474_v1_4/pil" -I"C:/Users/raphael.baumeler/STM32CubeIDE/workspace_1.15.1/cube_g474_v1_4/inc" -I"C:/Users/raphael.baumeler/STM32CubeIDE/workspace_1.15.1/cube_g474_v1_4/inc_impl" -I"C:/Users/raphael.baumeler/STM32CubeIDE/workspace_1.15.1/cube_g474_v1_4/system" -I"C:/Users/raphael.baumeler/STM32CubeIDE/workspace_1.15.1/cube_g474_v1_4/system/cmsis/include" -I"C:/Users/raphael.baumeler/STM32CubeIDE/workspace_1.15.1/cube_g474_v1_4/system/driver/inc" -I"C:/Users/raphael.baumeler/STM32CubeIDE/workspace_1.15.1/cube_g474_v1_4/system/freertos/include" -I"C:/Users/raphael.baumeler/STM32CubeIDE/workspace_1.15.1/cube_g474_v1_4/system/freertos/portable/GCC/ARM_CM4F" -I"C:/Users/raphael.baumeler/STM32CubeIDE/workspace_1.15.1/cube_g474_v1_4/system/freertos/CMSIS_RTOS" -I"C:/Users/raphael.baumeler/STM32CubeIDE/workspace_1.15.1/cube_g474_v1_4/cg" -include"C:/Users/raphael.baumeler/STM32CubeIDE/workspace_1.15.1/cube_g474_v1_4/cg/plx_defines.h" -Ofast -ffunction-sections -fdata-sections -Wall -fstack-usage -fcyclomatic-complexity -MMD -MP -MF"src/canbus_stm32g4xx.d" -MT"src/canbus_stm32g4xx.o" --specs=nano.specs -mfpu=fpv4-sp-d16 -mfloat-abi=softfp -mthumb -o "src/canbus_stm32g4xx.o"
arm-none-eabi-gcc "../src/comp_stm32g4xx.c" -mcpu=cortex-m4 -std=gnu11 -g3 -DSTM32G474xx -DUSE_HAL_DRIVER -DUSE_FULL_LL_DRIVER -DDEBUG -DEXTERNAL_MODE -c -I"C:/Users/raphael.baumeler/STM32CubeIDE/workspace_1.15.1/cube_g474_v1_4/app" -I"C:/Users/raphael.baumeler/STM32CubeIDE/workspace_1.15.1/cube_g474_v1_4/app/474re" -I"C:/Users/raphael.baumeler/STM32CubeIDE/workspace_1.15.1/cube_g474_v1_4/pil" -I"C:/Users/raphael.baumeler/STM32CubeIDE/workspace_1.15.1/cube_g474_v1_4/inc" -I"C:/Users/raphael.baumeler/STM32CubeIDE/workspace_1.15.1/cube_g474_v1_4/inc_impl" -I"C:/Users/raphael.baumeler/STM32CubeIDE/workspace_1.15.1/cube_g474_v1_4/system" -I"C:/Users/raphael.baumeler/STM32CubeIDE/workspace_1.15.1/cube_g474_v1_4/system/cmsis/include" -I"C:/Users/raphael.baumeler/STM32CubeIDE/workspace_1.15.1/cube_g474_v1_4/system/driver/inc" -I"C:/Users/raphael.baumeler/STM32CubeIDE/workspace_1.15.1/cube_g474_v1_4/system/freertos/include" -I"C:/Users/raphael.baumeler/STM32CubeIDE/workspace_1.15.1/cube_g474_v1_4/system/freertos/portable/GCC/ARM_CM4F" -I"C:/Users/raphael.baumeler/STM32CubeIDE/workspace_1.15.1/cube_g474_v1_4/system/freertos/CMSIS_RTOS" -I"C:/Users/raphael.baumeler/STM32CubeIDE/workspace_1.15.1/cube_g474_v1_4/cg" -include"C:/Users/raphael.baumeler/STM32CubeIDE/workspace_1.15.1/cube_g474_v1_4/cg/plx_defines.h" -Ofast -ffunction-sections -fdata-sections -Wall -fstack-usage -fcyclomatic-complexity -MMD -MP -MF"src/comp_stm32g4xx.d" -MT"src/comp_stm32g4xx.o" --specs=nano.specs -mfpu=fpv4-sp-d16 -mfloat-abi=softfp -mthumb -o "src/comp_stm32g4xx.o"
arm-none-eabi-gcc "../src/ctr_stm32g4xx.c" -mcpu=cortex-m4 -std=gnu11 -g3 -DSTM32G474xx -DUSE_HAL_DRIVER -DUSE_FULL_LL_DRIVER -DDEBUG -DEXTERNAL_MODE -c -I"C:/Users/raphael.baumeler/STM32CubeIDE/workspace_1.15.1/cube_g474_v1_4/app" -I"C:/Users/raphael.baumeler/STM32CubeIDE/workspace_1.15.1/cube_g474_v1_4/app/474re" -I"C:/Users/raphael.baumeler/STM32CubeIDE/workspace_1.15.1/cube_g474_v1_4/pil" -I"C:/Users/raphael.baumeler/STM32CubeIDE/workspace_1.15.1/cube_g474_v1_4/inc" -I"C:/Users/raphael.baumeler/STM32CubeIDE/workspace_1.15.1/cube_g474_v1_4/inc_impl" -I"C:/Users/raphael.baumeler/STM32CubeIDE/workspace_1.15.1/cube_g474_v1_4/system" -I"C:/Users/raphael.baumeler/STM32CubeIDE/workspace_1.15.1/cube_g474_v1_4/system/cmsis/include" -I"C:/Users/raphael.baumeler/STM32CubeIDE/workspace_1.15.1/cube_g474_v1_4/system/driver/inc" -I"C:/Users/raphael.baumeler/STM32CubeIDE/workspace_1.15.1/cube_g474_v1_4/system/freertos/include" -I"C:/Users/raphael.baumeler/STM32CubeIDE/workspace_1.15.1/cube_g474_v1_4/system/freertos/portable/GCC/ARM_CM4F" -I"C:/Users/raphael.baumeler/STM32CubeIDE/workspace_1.15.1/cube_g474_v1_4/system/freertos/CMSIS_RTOS" -I"C:/Users/raphael.baumeler/STM32CubeIDE/workspace_1.15.1/cube_g474_v1_4/cg" -include"C:/Users/raphael.baumeler/STM32CubeIDE/workspace_1.15.1/cube_g474_v1_4/cg/plx_defines.h" -Ofast -ffunction-sections -fdata-sections -Wall -fstack-usage -fcyclomatic-complexity -MMD -MP -MF"src/ctr_stm32g4xx.d" -MT"src/ctr_stm32g4xx.o" --specs=nano.specs -mfpu=fpv4-sp-d16 -mfloat-abi=softfp -mthumb -o "src/ctr_stm32g4xx.o"
arm-none-eabi-gcc "../src/dac_stm32g4xx.c" -mcpu=cortex-m4 -std=gnu11 -g3 -DSTM32G474xx -DUSE_HAL_DRIVER -DUSE_FULL_LL_DRIVER -DDEBUG -DEXTERNAL_MODE -c -I"C:/Users/raphael.baumeler/STM32CubeIDE/workspace_1.15.1/cube_g474_v1_4/app" -I"C:/Users/raphael.baumeler/STM32CubeIDE/workspace_1.15.1/cube_g474_v1_4/app/474re" -I"C:/Users/raphael.baumeler/STM32CubeIDE/workspace_1.15.1/cube_g474_v1_4/pil" -I"C:/Users/raphael.baumeler/STM32CubeIDE/workspace_1.15.1/cube_g474_v1_4/inc" -I"C:/Users/raphael.baumeler/STM32CubeIDE/workspace_1.15.1/cube_g474_v1_4/inc_impl" -I"C:/Users/raphael.baumeler/STM32CubeIDE/workspace_1.15.1/cube_g474_v1_4/system" -I"C:/Users/raphael.baumeler/STM32CubeIDE/workspace_1.15.1/cube_g474_v1_4/system/cmsis/include" -I"C:/Users/raphael.baumeler/STM32CubeIDE/workspace_1.15.1/cube_g474_v1_4/system/driver/inc" -I"C:/Users/raphael.baumeler/STM32CubeIDE/workspace_1.15.1/cube_g474_v1_4/system/freertos/include" -I"C:/Users/raphael.baumeler/STM32CubeIDE/workspace_1.15.1/cube_g474_v1_4/system/freertos/portable/GCC/ARM_CM4F" -I"C:/Users/raphael.baumeler/STM32CubeIDE/workspace_1.15.1/cube_g474_v1_4/system/freertos/CMSIS_RTOS" -I"C:/Users/raphael.baumeler/STM32CubeIDE/workspace_1.15.1/cube_g474_v1_4/cg" -include"C:/Users/raphael.baumeler/STM32CubeIDE/workspace_1.15.1/cube_g474_v1_4/cg/plx_defines.h" -Ofast -ffunction-sections -fdata-sections -Wall -fstack-usage -fcyclomatic-complexity -MMD -MP -MF"src/dac_stm32g4xx.d" -MT"src/dac_stm32g4xx.o" --specs=nano.specs -mfpu=fpv4-sp-d16 -mfloat-abi=softfp -mthumb -o "src/dac_stm32g4xx.o"
arm-none-eabi-gcc "../src/dio_stm32g4xx.c" -mcpu=cortex-m4 -std=gnu11 -g3 -DSTM32G474xx -DUSE_HAL_DRIVER -DUSE_FULL_LL_DRIVER -DDEBUG -DEXTERNAL_MODE -c -I"C:/Users/raphael.baumeler/STM32CubeIDE/workspace_1.15.1/cube_g474_v1_4/app" -I"C:/Users/raphael.baumeler/STM32CubeIDE/workspace_1.15.1/cube_g474_v1_4/app/474re" -I"C:/Users/raphael.baumeler/STM32CubeIDE/workspace_1.15.1/cube_g474_v1_4/pil" -I"C:/Users/raphael.baumeler/STM32CubeIDE/workspace_1.15.1/cube_g474_v1_4/inc" -I"C:/Users/raphael.baumeler/STM32CubeIDE/workspace_1.15.1/cube_g474_v1_4/inc_impl" -I"C:/Users/raphael.baumeler/STM32CubeIDE/workspace_1.15.1/cube_g474_v1_4/system" -I"C:/Users/raphael.baumeler/STM32CubeIDE/workspace_1.15.1/cube_g474_v1_4/system/cmsis/include" -I"C:/Users/raphael.baumeler/STM32CubeIDE/workspace_1.15.1/cube_g474_v1_4/system/driver/inc" -I"C:/Users/raphael.baumeler/STM32CubeIDE/workspace_1.15.1/cube_g474_v1_4/system/freertos/include" -I"C:/Users/raphael.baumeler/STM32CubeIDE/workspace_1.15.1/cube_g474_v1_4/system/freertos/portable/GCC/ARM_CM4F" -I"C:/Users/raphael.baumeler/STM32CubeIDE/workspace_1.15.1/cube_g474_v1_4/system/freertos/CMSIS_RTOS" -I"C:/Users/raphael.baumeler/STM32CubeIDE/workspace_1.15.1/cube_g474_v1_4/cg" -include"C:/Users/raphael.baumeler/STM32CubeIDE/workspace_1.15.1/cube_g474_v1_4/cg/plx_defines.h" -Ofast -ffunction-sections -fdata-sections -Wall -fstack-usage -fcyclomatic-complexity -MMD -MP -MF"src/dio_stm32g4xx.d" -MT"src/dio_stm32g4xx.o" --specs=nano.specs -mfpu=fpv4-sp-d16 -mfloat-abi=softfp -mthumb -o "src/dio_stm32g4xx.o"
arm-none-eabi-gcc "../src/dispatcher_stm32g4xx.c" -mcpu=cortex-m4 -std=gnu11 -g3 -DSTM32G474xx -DUSE_HAL_DRIVER -DUSE_FULL_LL_DRIVER -DDEBUG -DEXTERNAL_MODE -c -I"C:/Users/raphael.baumeler/STM32CubeIDE/workspace_1.15.1/cube_g474_v1_4/app" -I"C:/Users/raphael.baumeler/STM32CubeIDE/workspace_1.15.1/cube_g474_v1_4/app/474re" -I"C:/Users/raphael.baumeler/STM32CubeIDE/workspace_1.15.1/cube_g474_v1_4/pil" -I"C:/Users/raphael.baumeler/STM32CubeIDE/workspace_1.15.1/cube_g474_v1_4/inc" -I"C:/Users/raphael.baumeler/STM32CubeIDE/workspace_1.15.1/cube_g474_v1_4/inc_impl" -I"C:/Users/raphael.baumeler/STM32CubeIDE/workspace_1.15.1/cube_g474_v1_4/system" -I"C:/Users/raphael.baumeler/STM32CubeIDE/workspace_1.15.1/cube_g474_v1_4/system/cmsis/include" -I"C:/Users/raphael.baumeler/STM32CubeIDE/workspace_1.15.1/cube_g474_v1_4/system/driver/inc" -I"C:/Users/raphael.baumeler/STM32CubeIDE/workspace_1.15.1/cube_g474_v1_4/system/freertos/include" -I"C:/Users/raphael.baumeler/STM32CubeIDE/workspace_1.15.1/cube_g474_v1_4/system/freertos/portable/GCC/ARM_CM4F" -I"C:/Users/raphael.baumeler/STM32CubeIDE/workspace_1.15.1/cube_g474_v1_4/system/freertos/CMSIS_RTOS" -I"C:/Users/raphael.baumeler/STM32CubeIDE/workspace_1.15.1/cube_g474_v1_4/cg" -include"C:/Users/raphael.baumeler/STM32CubeIDE/workspace_1.15.1/cube_g474_v1_4/cg/plx_defines.h" -Ofast -ffunction-sections -fdata-sections -Wall -fstack-usage -fcyclomatic-complexity -MMD -MP -MF"src/dispatcher_stm32g4xx.d" -MT"src/dispatcher_stm32g4xx.o" --specs=nano.specs -mfpu=fpv4-sp-d16 -mfloat-abi=softfp -mthumb -o "src/dispatcher_stm32g4xx.o"
arm-none-eabi-gcc "../src/gpio_stm32g4xx.c" -mcpu=cortex-m4 -std=gnu11 -g3 -DSTM32G474xx -DUSE_HAL_DRIVER -DUSE_FULL_LL_DRIVER -DDEBUG -DEXTERNAL_MODE -c -I"C:/Users/raphael.baumeler/STM32CubeIDE/workspace_1.15.1/cube_g474_v1_4/app" -I"C:/Users/raphael.baumeler/STM32CubeIDE/workspace_1.15.1/cube_g474_v1_4/app/474re" -I"C:/Users/raphael.baumeler/STM32CubeIDE/workspace_1.15.1/cube_g474_v1_4/pil" -I"C:/Users/raphael.baumeler/STM32CubeIDE/workspace_1.15.1/cube_g474_v1_4/inc" -I"C:/Users/raphael.baumeler/STM32CubeIDE/workspace_1.15.1/cube_g474_v1_4/inc_impl" -I"C:/Users/raphael.baumeler/STM32CubeIDE/workspace_1.15.1/cube_g474_v1_4/system" -I"C:/Users/raphael.baumeler/STM32CubeIDE/workspace_1.15.1/cube_g474_v1_4/system/cmsis/include" -I"C:/Users/raphael.baumeler/STM32CubeIDE/workspace_1.15.1/cube_g474_v1_4/system/driver/inc" -I"C:/Users/raphael.baumeler/STM32CubeIDE/workspace_1.15.1/cube_g474_v1_4/system/freertos/include" -I"C:/Users/raphael.baumeler/STM32CubeIDE/workspace_1.15.1/cube_g474_v1_4/system/freertos/portable/GCC/ARM_CM4F" -I"C:/Users/raphael.baumeler/STM32CubeIDE/workspace_1.15.1/cube_g474_v1_4/system/freertos/CMSIS_RTOS" -I"C:/Users/raphael.baumeler/STM32CubeIDE/workspace_1.15.1/cube_g474_v1_4/cg" -include"C:/Users/raphael.baumeler/STM32CubeIDE/workspace_1.15.1/cube_g474_v1_4/cg/plx_defines.h" -Ofast -ffunction-sections -fdata-sections -Wall -fstack-usage -fcyclomatic-complexity -MMD -MP -MF"src/gpio_stm32g4xx.d" -MT"src/gpio_stm32g4xx.o" --specs=nano.specs -mfpu=fpv4-sp-d16 -mfloat-abi=softfp -mthumb -o "src/gpio_stm32g4xx.o"
arm-none-eabi-gcc "../src/hrtim_pcc_stm32g4xx.c" -mcpu=cortex-m4 -std=gnu11 -g3 -DSTM32G474xx -DUSE_HAL_DRIVER -DUSE_FULL_LL_DRIVER -DDEBUG -DEXTERNAL_MODE -c -I"C:/Users/raphael.baumeler/STM32CubeIDE/workspace_1.15.1/cube_g474_v1_4/app" -I"C:/Users/raphael.baumeler/STM32CubeIDE/workspace_1.15.1/cube_g474_v1_4/app/474re" -I"C:/Users/raphael.baumeler/STM32CubeIDE/workspace_1.15.1/cube_g474_v1_4/pil" -I"C:/Users/raphael.baumeler/STM32CubeIDE/workspace_1.15.1/cube_g474_v1_4/inc" -I"C:/Users/raphael.baumeler/STM32CubeIDE/workspace_1.15.1/cube_g474_v1_4/inc_impl" -I"C:/Users/raphael.baumeler/STM32CubeIDE/workspace_1.15.1/cube_g474_v1_4/system" -I"C:/Users/raphael.baumeler/STM32CubeIDE/workspace_1.15.1/cube_g474_v1_4/system/cmsis/include" -I"C:/Users/raphael.baumeler/STM32CubeIDE/workspace_1.15.1/cube_g474_v1_4/system/driver/inc" -I"C:/Users/raphael.baumeler/STM32CubeIDE/workspace_1.15.1/cube_g474_v1_4/system/freertos/include" -I"C:/Users/raphael.baumeler/STM32CubeIDE/workspace_1.15.1/cube_g474_v1_4/system/freertos/portable/GCC/ARM_CM4F" -I"C:/Users/raphael.baumeler/STM32CubeIDE/workspace_1.15.1/cube_g474_v1_4/system/freertos/CMSIS_RTOS" -I"C:/Users/raphael.baumeler/STM32CubeIDE/workspace_1.15.1/cube_g474_v1_4/cg" -include"C:/Users/raphael.baumeler/STM32CubeIDE/workspace_1.15.1/cube_g474_v1_4/cg/plx_defines.h" -Ofast -ffunction-sections -fdata-sections -Wall -fstack-usage -fcyclomatic-complexity -MMD -MP -MF"src/hrtim_pcc_stm32g4xx.d" -MT"src/hrtim_pcc_stm32g4xx.o" --specs=nano.specs -mfpu=fpv4-sp-d16 -mfloat-abi=softfp -mthumb -o "src/hrtim_pcc_stm32g4xx.o"
arm-none-eabi-gcc "../src/hrtim_stm32g4xx.c" -mcpu=cortex-m4 -std=gnu11 -g3 -DSTM32G474xx -DUSE_HAL_DRIVER -DUSE_FULL_LL_DRIVER -DDEBUG -DEXTERNAL_MODE -c -I"C:/Users/raphael.baumeler/STM32CubeIDE/workspace_1.15.1/cube_g474_v1_4/app" -I"C:/Users/raphael.baumeler/STM32CubeIDE/workspace_1.15.1/cube_g474_v1_4/app/474re" -I"C:/Users/raphael.baumeler/STM32CubeIDE/workspace_1.15.1/cube_g474_v1_4/pil" -I"C:/Users/raphael.baumeler/STM32CubeIDE/workspace_1.15.1/cube_g474_v1_4/inc" -I"C:/Users/raphael.baumeler/STM32CubeIDE/workspace_1.15.1/cube_g474_v1_4/inc_impl" -I"C:/Users/raphael.baumeler/STM32CubeIDE/workspace_1.15.1/cube_g474_v1_4/system" -I"C:/Users/raphael.baumeler/STM32CubeIDE/workspace_1.15.1/cube_g474_v1_4/system/cmsis/include" -I"C:/Users/raphael.baumeler/STM32CubeIDE/workspace_1.15.1/cube_g474_v1_4/system/driver/inc" -I"C:/Users/raphael.baumeler/STM32CubeIDE/workspace_1.15.1/cube_g474_v1_4/system/freertos/include" -I"C:/Users/raphael.baumeler/STM32CubeIDE/workspace_1.15.1/cube_g474_v1_4/system/freertos/portable/GCC/ARM_CM4F" -I"C:/Users/raphael.baumeler/STM32CubeIDE/workspace_1.15.1/cube_g474_v1_4/system/freertos/CMSIS_RTOS" -I"C:/Users/raphael.baumeler/STM32CubeIDE/workspace_1.15.1/cube_g474_v1_4/cg" -include"C:/Users/raphael.baumeler/STM32CubeIDE/workspace_1.15.1/cube_g474_v1_4/cg/plx_defines.h" -Ofast -ffunction-sections -fdata-sections -Wall -fstack-usage -fcyclomatic-complexity -MMD -MP -MF"src/hrtim_stm32g4xx.d" -MT"src/hrtim_stm32g4xx.o" --specs=nano.specs -mfpu=fpv4-sp-d16 -mfloat-abi=softfp -mthumb -o "src/hrtim_stm32g4xx.o"
arm-none-eabi-gcc "../src/opamp_stm32g4xx.c" -mcpu=cortex-m4 -std=gnu11 -g3 -DSTM32G474xx -DUSE_HAL_DRIVER -DUSE_FULL_LL_DRIVER -DDEBUG -DEXTERNAL_MODE -c -I"C:/Users/raphael.baumeler/STM32CubeIDE/workspace_1.15.1/cube_g474_v1_4/app" -I"C:/Users/raphael.baumeler/STM32CubeIDE/workspace_1.15.1/cube_g474_v1_4/app/474re" -I"C:/Users/raphael.baumeler/STM32CubeIDE/workspace_1.15.1/cube_g474_v1_4/pil" -I"C:/Users/raphael.baumeler/STM32CubeIDE/workspace_1.15.1/cube_g474_v1_4/inc" -I"C:/Users/raphael.baumeler/STM32CubeIDE/workspace_1.15.1/cube_g474_v1_4/inc_impl" -I"C:/Users/raphael.baumeler/STM32CubeIDE/workspace_1.15.1/cube_g474_v1_4/system" -I"C:/Users/raphael.baumeler/STM32CubeIDE/workspace_1.15.1/cube_g474_v1_4/system/cmsis/include" -I"C:/Users/raphael.baumeler/STM32CubeIDE/workspace_1.15.1/cube_g474_v1_4/system/driver/inc" -I"C:/Users/raphael.baumeler/STM32CubeIDE/workspace_1.15.1/cube_g474_v1_4/system/freertos/include" -I"C:/Users/raphael.baumeler/STM32CubeIDE/workspace_1.15.1/cube_g474_v1_4/system/freertos/portable/GCC/ARM_CM4F" -I"C:/Users/raphael.baumeler/STM32CubeIDE/workspace_1.15.1/cube_g474_v1_4/system/freertos/CMSIS_RTOS" -I"C:/Users/raphael.baumeler/STM32CubeIDE/workspace_1.15.1/cube_g474_v1_4/cg" -include"C:/Users/raphael.baumeler/STM32CubeIDE/workspace_1.15.1/cube_g474_v1_4/cg/plx_defines.h" -Ofast -ffunction-sections -fdata-sections -Wall -fstack-usage -fcyclomatic-complexity -MMD -MP -MF"src/opamp_stm32g4xx.d" -MT"src/opamp_stm32g4xx.o" --specs=nano.specs -mfpu=fpv4-sp-d16 -mfloat-abi=softfp -mthumb -o "src/opamp_stm32g4xx.o"
arm-none-eabi-gcc "../src/power.c" -mcpu=cortex-m4 -std=gnu11 -g3 -DSTM32G474xx -DUSE_HAL_DRIVER -DUSE_FULL_LL_DRIVER -DDEBUG -DEXTERNAL_MODE -c -I"C:/Users/raphael.baumeler/STM32CubeIDE/workspace_1.15.1/cube_g474_v1_4/app" -I"C:/Users/raphael.baumeler/STM32CubeIDE/workspace_1.15.1/cube_g474_v1_4/app/474re" -I"C:/Users/raphael.baumeler/STM32CubeIDE/workspace_1.15.1/cube_g474_v1_4/pil" -I"C:/Users/raphael.baumeler/STM32CubeIDE/workspace_1.15.1/cube_g474_v1_4/inc" -I"C:/Users/raphael.baumeler/STM32CubeIDE/workspace_1.15.1/cube_g474_v1_4/inc_impl" -I"C:/Users/raphael.baumeler/STM32CubeIDE/workspace_1.15.1/cube_g474_v1_4/system" -I"C:/Users/raphael.baumeler/STM32CubeIDE/workspace_1.15.1/cube_g474_v1_4/system/cmsis/include" -I"C:/Users/raphael.baumeler/STM32CubeIDE/workspace_1.15.1/cube_g474_v1_4/system/driver/inc" -I"C:/Users/raphael.baumeler/STM32CubeIDE/workspace_1.15.1/cube_g474_v1_4/system/freertos/include" -I"C:/Users/raphael.baumeler/STM32CubeIDE/workspace_1.15.1/cube_g474_v1_4/system/freertos/portable/GCC/ARM_CM4F" -I"C:/Users/raphael.baumeler/STM32CubeIDE/workspace_1.15.1/cube_g474_v1_4/system/freertos/CMSIS_RTOS" -I"C:/Users/raphael.baumeler/STM32CubeIDE/workspace_1.15.1/cube_g474_v1_4/cg" -include"C:/Users/raphael.baumeler/STM32CubeIDE/workspace_1.15.1/cube_g474_v1_4/cg/plx_defines.h" -Ofast -ffunction-sections -fdata-sections -Wall -fstack-usage -fcyclomatic-complexity -MMD -MP -MF"src/power.d" -MT"src/power.o" --specs=nano.specs -mfpu=fpv4-sp-d16 -mfloat-abi=softfp -mthumb -o "src/power.o"
arm-none-eabi-gcc "../src/spi_stm32g4xx.c" -mcpu=cortex-m4 -std=gnu11 -g3 -DSTM32G474xx -DUSE_HAL_DRIVER -DUSE_FULL_LL_DRIVER -DDEBUG -DEXTERNAL_MODE -c -I"C:/Users/raphael.baumeler/STM32CubeIDE/workspace_1.15.1/cube_g474_v1_4/app" -I"C:/Users/raphael.baumeler/STM32CubeIDE/workspace_1.15.1/cube_g474_v1_4/app/474re" -I"C:/Users/raphael.baumeler/STM32CubeIDE/workspace_1.15.1/cube_g474_v1_4/pil" -I"C:/Users/raphael.baumeler/STM32CubeIDE/workspace_1.15.1/cube_g474_v1_4/inc" -I"C:/Users/raphael.baumeler/STM32CubeIDE/workspace_1.15.1/cube_g474_v1_4/inc_impl" -I"C:/Users/raphael.baumeler/STM32CubeIDE/workspace_1.15.1/cube_g474_v1_4/system" -I"C:/Users/raphael.baumeler/STM32CubeIDE/workspace_1.15.1/cube_g474_v1_4/system/cmsis/include" -I"C:/Users/raphael.baumeler/STM32CubeIDE/workspace_1.15.1/cube_g474_v1_4/system/driver/inc" -I"C:/Users/raphael.baumeler/STM32CubeIDE/workspace_1.15.1/cube_g474_v1_4/system/freertos/include" -I"C:/Users/raphael.baumeler/STM32CubeIDE/workspace_1.15.1/cube_g474_v1_4/system/freertos/portable/GCC/ARM_CM4F" -I"C:/Users/raphael.baumeler/STM32CubeIDE/workspace_1.15.1/cube_g474_v1_4/system/freertos/CMSIS_RTOS" -I"C:/Users/raphael.baumeler/STM32CubeIDE/workspace_1.15.1/cube_g474_v1_4/cg" -include"C:/Users/raphael.baumeler/STM32CubeIDE/workspace_1.15.1/cube_g474_v1_4/cg/plx_defines.h" -Ofast -ffunction-sections -fdata-sections -Wall -fstack-usage -fcyclomatic-complexity -MMD -MP -MF"src/spi_stm32g4xx.d" -MT"src/spi_stm32g4xx.o" --specs=nano.specs -mfpu=fpv4-sp-d16 -mfloat-abi=softfp -mthumb -o "src/spi_stm32g4xx.o"
arm-none-eabi-gcc "../src/tim_stm32g4xx.c" -mcpu=cortex-m4 -std=gnu11 -g3 -DSTM32G474xx -DUSE_HAL_DRIVER -DUSE_FULL_LL_DRIVER -DDEBUG -DEXTERNAL_MODE -c -I"C:/Users/raphael.baumeler/STM32CubeIDE/workspace_1.15.1/cube_g474_v1_4/app" -I"C:/Users/raphael.baumeler/STM32CubeIDE/workspace_1.15.1/cube_g474_v1_4/app/474re" -I"C:/Users/raphael.baumeler/STM32CubeIDE/workspace_1.15.1/cube_g474_v1_4/pil" -I"C:/Users/raphael.baumeler/STM32CubeIDE/workspace_1.15.1/cube_g474_v1_4/inc" -I"C:/Users/raphael.baumeler/STM32CubeIDE/workspace_1.15.1/cube_g474_v1_4/inc_impl" -I"C:/Users/raphael.baumeler/STM32CubeIDE/workspace_1.15.1/cube_g474_v1_4/system" -I"C:/Users/raphael.baumeler/STM32CubeIDE/workspace_1.15.1/cube_g474_v1_4/system/cmsis/include" -I"C:/Users/raphael.baumeler/STM32CubeIDE/workspace_1.15.1/cube_g474_v1_4/system/driver/inc" -I"C:/Users/raphael.baumeler/STM32CubeIDE/workspace_1.15.1/cube_g474_v1_4/system/freertos/include" -I"C:/Users/raphael.baumeler/STM32CubeIDE/workspace_1.15.1/cube_g474_v1_4/system/freertos/portable/GCC/ARM_CM4F" -I"C:/Users/raphael.baumeler/STM32CubeIDE/workspace_1.15.1/cube_g474_v1_4/system/freertos/CMSIS_RTOS" -I"C:/Users/raphael.baumeler/STM32CubeIDE/workspace_1.15.1/cube_g474_v1_4/cg" -include"C:/Users/raphael.baumeler/STM32CubeIDE/workspace_1.15.1/cube_g474_v1_4/cg/plx_defines.h" -Ofast -ffunction-sections -fdata-sections -Wall -fstack-usage -fcyclomatic-complexity -MMD -MP -MF"src/tim_stm32g4xx.d" -MT"src/tim_stm32g4xx.o" --specs=nano.specs -mfpu=fpv4-sp-d16 -mfloat-abi=softfp -mthumb -o "src/tim_stm32g4xx.o"
arm-none-eabi-gcc "../src/trig_stm32g4xx.c" -mcpu=cortex-m4 -std=gnu11 -g3 -DSTM32G474xx -DUSE_HAL_DRIVER -DUSE_FULL_LL_DRIVER -DDEBUG -DEXTERNAL_MODE -c -I"C:/Users/raphael.baumeler/STM32CubeIDE/workspace_1.15.1/cube_g474_v1_4/app" -I"C:/Users/raphael.baumeler/STM32CubeIDE/workspace_1.15.1/cube_g474_v1_4/app/474re" -I"C:/Users/raphael.baumeler/STM32CubeIDE/workspace_1.15.1/cube_g474_v1_4/pil" -I"C:/Users/raphael.baumeler/STM32CubeIDE/workspace_1.15.1/cube_g474_v1_4/inc" -I"C:/Users/raphael.baumeler/STM32CubeIDE/workspace_1.15.1/cube_g474_v1_4/inc_impl" -I"C:/Users/raphael.baumeler/STM32CubeIDE/workspace_1.15.1/cube_g474_v1_4/system" -I"C:/Users/raphael.baumeler/STM32CubeIDE/workspace_1.15.1/cube_g474_v1_4/system/cmsis/include" -I"C:/Users/raphael.baumeler/STM32CubeIDE/workspace_1.15.1/cube_g474_v1_4/system/driver/inc" -I"C:/Users/raphael.baumeler/STM32CubeIDE/workspace_1.15.1/cube_g474_v1_4/system/freertos/include" -I"C:/Users/raphael.baumeler/STM32CubeIDE/workspace_1.15.1/cube_g474_v1_4/system/freertos/portable/GCC/ARM_CM4F" -I"C:/Users/raphael.baumeler/STM32CubeIDE/workspace_1.15.1/cube_g474_v1_4/system/freertos/CMSIS_RTOS" -I"C:/Users/raphael.baumeler/STM32CubeIDE/workspace_1.15.1/cube_g474_v1_4/cg" -include"C:/Users/raphael.baumeler/STM32CubeIDE/workspace_1.15.1/cube_g474_v1_4/cg/plx_defines.h" -Ofast -ffunction-sections -fdata-sections -Wall -fstack-usage -fcyclomatic-complexity -MMD -MP -MF"src/trig_stm32g4xx.d" -MT"src/trig_stm32g4xx.o" --specs=nano.specs -mfpu=fpv4-sp-d16 -mfloat-abi=softfp -mthumb -o "src/trig_stm32g4xx.o"
arm-none-eabi-gcc "../src/uart_stm32g4xx.c" -mcpu=cortex-m4 -std=gnu11 -g3 -DSTM32G474xx -DUSE_HAL_DRIVER -DUSE_FULL_LL_DRIVER -DDEBUG -DEXTERNAL_MODE -c -I"C:/Users/raphael.baumeler/STM32CubeIDE/workspace_1.15.1/cube_g474_v1_4/app" -I"C:/Users/raphael.baumeler/STM32CubeIDE/workspace_1.15.1/cube_g474_v1_4/app/474re" -I"C:/Users/raphael.baumeler/STM32CubeIDE/workspace_1.15.1/cube_g474_v1_4/pil" -I"C:/Users/raphael.baumeler/STM32CubeIDE/workspace_1.15.1/cube_g474_v1_4/inc" -I"C:/Users/raphael.baumeler/STM32CubeIDE/workspace_1.15.1/cube_g474_v1_4/inc_impl" -I"C:/Users/raphael.baumeler/STM32CubeIDE/workspace_1.15.1/cube_g474_v1_4/system" -I"C:/Users/raphael.baumeler/STM32CubeIDE/workspace_1.15.1/cube_g474_v1_4/system/cmsis/include" -I"C:/Users/raphael.baumeler/STM32CubeIDE/workspace_1.15.1/cube_g474_v1_4/system/driver/inc" -I"C:/Users/raphael.baumeler/STM32CubeIDE/workspace_1.15.1/cube_g474_v1_4/system/freertos/include" -I"C:/Users/raphael.baumeler/STM32CubeIDE/workspace_1.15.1/cube_g474_v1_4/system/freertos/portable/GCC/ARM_CM4F" -I"C:/Users/raphael.baumeler/STM32CubeIDE/workspace_1.15.1/cube_g474_v1_4/system/freertos/CMSIS_RTOS" -I"C:/Users/raphael.baumeler/STM32CubeIDE/workspace_1.15.1/cube_g474_v1_4/cg" -include"C:/Users/raphael.baumeler/STM32CubeIDE/workspace_1.15.1/cube_g474_v1_4/cg/plx_defines.h" -Ofast -ffunction-sections -fdata-sections -Wall -fstack-usage -fcyclomatic-complexity -MMD -MP -MF"src/uart_stm32g4xx.d" -MT"src/uart_stm32g4xx.o" --specs=nano.specs -mfpu=fpv4-sp-d16 -mfloat-abi=softfp -mthumb -o "src/uart_stm32g4xx.o"
../src/power.c: In function 'PLX_PWR_runFsm':
../src/power.c:240:9: warning: label 'enter_PS_FSM_STATE_CRITICAL_FAULT' defined but not used [-Wunused-label]
  240 |         enter_PS_FSM_STATE_CRITICAL_FAULT:
      |         ^~~~~~~~~~~~~~~~~~~~~~~~~~~~~~~~~
../src/power.c: At top level:
../src/power.c:264:13: warning: 'PLX_PWR_isSafe' defined but not used [-Wunused-function]
  264 | static bool PLX_PWR_isSafe()
      |             ^~~~~~~~~~~~~~
arm-none-eabi-gcc "../app/syscalls.c" -mcpu=cortex-m4 -std=gnu11 -g3 -DSTM32G474xx -DUSE_HAL_DRIVER -DUSE_FULL_LL_DRIVER -DDEBUG -DEXTERNAL_MODE -c -I"C:/Users/raphael.baumeler/STM32CubeIDE/workspace_1.15.1/cube_g474_v1_4/app" -I"C:/Users/raphael.baumeler/STM32CubeIDE/workspace_1.15.1/cube_g474_v1_4/app/474re" -I"C:/Users/raphael.baumeler/STM32CubeIDE/workspace_1.15.1/cube_g474_v1_4/pil" -I"C:/Users/raphael.baumeler/STM32CubeIDE/workspace_1.15.1/cube_g474_v1_4/inc" -I"C:/Users/raphael.baumeler/STM32CubeIDE/workspace_1.15.1/cube_g474_v1_4/inc_impl" -I"C:/Users/raphael.baumeler/STM32CubeIDE/workspace_1.15.1/cube_g474_v1_4/system" -I"C:/Users/raphael.baumeler/STM32CubeIDE/workspace_1.15.1/cube_g474_v1_4/system/cmsis/include" -I"C:/Users/raphael.baumeler/STM32CubeIDE/workspace_1.15.1/cube_g474_v1_4/system/driver/inc" -I"C:/Users/raphael.baumeler/STM32CubeIDE/workspace_1.15.1/cube_g474_v1_4/system/freertos/include" -I"C:/Users/raphael.baumeler/STM32CubeIDE/workspace_1.15.1/cube_g474_v1_4/system/freertos/portable/GCC/ARM_CM4F" -I"C:/Users/raphael.baumeler/STM32CubeIDE/workspace_1.15.1/cube_g474_v1_4/system/freertos/CMSIS_RTOS" -I"C:/Users/raphael.baumeler/STM32CubeIDE/workspace_1.15.1/cube_g474_v1_4/cg" -include"C:/Users/raphael.baumeler/STM32CubeIDE/workspace_1.15.1/cube_g474_v1_4/cg/plx_defines.h" -Ofast -ffunction-sections -fdata-sections -Wall -fstack-usage -fcyclomatic-complexity -MMD -MP -MF"app/syscalls.d" -MT"app/syscalls.o" --specs=nano.specs -mfpu=fpv4-sp-d16 -mfloat-abi=softfp -mthumb -o "app/syscalls.o"
arm-none-eabi-gcc -o "cube_g474_v1_4.elf" @"objects.list"  -lpil -mcpu=cortex-m4 -T"C:\Users\raphael.baumeler\STM32CubeIDE\workspace_1.15.1\cube_g474_v1_4\app\474re\STM32G474RETX_FLASH.ld" --specs=nosys.specs -Wl,-Map="cube_g474_v1_4.map" -Wl,--gc-sections -static -L"C:\Users\raphael.baumeler\STM32CubeIDE\workspace_1.15.1\cube_g474_v1_4\pil" --specs=nano.specs -mfpu=fpv4-sp-d16 -mfloat-abi=softfp -mthumb -Wl,--start-group -lc -lm -Wl,--end-group
C:/ST/STM32CubeIDE_1.14.1/STM32CubeIDE/plugins/com.st.stm32cube.ide.mcu.externaltools.gnu-tools-for-stm32.12.3.rel1.win32_1.0.100.202403111256/tools/bin/../lib/gcc/arm-none-eabi/12.3.1/../../../../arm-none-eabi/bin/ld.exe: warning: cube_g474_v1_4.elf has a LOAD segment with RWX permissions
Finished building target: cube_g474_v1_4.elf
 
arm-none-eabi-size  cube_g474_v1_4.elf 
arm-none-eabi-objdump -h -S cube_g474_v1_4.elf  > "cube_g474_v1_4.list"
   text	   data	    bss	    dec	    hex	filename
  10844	     20	   1960	  12824	   3218	cube_g474_v1_4.elf
Finished building: default.size.stdout
 
Finished building: cube_g474_v1_4.list
 
Copy binary to codegen folder:
cp "cube_g474_v1_4.elf" "C:/Users/raphael.baumeler/OneDrive - OST/MSE/4.Semester/Projektarbeit2/PLECS\STM32_StateMachine_Test_codegen/Subsystem.elf"

12:04:22 Build Finished. 0 errors, 3 warnings. (took 17s.821ms)

